Component: ARM Compiler 5.06 update 6 (build 750) Tool: armlink [4d35ed]

==============================================================================

Section Cross References

    main.o(i.advertising_start) refers to peer_manager.o(i.pm_peers_delete) for pm_peers_delete
    main.o(i.advertising_start) refers to ble_advertising.o(i.ble_advertising_start) for ble_advertising_start
    main.o(i.advertising_start) refers to app_error.o(i.app_error_handler_bare) for app_error_handler_bare
    main.o(i.advertising_start) refers to main.o(.bss) for .bss
    main.o(i.application_timers_start) refers to tasks.o(i.xTaskGetTickCount) for xTaskGetTickCount
    main.o(i.application_timers_start) refers to timers.o(i.xTimerGenericCommand) for xTimerGenericCommand
    main.o(i.application_timers_start) refers to app_error.o(i.app_error_handler_bare) for app_error_handler_bare
    main.o(i.application_timers_start) refers to main.o(.data) for .data
    main.o(i.assert_nrf_callback) refers to app_error_handler_keil.o(.emb_text) for app_error_handler
    main.o(i.battery_level_meas_timeout_handler) refers to sensorsim.o(i.sensorsim_measure) for sensorsim_measure
    main.o(i.battery_level_meas_timeout_handler) refers to ble_bas.o(i.ble_bas_battery_level_update) for ble_bas_battery_level_update
    main.o(i.battery_level_meas_timeout_handler) refers to app_error.o(i.app_error_handler_bare) for app_error_handler_bare
    main.o(i.battery_level_meas_timeout_handler) refers to main.o(.bss) for .bss
    main.o(i.battery_level_meas_timeout_handler) refers to main.o(.data) for .data
    main.o(i.ble_evt_handler) refers to bsp.o(i.bsp_indication_set) for bsp_indication_set
    main.o(i.ble_evt_handler) refers to app_error.o(i.app_error_handler_bare) for app_error_handler_bare
    main.o(i.ble_evt_handler) refers to nrf_ble_qwr.o(i.nrf_ble_qwr_conn_handle_assign) for nrf_ble_qwr_conn_handle_assign
    main.o(i.ble_evt_handler) refers to main.o(.data) for .data
    main.o(i.ble_evt_handler) refers to main.o(.bss) for .bss
    main.o(i.bsp_event_handler) refers to main.o(i.sleep_mode_enter) for sleep_mode_enter
    main.o(i.bsp_event_handler) refers to app_error.o(i.app_error_handler_bare) for app_error_handler_bare
    main.o(i.bsp_event_handler) refers to ble_advertising.o(i.ble_advertising_restart_without_whitelist) for ble_advertising_restart_without_whitelist
    main.o(i.bsp_event_handler) refers to main.o(.data) for .data
    main.o(i.bsp_event_handler) refers to main.o(.bss) for .bss
    main.o(i.conn_params_error_handler) refers to app_error.o(i.app_error_handler_bare) for app_error_handler_bare
    main.o(i.gap_params_init) refers to app_error.o(i.app_error_handler_bare) for app_error_handler_bare
    main.o(i.heart_rate_meas_timeout_handler) refers to sensorsim.o(i.sensorsim_measure) for sensorsim_measure
    main.o(i.heart_rate_meas_timeout_handler) refers to ble_hrs.o(i.ble_hrs_heart_rate_measurement_send) for ble_hrs_heart_rate_measurement_send
    main.o(i.heart_rate_meas_timeout_handler) refers to app_error.o(i.app_error_handler_bare) for app_error_handler_bare
    main.o(i.heart_rate_meas_timeout_handler) refers to main.o(.bss) for .bss
    main.o(i.heart_rate_meas_timeout_handler) refers to main.o(.data) for .data
    main.o(i.main) refers to main.o(i.nrf_gpio_pin_port_decode) for nrf_gpio_pin_port_decode
    main.o(i.main) refers to main.o(i.nrf_delay_ms) for nrf_delay_ms
    main.o(i.main) refers to nrf_drv_clock.o(i.nrf_drv_clock_init) for nrf_drv_clock_init
    main.o(i.main) refers to app_error.o(i.app_error_handler_bare) for app_error_handler_bare
    main.o(i.main) refers to main.o(i.spi_init) for spi_init
    main.o(i.main) refers to nrf_sdh.o(i.nrf_sdh_enable_request) for nrf_sdh_enable_request
    main.o(i.main) refers to nrf_sdh_ble.o(i.nrf_sdh_ble_default_cfg_set) for nrf_sdh_ble_default_cfg_set
    main.o(i.main) refers to nrf_sdh_ble.o(i.nrf_sdh_ble_enable) for nrf_sdh_ble_enable
    main.o(i.main) refers to main.o(i.timers_init) for timers_init
    main.o(i.main) refers to bsp.o(i.bsp_init) for bsp_init
    main.o(i.main) refers to bsp_btn_ble.o(i.bsp_btn_ble_init) for bsp_btn_ble_init
    main.o(i.main) refers to main.o(i.gap_params_init) for gap_params_init
    main.o(i.main) refers to nrf_ble_gatt.o(i.nrf_ble_gatt_init) for nrf_ble_gatt_init
    main.o(i.main) refers to memseta.o(.text) for __aeabi_memclr4
    main.o(i.main) refers to ble_advertising.o(i.ble_advertising_init) for ble_advertising_init
    main.o(i.main) refers to ble_advertising.o(i.ble_advertising_conn_cfg_tag_set) for ble_advertising_conn_cfg_tag_set
    main.o(i.main) refers to main.o(i.services_init) for services_init
    main.o(i.main) refers to main.o(i.sensor_simulator_init) for sensor_simulator_init
    main.o(i.main) refers to ble_conn_params.o(i.ble_conn_params_init) for ble_conn_params_init
    main.o(i.main) refers to main.o(i.peer_manager_init) for peer_manager_init
[...]
    sdh_ble_observers0$$Limit                0x0005f830   Number         0  ble_conn_state.o(sdh_ble_observers0)
    sdh_ble_observers1$$Base                 0x0005f830   Number         0  main.o(sdh_ble_observers1)
    sdh_ble_observers1$$Limit                0x0005f858   Number         0  peer_manager.o(sdh_ble_observers1)
    sdh_ble_observers2$$Base                 0x0005f858   Number         0  main.o(sdh_ble_observers2)
    sdh_ble_observers2$$Limit                0x0005f870   Number         0  main.o(sdh_ble_observers2)
    sdh_ble_observers3$$Base                 0x0005f870   Number         0  main.o(sdh_ble_observers3)
    m_req_obs                                0x0005f878   Data           8  nrf_fstorage_sd.o(sdh_req_observers0)
    sdh_ble_observers3$$Limit                0x0005f878   Number         0  main.o(sdh_ble_observers3)
    sdh_req_observers0$$Base                 0x0005f878   Number         0  nrf_fstorage_sd.o(sdh_req_observers0)
    sdh_req_observers0$$Limit                0x0005f880   Number         0  nrf_fstorage_sd.o(sdh_req_observers0)
    sdh_soc_observers0$$Base                 0x0005f880   Number         0  nrf_drv_clock.o(sdh_soc_observers0)
    sdh_soc_observers0$$Limit                0x0005f890   Number         0  nrf_fstorage_sd.o(sdh_soc_observers0)
    sdh_stack_observers0$$Base               0x0005f890   Number         0  nrf_sdh_ble.o(sdh_stack_observers0)
    sdh_stack_observers0$$Limit              0x0005f8a0   Number         0  nrf_sdh_soc.o(sdh_stack_observers0)
    sdh_state_observers0$$Base               0x0005f8a0   Number         0  nrf_drv_clock.o(sdh_state_observers0)
    sdh_state_observers0$$Limit              0x0005f8b0   Number         0  nrf_fstorage_sd.o(sdh_state_observers0)
    Image$$RW_IRAM1$$Base                    0x20005978   Number         0  anon$$obj.o ABSOLUTE
    pxCurrentTCB                             0x200059e4   Data           4  tasks.o(.data)
    SystemCoreClock                          0x20005b98   Data           4  system_nrf52840.o(.data)
    __microlib_freelist                      0x20005b9c   Data           4  mvars.o(.data)
    __microlib_freelist_initialised          0x20005ba0   Data           4  mvars.o(.data)
    fs_data$$Base                            0x20005ba4   Number         0  fds.o(fs_data)
    m_fs                                     0x20005ba4   Data          20  fds.o(fs_data)
    fs_data$$Limit                           0x20005bb8   Number         0  fds.o(fs_data)
    ST7789FB8                                0x200060a0   Data       65534  main.o(.bss)
    xQueueRegistry                           0x2001710c   Data          16  queue.o(.bss)
    nrf_nvic_state                           0x200176d8   Data          12  app_util_platform.o(.bss)
    __heap_base                              0x20017888   Data           0  arm_startup_nrf52840.o(HEAP)
    STACK$$Base                              0x20017c88   Number         0  arm_startup_nrf52840.o(STACK)
    __heap_limit                             0x20017c88   Data           0  arm_startup_nrf52840.o(HEAP)
    STACK$$Limit                             0x20018488   Number         0  arm_startup_nrf52840.o(STACK)
    __initial_sp                             0x20018488   Data           0  arm_startup_nrf52840.o(STACK)



==============================================================================

Memory Map of the image

  Image Entry point : 0x00027201

  Load Region LR_IROM1 (Base: 0x00027000, Size: 0x00038af0, Max: 0x000d9000, ABSOLUTE, COMPRESSED[0x000388ec])

    Execution Region ER_IROM1 (Exec base: 0x00027000, Load base: 0x00027000, Size: 0x000388b0, Max: 0x000d9000, ABSOLUTE)

    Exec Addr    Load Addr    Size         Type   Attr      Idx    E Section Name        Object

    0x00027000   0x00027000   0x00000200   Data   RO         9457    RESET               arm_startup_nrf52840.o
    0x00027200   0x00027200   0x00000000   Code   RO         9557  * .ARM.Collect$$$$00000000  mc_w.l(entry.o)
    0x00027200   0x00027200   0x00000004   Code   RO         9968    .ARM.Collect$$$$00000001  mc_w.l(entry2.o)
    0x00027204   0x00027204   0x00000004   Code   RO         9971    .ARM.Collect$$$$00000004  mc_w.l(entry5.o)
    0x00027208   0x00027208   0x00000000   Code   RO         9973    .ARM.Collect$$$$00000008  mc_w.l(entry7b.o)
    0x00027208   0x00027208   0x00000000   Code   RO         9975    .ARM.Collect$$$$0000000A  mc_w.l(entry8b.o)
    0x00027208   0x00027208   0x00000008   Code   RO         9976    .ARM.Collect$$$$0000000B  mc_w.l(entry9a.o)
    0x00027210   0x00027210   0x00000000   Code   RO         9978    .ARM.Collect$$$$0000000D  mc_w.l(entry10a.o)
    0x00027210   0x00027210   0x00000000   Code   RO         9980    .ARM.Collect$$$$0000000F  mc_w.l(entry11a.o)
    0x00027210   0x00027210   0x00000004   Code   RO         9969    .ARM.Collect$$$$00002712  mc_w.l(entry2.o)
    0x00027214   0x00027214   0x000000a0   Code   RO         1084    .emb_text           port.o
    0x000272b4   0x000272b4   0x00000034   Code   RO         6753    .emb_text           hardfault_handler_keil.o
    0x000272e8   0x000272e8   0x000000c8   Code   RO         6841    .emb_text           nrf_atfifo.o
    0x000273b0   0x000273b0   0x000000e2   Code   RO         6977    .emb_text           nrf_atomic.o
    0x00027492   0x00027492   0x00000002   PAD
    0x00027494   0x00027494   0x00000024   Code   RO         9458    .text               arm_startup_nrf52840.o
    0x000274b8   0x000274b8   0x0000001e   Code   RO         9577    .text               mc_w.l(llshl.o)
    0x000274d6   0x000274d6   0x00000040   Code   RO         9594    .text               mc_w.l(memmovea.o)
    0x00027516   0x00027516   0x00000024   Code   RO         9596    .text               mc_w.l(memseta.o)
    0x0002753a   0x0002753a   0x0000000e   Code   RO         9598    .text               mc_w.l(strlen.o)
    0x00027548   0x00027548   0x0000001a   Code   RO         9602    .text               mc_w.l(memcmp.o)
    0x00027562   0x00027562   0x0000014e   Code   RO         9901    .text               mf_w.l(dadd.o)
    0x000276b0   0x000276b0   0x000000e4   Code   RO         9903    .text               mf_w.l(dmul.o)
    0x00027794   0x00027794   0x000000de   Code   RO         9905    .text               mf_w.l(ddiv.o)
    0x00027872   0x00027872   0x0000002c   Code   RO         9994    .text               mc_w.l(uidiv.o)
    0x0002789e   0x0002789e   0x00000062   Code   RO         9996    .text               mc_w.l(uldiv.o)
    0x00027900   0x00027900   0x00000020   Code   RO         9998    .text               mc_w.l(llushr.o)
    0x00027920   0x00027920   0x00000024   Code   RO        10000    .text               mc_w.l(llsshr.o)
    0x00027944   0x00027944   0x00000000   Code   RO        10017    .text               mc_w.l(iusefp.o)
    0x00027944   0x00027944   0x000000ba   Code   RO        10019    .text               mf_w.l(depilogue.o)
    0x000279fe   0x000279fe   0x00000030   Code   RO        10025    .text               mf_w.l(dfixul.o)
    0x00027a2e   0x00027a2e   0x00000002   PAD
    0x00027a30   0x00027a30   0x00000030   Code   RO        10027    .text               mf_w.l(cdrcmple.o)
    0x00027a60   0x00027a60   0x00000024   Code   RO        10029    .text               mc_w.l(init.o)
    0x00027a84   0x00027a84   0x00000056   Code   RO        10042    .text               mc_w.l(__dczerorl2.o)
    0x00027ada   0x00027ada   0x00000002   PAD
    0x00027adc   0x00027adc   0x000000a4   Code   RO         4917    i.GPIOTE_IRQHandler  nrfx_gpiote.o
    0x00027b80   0x00027b80   0x0000001c   Code   RO         6775    i.HardFault_c_handler  hardfault_implementation.o
    0x00027b9c   0x00027b9c   0x00000024   Code   RO         6776    i.HardFault_process  hardfault_implementation.o
    0x00027bc0   0x00027bc0   0x00000058   Code   RO         4781    i.POWER_CLOCK_IRQHandler  nrfx_clock.o
    0x00027c18   0x00027c18   0x00000030   Code   RO         8406    i.RTC0_IRQHandler   calendarlib.o
    0x00027c48   0x00027c48   0x00000068   Code   RO         1169    i.RTC1_IRQHandler   port_cmsis_systick.o
    0x00027cb0   0x00027cb0   0x00000010   Code   RO         5951    i.SPIM0_SPIS0_TWIM0_TWIS0_SPI0_TWI0_IRQHandler  nrfx_spim.o
    0x00027cc0   0x00027cc0   0x00000010   Code   RO         5736    i.SPIM1_SPIS1_TWIM1_TWIS1_SPI1_TWI1_IRQHandler  nrfx_twi.o
    0x00027cd0   0x00027cd0   0x00000010   Code   RO         5952    i.SPIM3_IRQHandler  nrfx_spim.o
    0x00027ce0   0x00027ce0   0x00000016   Code   RO         9275    i.ST7789ColorModeSet  st7789lib.o
    0x00027cf6   0x00027cf6   0x0000000c   Code   RO         9276    i.ST7789DisplayPower  st7789lib.o
    0x00027d02   0x00027d02   0x0000006a   Code   RO         9277    i.ST7789DrawPartXY  st7789lib.o
    0x00027d6c   0x00027d6c   0x00000024   Code   RO         9279    i.ST7789DrawPixel   st7789lib.o
    0x00027d90   0x00027d90   0x00000044   Code   RO         9280    i.ST7789FastClearScreen  st7789lib.o
    0x00027dd4   0x00027dd4   0x00000052   Code   RO         9282    i.ST7789FillRect    st7789lib.o
    0x00027e26   0x00027e26   0x00000012   Code   RO         9283    i.ST7789FillScreen  st7789lib.o
    0x00027e38   0x00027e38   0x00000020   Code   RO         9284    i.ST7789GammaSet    st7789lib.o
    0x00027e58   0x00027e58   0x0000001e   Code   RO         9285    i.ST7789HardReset   st7789lib.o
    0x00027e76   0x00027e76   0x00000062   Code   RO         9286    i.ST7789Init        st7789lib.o
    0x00027ed8   0x00027ed8   0x0000000c   Code   RO         9287    i.ST7789InversionMode  st7789lib.o
    0x00027ee4   0x00027ee4   0x0000005e   Code   RO         9288    i.ST7789MemAccessModeSet  st7789lib.o
    0x00027f42   0x00027f42   0x00000002   PAD
    0x00027f44   0x00027f44   0x00000048   Code   RO         9289    i.ST7789RamWrite    st7789lib.o
    0x00027f8c   0x00027f8c   0x00000034   Code   RO         9290    i.ST7789SendCommand  st7789lib.o
    0x00027fc0   0x00027fc0   0x00000028   Code   RO         9291    i.ST7789SendData    st7789lib.o
    0x00027fe8   0x00027fe8   0x0000002c   Code   RO         9293    i.ST7789SetDrvSpi   st7789lib.o
    0x00028014   0x00028014   0x00000064   Code   RO         9294    i.ST7789SetWindow   st7789lib.o
    0x00028078   0x00028078   0x0000001a   Code   RO         9295    i.ST7789SleepMode   st7789lib.o
    0x00028092   0x00028092   0x00000012   Code   RO         9296    i.ST7789SoftReset   st7789lib.o
    0x000280a4   0x000280a4   0x00000034   Code   RO         8292    i.SWI2_EGU2_IRQHandler  nrf_sdh_freertos.o
    0x000280d8   0x000280d8   0x000001d4   Code   RO         9466    i.SystemInit        system_nrf52840.o
    0x000282ac   0x000282ac   0x0000000c   Code   RO         5239    i.UARTE0_UART0_IRQHandler  nrfx_prs.o
    0x000282b8   0x000282b8   0x00000028   Code   RO         9845    i.__0sprintf        mc_w.l(printfa.o)
    0x000282e0   0x000282e0   0x0000002c   Code   RO         9848    i.__0vsnprintf      mc_w.l(printfa.o)
    0x0002830c   0x0002830c   0x00000050   Code   RO         9876    i.__malloc$realloc  mc_w.l(mallocr.o)
    0x0002835c   0x0002835c   0x0000000e   Code   RO        10036    i.__scatterload_copy  mc_w.l(handlers.o)
    0x0002836a   0x0002836a   0x00000002   Code   RO        10037    i.__scatterload_null  mc_w.l(handlers.o)
    0x0002836c   0x0002836c   0x0000000e   Code   RO        10038    i.__scatterload_zeroinit  mc_w.l(handlers.o)
    0x0002837a   0x0002837a   0x00000002   PAD
    0x0002837c   0x0002837c   0x00000024   Code   RO         8128    i.__sd_nvic_app_accessible_irq  nrf_sdh.o
    0x000283a0   0x000283a0   0x00000184   Code   RO         9850    i._fp_digits        mc_w.l(printfa.o)
    0x00028524   0x00028524   0x000006dc   Code   RO         9851    i._printf_core      mc_w.l(printfa.o)
    0x00028c00   0x00028c00   0x00000024   Code   RO         9852    i._printf_post_padding  mc_w.l(printfa.o)
    0x00028c24   0x00028c24   0x0000002e   Code   RO         9853    i._printf_pre_padding  mc_w.l(printfa.o)
    0x00028c52   0x00028c52   0x00000016   Code   RO         9854    i._snputc           mc_w.l(printfa.o)
    0x00028c68   0x00028c68   0x0000000a   Code   RO         9855    i._sputc            mc_w.l(printfa.o)
    0x00028c72   0x00028c72   0x00000026   Code   RO         2883    i.addr_compare      id_manager.o
    0x00028c98   0x00028c98   0x0000000c   Code   RO         7232    i.addr_is_aligned32  nrf_fstorage.o
    0x00028ca4   0x00028ca4   0x00000018   Code   RO         7233    i.addr_is_within_bounds  nrf_fstorage.o
    0x00028cbc   0x00028cbc   0x00000010   Code   RO         2234    i.adv_set_data_size_max_get  ble_advertising.o
    0x00028ccc   0x00028ccc   0x00000036   Code   RO          801    i.advertising_buttons_configure  bsp_btn_ble.o
    0x00028d02   0x00028d02   0x00000002   PAD
    0x00028d04   0x00028d04   0x00000028   Code   RO            4    i.advertising_start  main.o
    0x00028d2c   0x00028d2c   0x00000052   Code   RO         2884    i.ah                id_manager.o
    0x00028d7e   0x00028d7e   0x00000006   Code   RO          684    i.alert_timer_handler  bsp.o
    0x00028d84   0x00028d84   0x0000000c   Code   RO         3961    i.allow_repairing   security_dispatcher.o
    0x00028d90   0x00028d90   0x00000024   Code   RO         6088    i.app_button_enable  app_button.o
    0x00028db4   0x00028db4   0x00000080   Code   RO         6089    i.app_button_init   app_button.o
    0x00028e34   0x00028e34   0x00000030   Code   RO         6243    i.app_error_fault_handler  app_error_weak.o
    0x00028e64   0x00028e64   0x00000016   Code   RO         6183    i.app_error_handler_bare  app_error.o
    0x00028e7a   0x00028e7a   0x00000026   Code   RO         6279    i.app_timer_callback  app_timer_freertos.o
    0x00028ea0   0x00028ea0   0x00000058   Code   RO         6280    i.app_timer_create  app_timer_freertos.o
    0x00028ef8   0x00028ef8   0x00000004   Code   RO         6281    i.app_timer_init    app_timer_freertos.o
    0x00028efc   0x00028efc   0x0000009c   Code   RO         6282    i.app_timer_start   app_timer_freertos.o
    0x00028f98   0x00028f98   0x00000064   Code   RO         6283    i.app_timer_stop    app_timer_freertos.o
    0x00028ffc   0x00028ffc   0x00000048   Code   RO         6329    i.app_util_critical_region_enter  app_util_platform.o
    0x00029044   0x00029044   0x00000034   Code   RO         6330    i.app_util_critical_region_exit  app_util_platform.o
    0x00029078   0x00029078   0x00000080   Code   RO            5    i.application_timers_start  main.o
    0x000290f8   0x000290f8   0x00000004   Code   RO         2632    i.apply_pending_handle  gatt_cache_manager.o
    0x000290fc   0x000290fc   0x000000f4   Code   RO         3962    i.auth_status_success_process  security_dispatcher.o
    0x000291f0   0x000291f0   0x0000009c   Code   RO         4265    i.battery_level_char_add  ble_bas.o
    0x0002928c   0x0002928c   0x00000044   Code   RO            7    i.battery_level_meas_timeout_handler  main.o
    0x000292d0   0x000292d0   0x0000000a   Code   RO         4266    i.battery_notification_send  ble_bas.o
    0x000292da   0x000292da   0x00000182   Code   RO         2128    i.ble_advdata_encode  ble_advdata.o
    0x0002945c   0x0002945c   0x00000020   Code   RO         2130    i.ble_advdata_parse  ble_advdata.o
    0x0002947c   0x0002947c   0x00000046   Code   RO         2131    i.ble_advdata_search  ble_advdata.o
    0x000294c2   0x000294c2   0x00000006   Code   RO         2236    i.ble_advertising_conn_cfg_tag_set  ble_advertising.o
    0x000294c8   0x000294c8   0x000000e8   Code   RO         2237    i.ble_advertising_init  ble_advertising.o
    0x000295b0   0x000295b0   0x0000006a   Code   RO         2239    i.ble_advertising_on_ble_evt  ble_advertising.o
    0x0002961a   0x0002961a   0x0000003a   Code   RO         2241    i.ble_advertising_restart_without_whitelist  ble_advertising.o
    0x00029654   0x00029654   0x00000230   Code   RO         2242    i.ble_advertising_start  ble_advertising.o
    0x00029884   0x00029884   0x000000c0   Code   RO         4267    i.ble_bas_battery_level_update  ble_bas.o
    0x00029944   0x00029944   0x0000003e   Code   RO         4269    i.ble_bas_init      ble_bas.o
    0x00029982   0x00029982   0x00000052   Code   RO         4270    i.ble_bas_on_ble_evt  ble_bas.o
    0x000299d4   0x000299d4   0x00000068   Code   RO         2327    i.ble_conn_params_init  ble_conn_params.o
    0x00029a3c   0x00029a3c   0x0000000c   Code   RO         2401    i.ble_conn_state_conn_handles  ble_conn_state.o
    0x00029a48   0x00029a48   0x00000020   Code   RO         2403    i.ble_conn_state_encrypted  ble_conn_state.o
    0x00029a68   0x00029a68   0x0000002c   Code   RO         2405    i.ble_conn_state_for_each_set_user_flag  ble_conn_state.o
    0x00029a94   0x00029a94   0x00000020   Code   RO         2407    i.ble_conn_state_lesc  ble_conn_state.o
    0x00029ab4   0x00029ab4   0x00000020   Code   RO         2408    i.ble_conn_state_mitm_protected  ble_conn_state.o
    0x00029ad4   0x00029ad4   0x00000024   Code   RO         2411    i.ble_conn_state_role  ble_conn_state.o
    0x00029af8   0x00029af8   0x00000024   Code   RO         2412    i.ble_conn_state_status  ble_conn_state.o
    0x00029b1c   0x00029b1c   0x00000018   Code   RO         2413    i.ble_conn_state_user_flag_acquire  ble_conn_state.o
    0x00029b34   0x00029b34   0x00000030   Code   RO         2414    i.ble_conn_state_user_flag_get  ble_conn_state.o
    0x00029b64   0x00029b64   0x00000038   Code   RO         2415    i.ble_conn_state_user_flag_set  ble_conn_state.o
    0x00029b9c   0x00029b9c   0x00000014   Code   RO         2416    i.ble_conn_state_valid  ble_conn_state.o
    0x00029bb0   0x00029bb0   0x00000060   Code   RO         2134    i.ble_device_addr_encode  ble_advdata.o
    0x00029c10   0x00029c10   0x0000013c   Code   RO         4321    i.ble_dis_init      ble_dis.o
    0x00029d4c   0x00029d4c   0x00000074   Code   RO            8    i.ble_evt_handler   main.o
    0x00029dc0   0x00029dc0   0x00000070   Code   RO          802    i.ble_evt_handler   bsp_btn_ble.o
    0x00029e30   0x00029e30   0x000000fc   Code   RO         2329    i.ble_evt_handler   ble_conn_params.o
    0x00029f2c   0x00029f2c   0x00000118   Code   RO         2417    i.ble_evt_handler   ble_conn_state.o
    0x0002a044   0x0002a044   0x00000028   Code   RO         3514    i.ble_evt_handler   peer_manager.o
    0x0002a06c   0x0002a06c   0x0000005c   Code   RO         4363    i.ble_hrs_heart_rate_measurement_send  ble_hrs.o
    0x0002a0c8   0x0002a0c8   0x000000d4   Code   RO         4364    i.ble_hrs_init      ble_hrs.o
    0x0002a19c   0x0002a19c   0x00000050   Code   RO         4365    i.ble_hrs_on_ble_evt  ble_hrs.o
    0x0002a1ec   0x0002a1ec   0x00000036   Code   RO         4367    i.ble_hrs_rr_interval_add  ble_hrs.o
    0x0002a222   0x0002a222   0x00000006   Code   RO         4369    i.ble_hrs_sensor_contact_detected_update  ble_hrs.o
    0x0002a228   0x0002a228   0x00000012   Code   RO         2570    i.ble_srv_ascii_to_utf8  ble_srv_common.o
    0x0002a23a   0x0002a23a   0x00000008   Code   RO         2572    i.ble_srv_is_notification_enabled  ble_srv_common.o
    0x0002a242   0x0002a242   0x0000000c   Code   RO         2573    i.ble_srv_report_ref_encode  ble_srv_common.o
    0x0002a24e   0x0002a24e   0x00000002   PAD
    0x0002a250   0x0002a250   0x0000000c   Code   RO          559    i.bsp_board_button_idx_to_pin  boards.o
    0x0002a25c   0x0002a25c   0x00000028   Code   RO          560    i.bsp_board_button_state_get  boards.o
    0x0002a284   0x0002a284   0x00000054   Code   RO          561    i.bsp_board_init    boards.o
    0x0002a2d8   0x0002a2d8   0x0000002c   Code   RO          563    i.bsp_board_led_invert  boards.o
    0x0002a304   0x0002a304   0x00000010   Code   RO          564    i.bsp_board_led_off  boards.o
    0x0002a314   0x0002a314   0x00000010   Code   RO          565    i.bsp_board_led_on  boards.o
    0x0002a324   0x0002a324   0x00000028   Code   RO          566    i.bsp_board_led_state_get  boards.o
    0x0002a34c   0x0002a34c   0x00000012   Code   RO          567    i.bsp_board_leds_off  boards.o
    0x0002a35e   0x0002a35e   0x00000012   Code   RO          568    i.bsp_board_leds_on  boards.o
    0x0002a370   0x0002a370   0x00000024   Code   RO          569    i.bsp_board_pin_to_button_idx  boards.o
    0x0002a394   0x0002a394   0x00000038   Code   RO          803    i.bsp_btn_ble_init  bsp_btn_ble.o
    0x0002a3cc   0x0002a3cc   0x0000001e   Code   RO          804    i.bsp_btn_ble_sleep_mode_prepare  bsp_btn_ble.o
    0x0002a3ea   0x0002a3ea   0x00000002   PAD
    0x0002a3ec   0x0002a3ec   0x00000090   Code   RO          685    i.bsp_button_event_handler  bsp.o
    0x0002a47c   0x0002a47c   0x0000000c   Code   RO          686    i.bsp_button_is_pressed  bsp.o
    0x0002a488   0x0002a488   0x0000004c   Code   RO            9    i.bsp_event_handler  main.o
    0x0002a4d4   0x0002a4d4   0x00000044   Code   RO          689    i.bsp_event_to_button_action_assign  bsp.o
    0x0002a518   0x0002a518   0x00000018   Code   RO          690    i.bsp_indication_set  bsp.o
    0x0002a530   0x0002a530   0x00000094   Code   RO          691    i.bsp_init          bsp.o
    0x0002a5c4   0x0002a5c4   0x000001a8   Code   RO          692    i.bsp_led_indication  bsp.o
    0x0002a76c   0x0002a76c   0x00000006   Code   RO          694    i.bsp_wakeup_button_enable  bsp.o
    0x0002a772   0x0002a772   0x00000002   PAD
    0x0002a774   0x0002a774   0x00000028   Code   RO         6091    i.button_get        app_button.o
    0x0002a79c   0x0002a79c   0x00000008   Code   RO          695    i.button_timer_handler  bsp.o
    0x0002a7a4   0x0002a7a4   0x00000028   Code   RO         2633    i.car_update_needed  gatt_cache_manager.o
    0x0002a7cc   0x0002a7cc   0x00000040   Code   RO         2634    i.car_update_pending_handle  gatt_cache_manager.o
    0x0002a80c   0x0002a80c   0x0000001c   Code   RO         4918    i.channel_free      nrfx_gpiote.o
    0x0002a828   0x0002a828   0x00000048   Code   RO         4919    i.channel_port_alloc  nrfx_gpiote.o
    0x0002a870   0x0002a870   0x00000010   Code   RO         4920    i.channel_port_get  nrfx_gpiote.o
    0x0002a880   0x0002a880   0x00000060   Code   RO         4322    i.char_add          ble_dis.o
    0x0002a8e0   0x0002a8e0   0x00000190   Code   RO         2574    i.characteristic_add  ble_srv_common.o
    0x0002aa70   0x0002aa70   0x0000003e   Code   RO         3424    i.claim             peer_id.o
    0x0002aaae   0x0002aaae   0x00000002   PAD
    0x0002aab0   0x0002aab0   0x00000028   Code   RO         4439    i.clock_clk_started_notify  nrf_drv_clock.o
    0x0002aad8   0x0002aad8   0x0000001c   Code   RO         4440    i.clock_irq_handler  nrf_drv_clock.o
    0x0002aaf4   0x0002aaf4   0x0000003e   Code   RO         2418    i.conn_handle_list_get  ble_conn_state.o
    0x0002ab32   0x0002ab32   0x00000088   Code   RO         2135    i.conn_int_encode   ble_advdata.o
    0x0002abba   0x0002abba   0x00000004   Code   RO           10    i.conn_params_error_handler  main.o
    0x0002abbe   0x0002abbe   0x00000002   PAD
    0x0002abc0   0x0002abc0   0x00000048   Code   RO         2330    i.conn_params_negotiation  ble_conn_params.o
    0x0002ac08   0x0002ac08   0x00000044   Code   RO         3963    i.conn_sec_failure  security_dispatcher.o
    0x0002ac4c   0x0002ac4c   0x0000004e   Code   RO         3819    i.conn_secure       peer_manager_handler.o
    0x0002ac9a   0x0002ac9a   0x0000001e   Code   RO         3045    i.data_length_update  nrf_ble_gatt.o
    0x0002acb8   0x0002acb8   0x00000080   Code   RO         2635    i.db_update_pending_handle  gatt_cache_manager.o
    0x0002ad38   0x0002ad38   0x0000008c   Code   RO         6424    i.delete_execute    fds.o
    0x0002adc4   0x0002adc4   0x000000aa   Code   RO         2575    i.descriptor_add    ble_srv_common.o
    0x0002ae6e   0x0002ae6e   0x00000002   PAD
    0x0002ae70   0x0002ae70   0x00000048   Code   RO         6092    i.detection_delay_timeout_handler  app_button.o
    0x0002aeb8   0x0002aeb8   0x00000012   Code   RO         8476    i.dispcolor_DrawChar  dispcolor.o
    0x0002aeca   0x0002aeca   0x00000012   Code   RO         8477    i.dispcolor_DrawChar_Bg  dispcolor.o
    0x0002aedc   0x0002aedc   0x000000e6   Code   RO         8478    i.dispcolor_DrawChar_General  dispcolor.o
    0x0002afc2   0x0002afc2   0x00000002   PAD
    0x0002afc4   0x0002afc4   0x0000009e   Code   RO         8479    i.dispcolor_DrawCircle  dispcolor.o
    0x0002b062   0x0002b062   0x0000000c   Code   RO         8483    i.dispcolor_DrawPartXY  dispcolor.o
    0x0002b06e   0x0002b06e   0x00000004   Code   RO         8485    i.dispcolor_DrawPixel  dispcolor.o
    0x0002b072   0x0002b072   0x00000078   Code   RO         8490    i.dispcolor_DrawString_General  dispcolor.o
    0x0002b0ea   0x0002b0ea   0x00000004   Code   RO         8492    i.dispcolor_FillScreen  dispcolor.o
    0x0002b0ee   0x0002b0ee   0x00000032   Code   RO         8494    i.dispcolor_printf  dispcolor.o
    0x0002b120   0x0002b120   0x00000030   Code   RO         1567    i.eTaskConfirmSleepModeStatus  tasks.o
    0x0002b150   0x0002b150   0x0000000a   Code   RO         3964    i.encryption_failure  security_dispatcher.o
    0x0002b15a   0x0002b15a   0x00000002   PAD
    0x0002b15c   0x0002b15c   0x0000004c   Code   RO         7318    i.erase             nrf_fstorage_sd.o
    0x0002b1a8   0x0002b1a8   0x00000074   Code   RO         6425    i.event_prepare     fds.o
    0x0002b21c   0x0002b21c   0x00000020   Code   RO         6426    i.event_send        fds.o
    0x0002b23c   0x0002b23c   0x00000054   Code   RO         7319    i.event_send        nrf_fstorage_sd.o
    0x0002b290   0x0002b290   0x00000058   Code   RO         4094    i.events_send_from_err_code  security_manager.o
    0x0002b2e8   0x0002b2e8   0x000000e0   Code   RO         6093    i.evt_handle        app_button.o
    0x0002b3c8   0x0002b3c8   0x0000001c   Code   RO         2636    i.evt_send          gatt_cache_manager.o
    0x0002b3e4   0x0002b3e4   0x0000001c   Code   RO         2792    i.evt_send          gatts_cache_manager.o
    0x0002b400   0x0002b400   0x0000002c   Code   RO         3515    i.evt_send          peer_manager.o
    0x0002b42c   0x0002b42c   0x0000001c   Code   RO         3965    i.evt_send          security_dispatcher.o
    0x0002b448   0x0002b448   0x0000000c   Code   RO         4095    i.evt_send          security_manager.o
    0x0002b454   0x0002b454   0x00000010   Code   RO         8657    i.f10x16f_GetCharTable  f16f.o
    0x0002b464   0x0002b464   0x00000024   Code   RO         8675    i.f24f_GetCharTable  f24f.o
    0x0002b488   0x0002b488   0x00000020   Code   RO         8693    i.f32f_GetCharTable  f32f.o
    0x0002b4a8   0x0002b4a8   0x00000010   Code   RO         8639    i.f6x8m_GetCharTable  f6x8m.o
    0x0002b4b8   0x0002b4b8   0x000000e0   Code   RO         3173    i.fds_evt_handler   peer_data_storage.o
    0x0002b598   0x0002b598   0x00000048   Code   RO         6428    i.fds_file_delete   fds.o
    0x0002b5e0   0x0002b5e0   0x00000040   Code   RO         6429    i.fds_gc            fds.o
    0x0002b620   0x0002b620   0x000000e4   Code   RO         6430    i.fds_init          fds.o
    0x0002b704   0x0002b704   0x00000048   Code   RO         6431    i.fds_record_close  fds.o
    0x0002b74c   0x0002b74c   0x0000000e   Code   RO         6433    i.fds_record_find   fds.o
    0x0002b75a   0x0002b75a   0x00000010   Code   RO         6434    i.fds_record_find_by_key  fds.o
    0x0002b76a   0x0002b76a   0x00000010   Code   RO         6435    i.fds_record_find_in_file  fds.o
    0x0002b77a   0x0002b77a   0x00000012   Code   RO         6436    i.fds_record_id_from_desc  fds.o
    0x0002b78c   0x0002b78c   0x0000004c   Code   RO         6438    i.fds_record_open   fds.o
    0x0002b7d8   0x0002b7d8   0x00000010   Code   RO         6439    i.fds_record_update  fds.o
    0x0002b7e8   0x0002b7e8   0x00000008   Code   RO         6440    i.fds_record_write  fds.o
    0x0002b7f0   0x0002b7f0   0x00000030   Code   RO         6442    i.fds_register      fds.o
    0x0002b820   0x0002b820   0x000000a0   Code   RO         6445    i.fds_stat          fds.o
    0x0002b8c0   0x0002b8c0   0x00000014   Code   RO         3174    i.file_id_within_pm_range  peer_data_storage.o
    0x0002b8d4   0x0002b8d4   0x00000012   Code   RO         3966    i.flag_id_init      security_dispatcher.o
    0x0002b8e6   0x0002b8e6   0x00000012   Code   RO         4096    i.flag_id_init      security_manager.o
    0x0002b8f8   0x0002b8f8   0x0000000a   Code   RO         2419    i.flag_toggle       ble_conn_state.o
    0x0002b902   0x0002b902   0x00000028   Code   RO         2244    i.flags_set         ble_advertising.o
    0x0002b92a   0x0002b92a   0x00000002   PAD
    0x0002b92c   0x0002b92c   0x00000030   Code   RO         4097    i.flags_set_from_err_code  security_manager.o
    0x0002b95c   0x0002b95c   0x00000004   Code   RO         8711    i.font_GetCharHeight  font.o
    0x0002b960   0x0002b960   0x00000004   Code   RO         8712    i.font_GetCharWidth  font.o
    0x0002b964   0x0002b964   0x00000010   Code   RO         8713    i.font_GetFontStruct  font.o
    0x0002b974   0x0002b974   0x00000030   Code   RO         2420    i.for_each_set_flag  ble_conn_state.o
    0x0002b9a4   0x0002b9a4   0x00000006   Code   RO         6446    i.fs_event_handler  fds.o
    0x0002b9aa   0x0002b9aa   0x00000002   PAD
    0x0002b9ac   0x0002b9ac   0x00000070   Code   RO           11    i.gap_params_init   main.o
    0x0002ba1c   0x0002ba1c   0x00000080   Code   RO         6447    i.gc_execute        fds.o
    0x0002ba9c   0x0002ba9c   0x0000004c   Code   RO         6448    i.gc_next_page      fds.o
    0x0002bae8   0x0002bae8   0x00000040   Code   RO         6449    i.gc_page_erase     fds.o
    0x0002bb28   0x0002bb28   0x00000034   Code   RO         6450    i.gc_record_copy    fds.o
    0x0002bb5c   0x0002bb5c   0x00000024   Code   RO         6451    i.gc_record_find_next  fds.o
    0x0002bb80   0x0002bb80   0x00000070   Code   RO         6452    i.gc_state_advance  fds.o
    0x0002bbf0   0x0002bbf0   0x00000030   Code   RO         6453    i.gc_swap_pages     fds.o
    0x0002bc20   0x0002bc20   0x00000124   Code   RO         2637    i.gcm_ble_evt_handler  gatt_cache_manager.o
    0x0002bd44   0x0002bd44   0x0000003c   Code   RO         2638    i.gcm_im_evt_handler  gatt_cache_manager.o
    0x0002bd80   0x0002bd80   0x00000074   Code   RO         2639    i.gcm_init          gatt_cache_manager.o
    0x0002bdf4   0x0002bdf4   0x00000088   Code   RO         2642    i.gcm_pdb_evt_handler  gatt_cache_manager.o
    0x0002be7c   0x0002be7c   0x0000003c   Code   RO         6094    i.gpiote_event_handler  app_button.o
    0x0002beb8   0x0002beb8   0x0000001c   Code   RO         2793    i.gscm_db_change_notification_done  gatts_cache_manager.o
    0x0002bed4   0x0002bed4   0x00000014   Code   RO         2794    i.gscm_init         gatts_cache_manager.o
    0x0002bee8   0x0002bee8   0x0000006a   Code   RO         2796    i.gscm_local_db_cache_apply  gatts_cache_manager.o
    0x0002bf52   0x0002bf52   0x00000082   Code   RO         2797    i.gscm_local_db_cache_update  gatts_cache_manager.o
    0x0002bfd4   0x0002bfd4   0x00000018   Code   RO         2798    i.gscm_pdb_evt_handler  gatts_cache_manager.o
    0x0002bfec   0x0002bfec   0x0000001e   Code   RO         2799    i.gscm_service_changed_ind_needed  gatts_cache_manager.o
    0x0002c00a   0x0002c00a   0x00000002   PAD
    0x0002c00c   0x0002c00c   0x00000038   Code   RO         2800    i.gscm_service_changed_ind_send  gatts_cache_manager.o
    0x0002c044   0x0002c044   0x0000002c   Code   RO         6454    i.header_check      fds.o
    0x0002c070   0x0002c070   0x00000012   Code   RO         6455    i.header_has_next   fds.o
    0x0002c082   0x0002c082   0x00000002   PAD
    0x0002c084   0x0002c084   0x00000058   Code   RO           12    i.heart_rate_meas_timeout_handler  main.o
    0x0002c0dc   0x0002c0dc   0x00000098   Code   RO         4371    i.hrm_encode        ble_hrs.o
    0x0002c174   0x0002c174   0x00000046   Code   RO         2885    i.im_address_resolve  id_manager.o
    0x0002c1ba   0x0002c1ba   0x00000002   PAD
    0x0002c1bc   0x0002c1bc   0x00000038   Code   RO         2886    i.im_ble_addr_get   id_manager.o
    0x0002c1f4   0x0002c1f4   0x000000dc   Code   RO         2887    i.im_ble_evt_handler  id_manager.o
    0x0002c2d0   0x0002c2d0   0x00000040   Code   RO         2888    i.im_conn_handle_get  id_manager.o
    0x0002c310   0x0002c310   0x00000038   Code   RO         2890    i.im_find_duplicate_bonding_data  id_manager.o
    0x0002c348   0x0002c348   0x00000072   Code   RO         2893    i.im_is_duplicate_bonding_data  id_manager.o
    0x0002c3ba   0x0002c3ba   0x00000018   Code   RO         2894    i.im_master_id_is_valid  id_manager.o
    0x0002c3d2   0x0002c3d2   0x0000002a   Code   RO         2895    i.im_master_ids_compare  id_manager.o
    0x0002c3fc   0x0002c3fc   0x00000014   Code   RO         2896    i.im_new_peer_id    id_manager.o
    0x0002c410   0x0002c410   0x0000002c   Code   RO         2897    i.im_peer_free      id_manager.o
    0x0002c43c   0x0002c43c   0x00000024   Code   RO         2898    i.im_peer_id_get_by_conn_handle  id_manager.o
    0x0002c460   0x0002c460   0x0000003c   Code   RO         2899    i.im_peer_id_get_by_master_id  id_manager.o
    0x0002c49c   0x0002c49c   0x00000034   Code   RO         7320    i.init              nrf_fstorage_sd.o
    0x0002c4d0   0x0002c4d0   0x000000c8   Code   RO         6456    i.init_execute      fds.o
    0x0002c598   0x0002c598   0x00000014   Code   RO         2331    i.instance_get      ble_conn_params.o
    0x0002c5ac   0x0002c5ac   0x00000050   Code   RO         9877    i.internal_alloc    mc_w.l(mallocr.o)
    0x0002c5fc   0x0002c5fc   0x00000050   Code   RO         5953    i.irq_handler       nrfx_spim.o
    0x0002c64c   0x0002c64c   0x00000010   Code   RO         7321    i.is_busy           nrf_fstorage_sd.o
    0x0002c65c   0x0002c65c   0x00000044   Code   RO         2332    i.is_conn_params_ok  ble_conn_params.o
    0x0002c6a0   0x0002c6a0   0x00000014   Code   RO         2904    i.is_valid_irk      id_manager.o
    0x0002c6b4   0x0002c6b4   0x0000000c   Code   RO         6457    i.is_word_aligned   fds.o
    0x0002c6c0   0x0002c6c0   0x00000016   Code   RO         4441    i.item_enqueue      nrf_drv_clock.o
    0x0002c6d6   0x0002c6d6   0x00000002   PAD
    0x0002c6d8   0x0002c6d8   0x00000030   Code   RO          696    i.leds_off          bsp.o
    0x0002c708   0x0002c708   0x00000014   Code   RO          697    i.leds_timer_handler  bsp.o
    0x0002c71c   0x0002c71c   0x00000014   Code   RO         3046    i.link_init         nrf_ble_gatt.o
    0x0002c730   0x0002c730   0x000000a0   Code   RO         4098    i.link_secure       security_manager.o
    0x0002c7d0   0x0002c7d0   0x00000070   Code   RO         3967    i.link_secure_failure  security_dispatcher.o
    0x0002c840   0x0002c840   0x0000002c   Code   RO         4099    i.link_secure_pending_handle  security_manager.o
    0x0002c86c   0x0002c86c   0x00000068   Code   RO         2643    i.local_db_apply_in_evt  gatt_cache_manager.o
    0x0002c8d4   0x0002c8d4   0x00000010   Code   RO         2644    i.local_db_update   gatt_cache_manager.o
    0x0002c8e4   0x0002c8e4   0x00000314   Code   RO           13    i.main              main.o
    0x0002cbf8   0x0002cbf8   0x00000064   Code   RO         2136    i.manuf_specific_data_encode  ble_advdata.o
    0x0002cc5c   0x0002cc5c   0x00000008   Code   RO         3914    i.mutex_lock_status_get  pm_buffer.o
    0x0002cc64   0x0002cc64   0x000000a6   Code   RO         2137    i.name_encode       ble_advdata.o
    0x0002cd0a   0x0002cd0a   0x00000002   PAD
    0x0002cd0c   0x0002cd0c   0x00000014   Code   RO         4100    i.new_context_get   security_manager.o
    0x0002cd20   0x0002cd20   0x00000032   Code   RO         4101    i.new_evt           security_manager.o
    0x0002cd52   0x0002cd52   0x00000030   Code   RO         3425    i.next_id_get       peer_id.o
    0x0002cd82   0x0002cd82   0x00000010   Code   RO         6843    i.nrf_atfifo_clear  nrf_atfifo.o
    0x0002cd92   0x0002cd92   0x00000026   Code   RO         6845    i.nrf_atfifo_init   nrf_atfifo.o
    0x0002cdb8   0x0002cdb8   0x00000016   Code   RO         6846    i.nrf_atfifo_item_alloc  nrf_atfifo.o
    0x0002cdce   0x0002cdce   0x00000016   Code   RO         6847    i.nrf_atfifo_item_free  nrf_atfifo.o
    0x0002cde4   0x0002cde4   0x00000016   Code   RO         6848    i.nrf_atfifo_item_get  nrf_atfifo.o
    0x0002cdfa   0x0002cdfa   0x00000016   Code   RO         6849    i.nrf_atfifo_item_put  nrf_atfifo.o
    0x0002ce10   0x0002ce10   0x00000016   Code   RO         6911    i.nrf_atflags_clear  nrf_atflags.o
    0x0002ce26   0x0002ce26   0x00000020   Code   RO         6913    i.nrf_atflags_fetch_set  nrf_atflags.o
    0x0002ce46   0x0002ce46   0x0000004a   Code   RO         6915    i.nrf_atflags_find_and_set_flag  nrf_atflags.o
    0x0002ce90   0x0002ce90   0x00000016   Code   RO         6916    i.nrf_atflags_get   nrf_atflags.o
    0x0002cea6   0x0002cea6   0x00000014   Code   RO         6918    i.nrf_atflags_set   nrf_atflags.o
    0x0002ceba   0x0002ceba   0x00000006   Code   RO         6981    i.nrf_atomic_flag_set_fetch  nrf_atomic.o
    0x0002cec0   0x0002cec0   0x0000000c   Code   RO         6982    i.nrf_atomic_u32_add  nrf_atomic.o
    0x0002cecc   0x0002cecc   0x0000000c   Code   RO         6983    i.nrf_atomic_u32_and  nrf_atomic.o
    0x0002ced8   0x0002ced8   0x0000000a   Code   RO         6985    i.nrf_atomic_u32_fetch_add  nrf_atomic.o
    0x0002cee2   0x0002cee2   0x0000000a   Code   RO         6987    i.nrf_atomic_u32_fetch_or  nrf_atomic.o
    0x0002ceec   0x0002ceec   0x0000000a   Code   RO         6988    i.nrf_atomic_u32_fetch_store  nrf_atomic.o
    0x0002cef6   0x0002cef6   0x0000000c   Code   RO         6992    i.nrf_atomic_u32_or  nrf_atomic.o
    0x0002cf02   0x0002cf02   0x0000000c   Code   RO         6994    i.nrf_atomic_u32_sub  nrf_atomic.o
    0x0002cf0e   0x0002cf0e   0x00000010   Code   RO         4921    i.nrf_bitmask_bit_is_set  nrfx_gpiote.o
    0x0002cf1e   0x0002cf1e   0x00000022   Code   RO         3052    i.nrf_ble_gatt_init  nrf_ble_gatt.o
    0x0002cf40   0x0002cf40   0x00000174   Code   RO         3053    i.nrf_ble_gatt_on_ble_evt  nrf_ble_gatt.o
    0x0002d0b4   0x0002d0b4   0x00000016   Code   RO         3132    i.nrf_ble_qwr_conn_handle_assign  nrf_ble_qwr.o
    0x0002d0ca   0x0002d0ca   0x00000024   Code   RO         3133    i.nrf_ble_qwr_init  nrf_ble_qwr.o
    0x0002d0ee   0x0002d0ee   0x000000b6   Code   RO         3134    i.nrf_ble_qwr_on_ble_evt  nrf_ble_qwr.o
    0x0002d1a4   0x0002d1a4   0x0000000e   Code   RO         4782    i.nrf_clock_event_check  nrfx_clock.o
    0x0002d1b2   0x0002d1b2   0x00000010   Code   RO         4783    i.nrf_clock_event_clear  nrfx_clock.o
    0x0002d1c2   0x0002d1c2   0x00000002   PAD
    0x0002d1c4   0x0002d1c4   0x00000020   Code   RO           14    i.nrf_delay_ms      main.o
    0x0002d1e4   0x0002d1e4   0x00000020   Code   RO         9297    i.nrf_delay_ms      st7789lib.o
    0x0002d204   0x0002d204   0x00000040   Code   RO         4447    i.nrf_drv_clock_init  nrf_drv_clock.o
    0x0002d244   0x0002d244   0x00000034   Code   RO         4451    i.nrf_drv_clock_lfclk_release  nrf_drv_clock.o
    0x0002d278   0x0002d278   0x00000054   Code   RO         4452    i.nrf_drv_clock_lfclk_request  nrf_drv_clock.o
    0x0002d2cc   0x0002d2cc   0x0000004e   Code   RO         7234    i.nrf_fstorage_erase  nrf_fstorage.o
    0x0002d31a   0x0002d31a   0x00000010   Code   RO         7235    i.nrf_fstorage_init  nrf_fstorage.o
    0x0002d32a   0x0002d32a   0x00000002   PAD
    0x0002d32c   0x0002d32c   0x00000018   Code   RO         7322    i.nrf_fstorage_sdh_req_handler  nrf_fstorage_sd.o
    0x0002d344   0x0002d344   0x00000020   Code   RO         7323    i.nrf_fstorage_sdh_state_handler  nrf_fstorage_sd.o
    0x0002d364   0x0002d364   0x000000a4   Code   RO         7324    i.nrf_fstorage_sys_evt_handler  nrf_fstorage_sd.o
    0x0002d408   0x0002d408   0x00000066   Code   RO         7241    i.nrf_fstorage_write  nrf_fstorage.o
    0x0002d46e   0x0002d46e   0x00000032   Code   RO          571    i.nrf_gpio_cfg      boards.o
    0x0002d4a0   0x0002d4a0   0x00000032   Code   RO         4922    i.nrf_gpio_cfg      nrfx_gpiote.o
    0x0002d4d2   0x0002d4d2   0x00000032   Code   RO         5954    i.nrf_gpio_cfg      nrfx_spim.o
    0x0002d504   0x0002d504   0x00000014   Code   RO         5955    i.nrf_gpio_cfg_output  nrfx_spim.o
    0x0002d518   0x0002d518   0x00000018   Code   RO         9298    i.nrf_gpio_cfg_output  st7789lib.o
    0x0002d530   0x0002d530   0x00000030   Code   RO         4924    i.nrf_gpio_cfg_sense_set  nrfx_gpiote.o
    0x0002d560   0x0002d560   0x00000030   Code   RO         4925    i.nrf_gpio_latches_read_and_clear  nrfx_gpiote.o
    0x0002d590   0x0002d590   0x00000014   Code   RO         5956    i.nrf_gpio_pin_clear  nrfx_spim.o
    0x0002d5a4   0x0002d5a4   0x00000014   Code   RO         9299    i.nrf_gpio_pin_clear  st7789lib.o
    0x0002d5b8   0x0002d5b8   0x0000001c   Code   RO           15    i.nrf_gpio_pin_port_decode  main.o
    0x0002d5d4   0x0002d5d4   0x0000001c   Code   RO          572    i.nrf_gpio_pin_port_decode  boards.o
    0x0002d5f0   0x0002d5f0   0x0000001c   Code   RO         4927    i.nrf_gpio_pin_port_decode  nrfx_gpiote.o
    0x0002d60c   0x0002d60c   0x0000001c   Code   RO         5957    i.nrf_gpio_pin_port_decode  nrfx_spim.o
    0x0002d628   0x0002d628   0x0000001c   Code   RO         9300    i.nrf_gpio_pin_port_decode  st7789lib.o
    0x0002d644   0x0002d644   0x0000002c   Code   RO         4928    i.nrf_gpio_pin_present_check  nrfx_gpiote.o
    0x0002d670   0x0002d670   0x00000016   Code   RO         4929    i.nrf_gpio_pin_read  nrfx_gpiote.o
    0x0002d686   0x0002d686   0x00000014   Code   RO         5958    i.nrf_gpio_pin_set  nrfx_spim.o
    0x0002d69a   0x0002d69a   0x00000014   Code   RO         9301    i.nrf_gpio_pin_set  st7789lib.o
    0x0002d6ae   0x0002d6ae   0x00000026   Code   RO          573    i.nrf_gpio_pin_write  boards.o
    0x0002d6d4   0x0002d6d4   0x00000014   Code   RO         4931    i.nrf_gpiote_event_clear  nrfx_gpiote.o
    0x0002d6e8   0x0002d6e8   0x00000010   Code   RO         4932    i.nrf_gpiote_event_is_set  nrfx_gpiote.o
    0x0002d6f8   0x0002d6f8   0x00000004   Code   RO           16    i.nrf_qwr_error_handler  main.o
    0x0002d6fc   0x0002d6fc   0x0000000c   Code   RO         1170    i.nrf_rtc_event_clear  port_cmsis_systick.o
    0x0002d708   0x0002d708   0x00000014   Code   RO         8241    i.nrf_sdh_ble_app_ram_start_get  nrf_sdh_ble.o
    0x0002d71c   0x0002d71c   0x00000084   Code   RO         8242    i.nrf_sdh_ble_default_cfg_set  nrf_sdh_ble.o
    0x0002d7a0   0x0002d7a0   0x00000014   Code   RO         8243    i.nrf_sdh_ble_enable  nrf_sdh_ble.o
    0x0002d7b4   0x0002d7b4   0x0000005c   Code   RO         8244    i.nrf_sdh_ble_evts_poll  nrf_sdh_ble.o
    0x0002d810   0x0002d810   0x00000054   Code   RO         8129    i.nrf_sdh_disable_request  nrf_sdh.o
    0x0002d864   0x0002d864   0x00000074   Code   RO         8130    i.nrf_sdh_enable_request  nrf_sdh.o
    0x0002d8d8   0x0002d8d8   0x00000024   Code   RO         8131    i.nrf_sdh_evts_poll  nrf_sdh.o
    0x0002d8fc   0x0002d8fc   0x00000034   Code   RO         8293    i.nrf_sdh_freertos_init  nrf_sdh_freertos.o
    0x0002d930   0x0002d930   0x0000000c   Code   RO         8132    i.nrf_sdh_is_enabled  nrf_sdh.o
    0x0002d93c   0x0002d93c   0x0000001c   Code   RO         8134    i.nrf_sdh_request_continue  nrf_sdh.o
    0x0002d958   0x0002d958   0x0000003c   Code   RO         8333    i.nrf_sdh_soc_evts_poll  nrf_sdh_soc.o
    0x0002d994   0x0002d994   0x0000000a   Code   RO         7561    i.nrf_section_iter_init  nrf_section_iter.o
    0x0002d99e   0x0002d99e   0x00000024   Code   RO         7562    i.nrf_section_iter_item_set  nrf_section_iter.o
    0x0002d9c2   0x0002d9c2   0x00000020   Code   RO         7563    i.nrf_section_iter_next  nrf_section_iter.o
    0x0002d9e2   0x0002d9e2   0x0000000a   Code   RO         5959    i.nrf_spim_event_check  nrfx_spim.o
    0x0002d9ec   0x0002d9ec   0x0000000a   Code   RO         5739    i.nrf_twi_event_check  nrfx_twi.o
    0x0002d9f6   0x0002d9f6   0x0000000c   Code   RO         5740    i.nrf_twi_event_clear  nrfx_twi.o
    0x0002da02   0x0002da02   0x00000002   PAD
    0x0002da04   0x0002da04   0x00000010   Code   RO         4454    i.nrf_wdt_started   nrf_drv_clock.o
    0x0002da14   0x0002da14   0x0000002c   Code   RO         4788    i.nrfx_clock_enable  nrfx_clock.o
    0x0002da40   0x0002da40   0x00000020   Code   RO         4791    i.nrfx_clock_init   nrfx_clock.o
    0x0002da60   0x0002da60   0x00000020   Code   RO         4793    i.nrfx_clock_lfclk_start  nrfx_clock.o
    0x0002da80   0x0002da80   0x00000030   Code   RO         4794    i.nrfx_clock_lfclk_stop  nrfx_clock.o
    0x0002dab0   0x0002dab0   0x00000098   Code   RO         4938    i.nrfx_gpiote_in_event_enable  nrfx_gpiote.o
    0x0002db48   0x0002db48   0x000000d0   Code   RO         4940    i.nrfx_gpiote_in_init  nrfx_gpiote.o
    0x0002dc18   0x0002dc18   0x0000000e   Code   RO         4941    i.nrfx_gpiote_in_is_set  nrfx_gpiote.o
    0x0002dc26   0x0002dc26   0x00000002   PAD
    0x0002dc28   0x0002dc28   0x00000078   Code   RO         4943    i.nrfx_gpiote_init  nrfx_gpiote.o
    0x0002dca0   0x0002dca0   0x00000014   Code   RO         4944    i.nrfx_gpiote_is_init  nrfx_gpiote.o
    0x0002dcb4   0x0002dcb4   0x00000010   Code   RO         5960    i.nrfx_is_in_ram    nrfx_spim.o
    0x0002dcc4   0x0002dcc4   0x0000003a   Code   RO         5240    i.nrfx_prs_acquire  nrfx_prs.o
    0x0002dcfe   0x0002dcfe   0x00000002   PAD
    0x0002dd00   0x0002dd00   0x000001cc   Code   RO         5963    i.nrfx_spim_init    nrfx_spim.o
    0x0002decc   0x0002decc   0x00000068   Code   RO         5966    i.nrfx_spim_xfer    nrfx_spim.o
    0x0002df34   0x0002df34   0x00000024   Code   RO           17    i.on_adv_evt        main.o
    0x0002df58   0x0002df58   0x0000001c   Code   RO           18    i.on_conn_params_evt  main.o
    0x0002df74   0x0002df74   0x00000024   Code   RO         6458    i.page_identify     fds.o
    0x0002df98   0x0002df98   0x0000001c   Code   RO         6459    i.page_offsets_update  fds.o
    0x0002dfb4   0x0002dfb4   0x0000006c   Code   RO         6460    i.page_scan         fds.o
    0x0002e020   0x0002e020   0x0000001c   Code   RO         6461    i.page_tag_write_data  fds.o
    0x0002e03c   0x0002e03c   0x00000024   Code   RO         6462    i.page_tag_write_swap  fds.o
    0x0002e060   0x0002e060   0x00000130   Code   RO         6463    i.pages_init        fds.o
    0x0002e190   0x0002e190   0x0000000c   Code   RO         3968    i.pairing           security_dispatcher.o
    0x0002e19c   0x0002e19c   0x0000002e   Code   RO         3969    i.pairing_success_evt_send  security_dispatcher.o
    0x0002e1ca   0x0002e1ca   0x00000006   Code   RO         4102    i.params_reply_pending_handle  security_manager.o
    0x0002e1d0   0x0002e1d0   0x00000020   Code   RO         4103    i.params_req_send   security_manager.o
    0x0002e1f0   0x0002e1f0   0x0000001c   Code   RO         3309    i.pdb_evt_send      peer_database.o
    0x0002e20c   0x0002e20c   0x00000050   Code   RO         3310    i.pdb_init          peer_database.o
    0x0002e25c   0x0002e25c   0x0000007c   Code   RO         3311    i.pdb_pds_evt_handler  peer_database.o
    0x0002e2d8   0x0002e2d8   0x00000006   Code   RO         3312    i.pdb_peer_data_ptr_get  peer_database.o
    0x0002e2de   0x0002e2de   0x0000003a   Code   RO         3313    i.pdb_peer_free     peer_database.o
    0x0002e318   0x0002e318   0x000000b8   Code   RO         3314    i.pdb_write_buf_get  peer_database.o
    0x0002e3d0   0x0002e3d0   0x00000014   Code   RO         3315    i.pdb_write_buf_release  peer_database.o
    0x0002e3e4   0x0002e3e4   0x00000036   Code   RO         3316    i.pdb_write_buf_store  peer_database.o
    0x0002e41a   0x0002e41a   0x00000002   PAD
    0x0002e41c   0x0002e41c   0x00000010   Code   RO         3175    i.pds_evt_send      peer_data_storage.o
    0x0002e42c   0x0002e42c   0x0000006c   Code   RO         3176    i.pds_init          peer_data_storage.o
    0x0002e498   0x0002e498   0x00000004   Code   RO         3177    i.pds_next_deleted_peer_id_get  peer_data_storage.o
    0x0002e49c   0x0002e49c   0x00000004   Code   RO         3178    i.pds_next_peer_id_get  peer_data_storage.o
    0x0002e4a0   0x0002e4a0   0x00000058   Code   RO         3181    i.pds_peer_data_iterate  peer_data_storage.o
    0x0002e4f8   0x0002e4f8   0x00000010   Code   RO         3182    i.pds_peer_data_iterate_prepare  peer_data_storage.o
    0x0002e508   0x0002e508   0x00000072   Code   RO         3183    i.pds_peer_data_read  peer_data_storage.o
    0x0002e57a   0x0002e57a   0x00000002   PAD
    0x0002e57c   0x0002e57c   0x00000094   Code   RO         3184    i.pds_peer_data_store  peer_data_storage.o
    0x0002e610   0x0002e610   0x00000008   Code   RO         3185    i.pds_peer_id_allocate  peer_data_storage.o
    0x0002e618   0x0002e618   0x00000016   Code   RO         3186    i.pds_peer_id_free  peer_data_storage.o
    0x0002e62e   0x0002e62e   0x00000004   Code   RO         3187    i.pds_peer_id_is_allocated  peer_data_storage.o
    0x0002e632   0x0002e632   0x00000002   PAD
    0x0002e634   0x0002e634   0x00000084   Code   RO         3189    i.peer_data_delete_process  peer_data_storage.o
    0x0002e6b8   0x0002e6b8   0x00000030   Code   RO         3190    i.peer_data_find    peer_data_storage.o
    0x0002e6e8   0x0002e6e8   0x00000024   Code   RO         3191    i.peer_data_id_is_valid  peer_data_storage.o
    0x0002e70c   0x0002e70c   0x0000001a   Code   RO         3317    i.peer_data_point_to_buffer  peer_database.o
    0x0002e726   0x0002e726   0x00000002   PAD
    0x0002e728   0x0002e728   0x0000000c   Code   RO         3426    i.peer_id_allocate  peer_id.o
    0x0002e734   0x0002e734   0x00000024   Code   RO         3427    i.peer_id_delete    peer_id.o
    0x0002e758   0x0002e758   0x0000001c   Code   RO         3428    i.peer_id_free      peer_id.o
    0x0002e774   0x0002e774   0x0000000c   Code   RO         3429    i.peer_id_get_next_deleted  peer_id.o
    0x0002e780   0x0002e780   0x00000030   Code   RO         3430    i.peer_id_get_next_used  peer_id.o
    0x0002e7b0   0x0002e7b0   0x0000000c   Code   RO         3431    i.peer_id_init      peer_id.o
    0x0002e7bc   0x0002e7bc   0x00000014   Code   RO         3432    i.peer_id_is_allocated  peer_id.o
    0x0002e7d0   0x0002e7d0   0x00000014   Code   RO         3433    i.peer_id_is_deleted  peer_id.o
    0x0002e7e4   0x0002e7e4   0x0000006c   Code   RO           19    i.peer_manager_init  main.o
    0x0002e850   0x0002e850   0x00000016   Code   RO         2245    i.phy_is_valid      ble_advertising.o
    0x0002e866   0x0002e866   0x00000002   PAD
    0x0002e868   0x0002e868   0x0000001c   Code   RO         4962    i.pin_configured_set  nrfx_gpiote.o
    0x0002e884   0x0002e884   0x00000018   Code   RO         4963    i.pin_in_use_by_port  nrfx_gpiote.o
    0x0002e89c   0x0002e89c   0x00000018   Code   RO         4964    i.pin_in_use_by_te  nrfx_gpiote.o
    0x0002e8b4   0x0002e8b4   0x00000064   Code   RO         3915    i.pm_buffer_block_acquire  pm_buffer.o
    0x0002e918   0x0002e918   0x00000024   Code   RO         3916    i.pm_buffer_init    pm_buffer.o
    0x0002e93c   0x0002e93c   0x00000028   Code   RO         3917    i.pm_buffer_ptr_get  pm_buffer.o
    0x0002e964   0x0002e964   0x00000032   Code   RO         3918    i.pm_buffer_release  pm_buffer.o
    0x0002e996   0x0002e996   0x00000002   PAD
    0x0002e998   0x0002e998   0x00000014   Code   RO         3520    i.pm_conn_sec_status_get  peer_manager.o
    0x0002e9ac   0x0002e9ac   0x0000001c   Code   RO         3521    i.pm_conn_secure    peer_manager.o
    0x0002e9c8   0x0002e9c8   0x00000024   Code   RO           20    i.pm_evt_handler    main.o
    0x0002e9ec   0x0002e9ec   0x00000004   Code   RO         3523    i.pm_gcm_evt_handler  peer_manager.o
    0x0002e9f0   0x0002e9f0   0x00000004   Code   RO         3524    i.pm_gscm_evt_handler  peer_manager.o
    0x0002e9f4   0x0002e9f4   0x00000150   Code   RO         3822    i.pm_handler_flash_clean  peer_manager_handler.o
    0x0002eb44   0x0002eb44   0x0000001c   Code   RO         3823    i.pm_handler_flash_clean_on_return  peer_manager_handler.o
    0x0002eb60   0x0002eb60   0x0000001c   Code   RO         3824    i.pm_handler_on_pm_evt  peer_manager_handler.o
    0x0002eb7c   0x0002eb7c   0x00000004   Code   RO         3527    i.pm_im_evt_handler  peer_manager.o
    0x0002eb80   0x0002eb80   0x00000044   Code   RO         3528    i.pm_init           peer_manager.o
    0x0002ebc4   0x0002ebc4   0x00000118   Code   RO         3532    i.pm_pdb_evt_handler  peer_manager.o
    0x0002ecdc   0x0002ecdc   0x00000014   Code   RO         3543    i.pm_peer_delete    peer_manager.o
    0x0002ecf0   0x0002ecf0   0x000000b8   Code   RO         3547    i.pm_peer_rank_highest  peer_manager.o
    0x0002eda8   0x0002eda8   0x000000c0   Code   RO         3548    i.pm_peer_ranks_get  peer_manager.o
    0x0002ee68   0x0002ee68   0x00000068   Code   RO         3549    i.pm_peers_delete   peer_manager.o
    0x0002eed0   0x0002eed0   0x0000002c   Code   RO         3552    i.pm_register       peer_manager.o
    0x0002eefc   0x0002eefc   0x00000014   Code   RO         3554    i.pm_sec_params_set  peer_manager.o
    0x0002ef10   0x0002ef10   0x0000000a   Code   RO         3555    i.pm_sm_evt_handler  peer_manager.o
    0x0002ef1a   0x0002ef1a   0x00000034   Code   RO         4323    i.pnp_id_encode     ble_dis.o
    0x0002ef4e   0x0002ef4e   0x00000002   PAD
    0x0002ef50   0x0002ef50   0x000000d0   Code   RO         4965    i.port_event_handle  nrfx_gpiote.o
    0x0002f020   0x0002f020   0x00000010   Code   RO         4966    i.port_handler_polarity_get  nrfx_gpiote.o
    0x0002f030   0x0002f030   0x00000018   Code   RO         5242    i.prs_box_get       nrfx_prs.o
    0x0002f048   0x0002f048   0x00000070   Code   RO         1570    i.prvAddCurrentTaskToDelayedList  tasks.o
    0x0002f0b8   0x0002f0b8   0x000000d0   Code   RO         1571    i.prvAddNewTaskToReadyList  tasks.o
    0x0002f188   0x0002f188   0x00000050   Code   RO         1919    i.prvCheckForValidListAndQueue  timers.o
    0x0002f1d8   0x0002f1d8   0x00000026   Code   RO         1228    i.prvCopyDataFromQueue  queue.o
    0x0002f1fe   0x0002f1fe   0x0000006c   Code   RO         1229    i.prvCopyDataToQueue  queue.o
    0x0002f26a   0x0002f26a   0x00000014   Code   RO         1572    i.prvDeleteTCB      tasks.o
    0x0002f27e   0x0002f27e   0x00000002   PAD
    0x0002f280   0x0002f280   0x00000034   Code   RO         1573    i.prvGetExpectedIdleTime  tasks.o
    0x0002f2b4   0x0002f2b4   0x0000007c   Code   RO         1574    i.prvIdleTask       tasks.o
    0x0002f330   0x0002f330   0x0000008a   Code   RO         1575    i.prvInitialiseNewTask  tasks.o
    0x0002f3ba   0x0002f3ba   0x00000002   PAD
    0x0002f3bc   0x0002f3bc   0x00000038   Code   RO         1920    i.prvInsertTimerInActiveList  timers.o
    0x0002f3f4   0x0002f3f4   0x0000001c   Code   RO         1230    i.prvIsQueueEmpty   queue.o
    0x0002f410   0x0002f410   0x000000a4   Code   RO         1921    i.prvProcessReceivedCommands  timers.o
    0x0002f4b4   0x0002f4b4   0x000000a4   Code   RO         1922    i.prvProcessTimerOrBlockTask  timers.o
    0x0002f558   0x0002f558   0x00000020   Code   RO         1576    i.prvResetNextTaskUnblockTime  tasks.o
    0x0002f578   0x0002f578   0x00000028   Code   RO         1923    i.prvSampleTimeNow  timers.o
    0x0002f5a0   0x0002f5a0   0x00000058   Code   RO         1924    i.prvSwitchTimerLists  timers.o
    0x0002f5f8   0x0002f5f8   0x00000008   Code   RO         1106    i.prvTaskExitError  port_cmsis.o
    0x0002f600   0x0002f600   0x00000024   Code   RO         1925    i.prvTimerTask      timers.o
    0x0002f624   0x0002f624   0x0000006a   Code   RO         1231    i.prvUnlockQueue    queue.o
    0x0002f68e   0x0002f68e   0x00000002   PAD
    0x0002f690   0x0002f690   0x0000004c   Code   RO          988    i.pvPortMalloc      heap_1.o
    0x0002f6dc   0x0002f6dc   0x00000012   Code   RO         1926    i.pvTimerGetTimerID  timers.o
    0x0002f6ee   0x0002f6ee   0x00000002   PAD
    0x0002f6f0   0x0002f6f0   0x0000002c   Code   RO         1107    i.pxPortInitialiseStack  port_cmsis.o
    0x0002f71c   0x0002f71c   0x0000001c   Code   RO         6464    i.queue_buf_get     fds.o
    0x0002f738   0x0002f738   0x00000010   Code   RO         6465    i.queue_buf_store   fds.o
    0x0002f748   0x0002f748   0x00000014   Code   RO         7325    i.queue_free        nrf_fstorage_sd.o
    0x0002f75c   0x0002f75c   0x000000a4   Code   RO         6466    i.queue_process     fds.o
    0x0002f800   0x0002f800   0x000000a0   Code   RO         7326    i.queue_process     nrf_fstorage_sd.o
    0x0002f8a0   0x0002f8a0   0x0000001c   Code   RO         6467    i.queue_start       fds.o
    0x0002f8bc   0x0002f8bc   0x00000024   Code   RO         7327    i.queue_start       nrf_fstorage_sd.o
    0x0002f8e0   0x0002f8e0   0x0000001c   Code   RO         3828    i.rank_highest      peer_manager_handler.o
    0x0002f8fc   0x0002f8fc   0x00000034   Code   RO         3558    i.rank_vars_update  peer_manager.o
    0x0002f930   0x0002f930   0x0000000e   Code   RO         7328    i.read              nrf_fstorage_sd.o
    0x0002f93e   0x0002f93e   0x00000002   PAD
    0x0002f940   0x0002f940   0x00000084   Code   RO         3318    i.reattempt_previous_operations  peer_database.o
    0x0002f9c4   0x0002f9c4   0x00000090   Code   RO         6468    i.record_find       fds.o
    0x0002fa54   0x0002fa54   0x000000a0   Code   RO         6469    i.record_find_by_desc  fds.o
    0x0002faf4   0x0002faf4   0x0000005c   Code   RO         6470    i.record_find_next  fds.o
    0x0002fb50   0x0002fb50   0x0000003c   Code   RO         6471    i.record_header_flag_dirty  fds.o
    0x0002fb8c   0x0002fb8c   0x00000088   Code   RO         6472    i.records_stat      fds.o
    0x0002fc14   0x0002fc14   0x00000010   Code   RO         3435    i.release           peer_id.o
    0x0002fc24   0x0002fc24   0x00000004   Code   RO         7329    i.rmap              nrf_fstorage_sd.o
    0x0002fc28   0x0002fc28   0x00000030   Code   RO           21    i.rr_interval_timeout_handler  main.o
    0x0002fc58   0x0002fc58   0x00000024   Code   RO         2645    i.sc_send_pending_handle  gatt_cache_manager.o
    0x0002fc7c   0x0002fc7c   0x00000058   Code   RO         4455    i.sd_state_evt_handler  nrf_drv_clock.o
    0x0002fcd4   0x0002fcd4   0x00000030   Code   RO         8137    i.sdh_request_observer_notify  nrf_sdh.o
    0x0002fd04   0x0002fd04   0x0000002c   Code   RO         8138    i.sdh_state_observer_notify  nrf_sdh.o
    0x0002fd30   0x0002fd30   0x00000096   Code   RO         3970    i.sec_info_request_process  security_dispatcher.o
    0x0002fdc6   0x0002fdc6   0x00000002   PAD
    0x0002fdc8   0x0002fdc8   0x00000064   Code   RO         3971    i.sec_keyset_fill   security_dispatcher.o
    0x0002fe2c   0x0002fe2c   0x00000076   Code   RO         4104    i.sec_params_verify  security_manager.o
    0x0002fea2   0x0002fea2   0x00000002   PAD
    0x0002fea4   0x0002fea4   0x00000060   Code   RO         3972    i.sec_proc_start    security_dispatcher.o
    0x0002ff04   0x0002ff04   0x0000005c   Code   RO         4105    i.sec_req_process   security_manager.o
    0x0002ff60   0x0002ff60   0x00000022   Code   RO         3973    i.send_config_req   security_dispatcher.o
    0x0002ff82   0x0002ff82   0x00000002   PAD
    0x0002ff84   0x0002ff84   0x00000010   Code   RO         2333    i.send_error_evt    ble_conn_params.o
    0x0002ff94   0x0002ff94   0x00000028   Code   RO         2646    i.send_unexpected_error  gatt_cache_manager.o
    0x0002ffbc   0x0002ffbc   0x00000028   Code   RO         3974    i.send_unexpected_error  security_dispatcher.o
    0x0002ffe4   0x0002ffe4   0x00000018   Code   RO           22    i.sensor_contact_detected_timeout_handler  main.o
    0x0002fffc   0x0002fffc   0x00000060   Code   RO           23    i.sensor_simulator_init  main.o
    0x0003005c   0x0003005c   0x0000001c   Code   RO         7626    i.sensorsim_decrement  sensorsim.o
    0x00030078   0x00030078   0x0000001c   Code   RO         7627    i.sensorsim_increment  sensorsim.o
    0x00030094   0x00030094   0x00000016   Code   RO         7628    i.sensorsim_init    sensorsim.o
    0x000300aa   0x000300aa   0x0000001a   Code   RO         7629    i.sensorsim_measure  sensorsim.o
    0x000300c4   0x000300c4   0x00000014   Code   RO         2647    i.service_changed_pending_flags_check  gatt_cache_manager.o
    0x000300d8   0x000300d8   0x0000006c   Code   RO         2801    i.service_changed_pending_set  gatts_cache_manager.o
    0x00030144   0x00030144   0x00000100   Code   RO         2648    i.service_changed_send_in_evt  gatt_cache_manager.o
    0x00030244   0x00030244   0x00000088   Code   RO         2138    i.service_data_encode  ble_advdata.o
    0x000302cc   0x000302cc   0x000000a8   Code   RO           24    i.services_init     main.o
    0x00030374   0x00030374   0x00000030   Code   RO         2576    i.set_security_req  ble_srv_common.o
    0x000303a4   0x000303a4   0x00000028   Code   RO           26    i.sleep_mode_enter  main.o
    0x000303cc   0x000303cc   0x0000002c   Code   RO         4106    i.sm_ble_evt_handler  security_manager.o
    0x000303f8   0x000303f8   0x000000a2   Code   RO         4108    i.sm_conn_sec_status_get  security_manager.o
    0x0003049a   0x0003049a   0x00000002   PAD
    0x0003049c   0x0003049c   0x0000003c   Code   RO         4109    i.sm_init           security_manager.o
    0x000304d8   0x000304d8   0x0000000a   Code   RO         4111    i.sm_link_secure    security_manager.o
    0x000304e2   0x000304e2   0x00000002   PAD
    0x000304e4   0x000304e4   0x00000044   Code   RO         4112    i.sm_pdb_evt_handler  security_manager.o
    0x00030528   0x00030528   0x00000028   Code   RO         4113    i.sm_sec_is_sufficient  security_manager.o
    0x00030550   0x00030550   0x00000034   Code   RO         4115    i.sm_sec_params_set  security_manager.o
    0x00030584   0x00030584   0x0000002c   Code   RO         4116    i.sm_smd_evt_handler  security_manager.o
    0x000305b0   0x000305b0   0x000000f4   Code   RO         3975    i.smd_ble_evt_handler  security_dispatcher.o
    0x000306a4   0x000306a4   0x0000004c   Code   RO         3977    i.smd_init          security_dispatcher.o
    0x000306f0   0x000306f0   0x00000028   Code   RO         3978    i.smd_link_secure   security_dispatcher.o
    0x00030718   0x00030718   0x000000ac   Code   RO         3979    i.smd_params_reply  security_dispatcher.o
    0x000307c4   0x000307c4   0x00000040   Code   RO         4117    i.smd_params_reply_perform  security_manager.o
    0x00030804   0x00030804   0x00000018   Code   RO         4456    i.soc_evt_handler   nrf_drv_clock.o
    0x0003081c   0x0003081c   0x00000040   Code   RO         8139    i.softdevice_evt_irq_disable  nrf_sdh.o
    0x0003085c   0x0003085c   0x00000020   Code   RO         8294    i.softdevice_task   nrf_sdh_freertos.o
    0x0003087c   0x0003087c   0x00000058   Code   RO         8140    i.softdevices_evt_irq_enable  nrf_sdh.o
    0x000308d4   0x000308d4   0x00000054   Code   RO           27    i.spi_init          main.o
    0x00030928   0x00030928   0x000000c4   Code   RO         5968    i.spim_xfer         nrfx_spim.o
    0x000309ec   0x000309ec   0x00000030   Code   RO         6095    i.state_set         app_button.o
    0x00030a1c   0x00030a1c   0x00000044   Code   RO         2649    i.store_car_value   gatt_cache_manager.o
    0x00030a60   0x00030a60   0x00000042   Code   RO         4324    i.sys_id_encode     ble_dis.o
    0x00030aa2   0x00030aa2   0x00000002   PAD
    0x00030aa4   0x00030aa4   0x00000018   Code   RO         6096    i.timer_start       app_button.o
    0x00030abc   0x00030abc   0x000000a4   Code   RO           28    i.timers_init       main.o
    0x00030b60   0x00030b60   0x000000bc   Code   RO         5751    i.twi_irq_handler   nrfx_twi.o
    0x00030c1c   0x00030c1c   0x0000001e   Code   RO         5752    i.twi_process_error  nrfx_twi.o
    0x00030c3a   0x00030c3a   0x00000002   PAD
    0x00030c3c   0x00030c3c   0x000000c4   Code   RO         5753    i.twi_rx_start_transfer  nrfx_twi.o
    0x00030d00   0x00030d00   0x00000036   Code   RO         5754    i.twi_send_byte     nrfx_twi.o
    0x00030d36   0x00030d36   0x00000140   Code   RO         5755    i.twi_transfer      nrfx_twi.o
    0x00030e76   0x00030e76   0x00000002   PAD
    0x00030e78   0x00030e78   0x000000b8   Code   RO         5756    i.twi_tx_start_transfer  nrfx_twi.o
    0x00030f30   0x00030f30   0x0000000a   Code   RO         2139    i.uint16_encode     ble_advdata.o
    0x00030f3a   0x00030f3a   0x0000000c   Code   RO         1232    i.ulPortRaiseBASEPRI  queue.o
    0x00030f46   0x00030f46   0x0000000c   Code   RO         1579    i.ulPortRaiseBASEPRI  tasks.o
    0x00030f52   0x00030f52   0x00000002   PAD
    0x00030f54   0x00030f54   0x0000006c   Code   RO         1580    i.ulTaskNotifyTake  tasks.o
    0x00030fc0   0x00030fc0   0x00000020   Code   RO         7330    i.uninit            nrf_fstorage_sd.o
    0x00030fe0   0x00030fe0   0x00000030   Code   RO         2650    i.update_pending_flags_check  gatt_cache_manager.o
    0x00031010   0x00031010   0x00000068   Code   RO         2334    i.update_timeout_handler  ble_conn_params.o
    0x00031078   0x00031078   0x00000018   Code   RO         2246    i.use_whitelist     ble_advertising.o
    0x00031090   0x00031090   0x0000000c   Code   RO         2421    i.user_flag_is_acquired  ble_conn_state.o
    0x0003109c   0x0003109c   0x00000024   Code   RO         3135    i.user_mem_reply    nrf_ble_qwr.o
    0x000310c0   0x000310c0   0x00000020   Code   RO         6097    i.usr_event         app_button.o
    0x000310e0   0x000310e0   0x00000030   Code   RO         2140    i.uuid_list_encode  ble_advdata.o
    0x00031110   0x00031110   0x0000009e   Code   RO         2141    i.uuid_list_sized_encode  ble_advdata.o
    0x000311ae   0x000311ae   0x00000026   Code   RO         1036    i.uxListRemove      list.o
    0x000311d4   0x000311d4   0x00000002   Code   RO           29    i.vApplicationIdleHook  main.o
    0x000311d6   0x000311d6   0x00000016   Code   RO         1037    i.vListInitialise   list.o
    0x000311ec   0x000311ec   0x00000006   Code   RO         1038    i.vListInitialiseItem  list.o
    0x000311f2   0x000311f2   0x00000030   Code   RO         1039    i.vListInsert       list.o
    0x00031222   0x00031222   0x00000018   Code   RO         1040    i.vListInsertEnd    list.o
    0x0003123a   0x0003123a   0x00000002   PAD
    0x0003123c   0x0003123c   0x00000014   Code   RO         1109    i.vPortEnterCritical  port_cmsis.o
    0x00031250   0x00031250   0x00000014   Code   RO         1110    i.vPortExitCritical  port_cmsis.o
    0x00031264   0x00031264   0x00000002   Code   RO          989    i.vPortFree         heap_1.o
    0x00031266   0x00031266   0x00000002   PAD
    0x00031268   0x00031268   0x00000040   Code   RO         1171    i.vPortSetupTimerInterrupt  port_cmsis_systick.o
    0x000312a8   0x000312a8   0x00000110   Code   RO         1172    i.vPortSuppressTicksAndSleep  port_cmsis_systick.o
    0x000313b8   0x000313b8   0x00000028   Code   RO         1236    i.vQueueAddToRegistry  queue.o
    0x000313e0   0x000313e0   0x00000044   Code   RO         1239    i.vQueueWaitForMessageRestricted  queue.o
    0x00031424   0x00031424   0x00000010   Code   RO         1590    i.vTaskInternalSetTimeOutState  tasks.o
    0x00031434   0x00031434   0x0000000c   Code   RO         1591    i.vTaskMissedYield  tasks.o
    0x00031440   0x00031440   0x00000084   Code   RO         1592    i.vTaskNotifyGiveFromISR  tasks.o
    0x000314c4   0x000314c4   0x00000020   Code   RO         1593    i.vTaskPlaceOnEventList  tasks.o
    0x000314e4   0x000314e4   0x00000028   Code   RO         1594    i.vTaskPlaceOnEventListRestricted  tasks.o
    0x0003150c   0x0003150c   0x00000050   Code   RO         1601    i.vTaskStartScheduler  tasks.o
    0x0003155c   0x0003155c   0x00000010   Code   RO         1602    i.vTaskStepTick     tasks.o
    0x0003156c   0x0003156c   0x00000010   Code   RO         1604    i.vTaskSuspendAll   tasks.o
    0x0003157c   0x0003157c   0x00000044   Code   RO         1605    i.vTaskSwitchContext  tasks.o
    0x000315c0   0x000315c0   0x0000004c   Code   RO          698    i.wakeup_button_cfg  bsp.o
    0x0003160c   0x0003160c   0x00000004   Code   RO         7331    i.wmap              nrf_fstorage_sd.o
    0x00031610   0x00031610   0x00000050   Code   RO         7332    i.write             nrf_fstorage_sd.o
    0x00031660   0x00031660   0x000000a8   Code   RO         3319    i.write_buf_store   peer_database.o
    0x00031708   0x00031708   0x00000034   Code   RO         3320    i.write_buffer_record_find  peer_database.o
    0x0003173c   0x0003173c   0x00000030   Code   RO         3321    i.write_buffer_record_find_next  peer_database.o
    0x0003176c   0x0003176c   0x0000001c   Code   RO         3322    i.write_buffer_record_invalidate  peer_database.o
    0x00031788   0x00031788   0x0000002c   Code   RO         3323    i.write_buffer_record_release  peer_database.o
    0x000317b4   0x000317b4   0x000000f4   Code   RO         6473    i.write_enqueue     fds.o
    0x000318a8   0x000318a8   0x000000f8   Code   RO         6474    i.write_execute     fds.o
    0x000319a0   0x000319a0   0x00000018   Code   RO         6475    i.write_space_free  fds.o
    0x000319b8   0x000319b8   0x00000060   Code   RO         6476    i.write_space_reserve  fds.o
    0x00031a18   0x00031a18   0x0000004c   Code   RO         1111    i.xPortStartScheduler  port_cmsis.o
    0x00031a64   0x00031a64   0x00000036   Code   RO         1242    i.xQueueGenericCreate  queue.o
    0x00031a9a   0x00031a9a   0x00000002   PAD
    0x00031a9c   0x00031a9c   0x00000078   Code   RO         1243    i.xQueueGenericReset  queue.o
    0x00031b14   0x00031b14   0x000000fc   Code   RO         1244    i.xQueueGenericSend  queue.o
    0x00031c10   0x00031c10   0x00000064   Code   RO         1245    i.xQueueGenericSendFromISR  queue.o
    0x00031c74   0x00031c74   0x000000f4   Code   RO         1252    i.xQueueReceive     queue.o
    0x00031d68   0x00031d68   0x00000050   Code   RO         1606    i.xTaskCheckForTimeOut  tasks.o
    0x00031db8   0x00031db8   0x00000056   Code   RO         1607    i.xTaskCreate       tasks.o
    0x00031e0e   0x00031e0e   0x00000002   PAD
    0x00031e10   0x00031e10   0x0000001c   Code   RO         1612    i.xTaskGetSchedulerState  tasks.o
    0x00031e2c   0x00031e2c   0x0000000c   Code   RO         1613    i.xTaskGetTickCount  tasks.o
    0x00031e38   0x00031e38   0x0000000c   Code   RO         1614    i.xTaskGetTickCountFromISR  tasks.o
    0x00031e44   0x00031e44   0x000000a0   Code   RO         1615    i.xTaskIncrementTick  tasks.o
    0x00031ee4   0x00031ee4   0x00000070   Code   RO         1618    i.xTaskPriorityDisinherit  tasks.o
    0x00031f54   0x00031f54   0x0000006c   Code   RO         1620    i.xTaskRemoveFromEventList  tasks.o
    0x00031fc0   0x00031fc0   0x000000b4   Code   RO         1621    i.xTaskResumeAll    tasks.o
    0x00032074   0x00032074   0x00000038   Code   RO         1928    i.xTimerCreate      timers.o
    0x000320ac   0x000320ac   0x0000003c   Code   RO         1929    i.xTimerCreateTimerTask  timers.o
    0x000320e8   0x000320e8   0x00000050   Code   RO         1930    i.xTimerGenericCommand  timers.o
    0x00032138   0x00032138   0x00000008   PAD
    0x00032140   0x00032140   0x0002a350   Data   RO           32    .constdata          main.o
    0x0005c490   0x0005c490   0x00000008   Data   RO          574    .constdata          boards.o
    0x0005c498   0x0005c498   0x0000002c   Data   RO          703    .constdata          bsp.o
    0x0005c4c4   0x0005c4c4   0x00000004   Data   RO         1112    .constdata          port_cmsis.o
    0x0005c4c8   0x0005c4c8   0x0000006c   Data   RO         2651    .constdata          gatt_cache_manager.o
    0x0005c534   0x0005c534   0x00000004   Data   RO         2802    .constdata          gatts_cache_manager.o
    0x0005c538   0x0005c538   0x00000010   Data   RO         2803    .constdata          gatts_cache_manager.o
    0x0005c548   0x0005c548   0x00000004   Data   RO         2804    .constdata          gatts_cache_manager.o
    0x0005c54c   0x0005c54c   0x00000008   Data   RO         2907    .constdata          id_manager.o
    0x0005c554   0x0005c554   0x00000016   Data   RO         3054    .constdata          nrf_ble_gatt.o
    0x0005c56a   0x0005c56a   0x00000002   PAD
    0x0005c56c   0x0005c56c   0x00000018   Data   RO         3192    .constdata          peer_data_storage.o
    0x0005c584   0x0005c584   0x00000010   Data   RO         3325    .constdata          peer_database.o
    0x0005c594   0x0005c594   0x00000008   Data   RO         3563    .constdata          peer_manager.o
    0x0005c59c   0x0005c59c   0x00000014   Data   RO         3831    .constdata          peer_manager_handler.o
    0x0005c5b0   0x0005c5b0   0x00000068   Data   RO         3981    .constdata          security_dispatcher.o
    0x0005c618   0x0005c618   0x00000008   Data   RO         4118    .constdata          security_manager.o
    0x0005c620   0x0005c620   0x00000008   Data   RO         4968    .constdata          nrfx_gpiote.o
    0x0005c628   0x0005c628   0x00000008   Data   RO         5971    .constdata          nrfx_spim.o
    0x0005c630   0x0005c630   0x00000008   Data   RO         6100    .constdata          app_button.o
    0x0005c638   0x0005c638   0x00000018   Data   RO         6479    .constdata          fds.o
    0x0005c650   0x0005c650   0x00000010   Data   RO         7335    .constdata          nrf_fstorage_sd.o
    0x0005c660   0x0005c660   0x00000020   Data   RO         7336    .constdata          nrf_fstorage_sd.o
    0x0005c680   0x0005c680   0x00000010   Data   RO         8141    .constdata          nrf_sdh.o
    0x0005c690   0x0005c690   0x00000028   Data   RO         8142    .constdata          nrf_sdh.o
    0x0005c6b8   0x0005c6b8   0x00000010   Data   RO         8143    .constdata          nrf_sdh.o
    0x0005c6c8   0x0005c6c8   0x00000010   Data   RO         8144    .constdata          nrf_sdh.o
    0x0005c6d8   0x0005c6d8   0x00000020   Data   RO         8245    .constdata          nrf_sdh_ble.o
    0x0005c6f8   0x0005c6f8   0x00000010   Data   RO         8246    .constdata          nrf_sdh_ble.o
    0x0005c708   0x0005c708   0x00000010   Data   RO         8334    .constdata          nrf_sdh_soc.o
    0x0005c718   0x0005c718   0x0000000c   Data   RO         8335    .constdata          nrf_sdh_soc.o
    0x0005c724   0x0005c724   0x00000a00   Data   RO         8640    .constdata          f6x8m.o
    0x0005d124   0x0005d124   0x00002200   Data   RO         8658    .constdata          f16f.o
    0x0005f324   0x0005f324   0x000001f4   Data   RO         8676    .constdata          f24f.o
    0x0005f518   0x0005f518   0x00000294   Data   RO         8694    .constdata          f32f.o
    0x0005f7ac   0x0005f7ac   0x00000010   Data   RO         8714    .constdata          font.o
    0x0005f7bc   0x0005f7bc   0x00000004   PAD
    0x0005f7c0   0x0005f7c0   0x00000048   Data   RO         9302    .constdata          st7789lib.o
    0x0005f808   0x0005f808   0x00000020   Data   RO        10034    Region$$Table       anon$$obj.o
    0x0005f828   0x0005f828   0x00000008   Data   RO         2423    sdh_ble_observers0  ble_conn_state.o
    0x0005f830   0x0005f830   0x00000010   Data   RO           34    sdh_ble_observers1  main.o
    0x0005f840   0x0005f840   0x00000008   Data   RO          806    sdh_ble_observers1  bsp_btn_ble.o
    0x0005f848   0x0005f848   0x00000008   Data   RO         2337    sdh_ble_observers1  ble_conn_params.o
    0x0005f850   0x0005f850   0x00000008   Data   RO         3565    sdh_ble_observers1  peer_manager.o
    0x0005f858   0x0005f858   0x00000018   Data   RO           35    sdh_ble_observers2  main.o
    0x0005f870   0x0005f870   0x00000008   Data   RO           36    sdh_ble_observers3  main.o
    0x0005f878   0x0005f878   0x00000008   Data   RO         7338    sdh_req_observers0  nrf_fstorage_sd.o
    0x0005f880   0x0005f880   0x00000008   Data   RO         4462    sdh_soc_observers0  nrf_drv_clock.o
    0x0005f888   0x0005f888   0x00000008   Data   RO         7339    sdh_soc_observers0  nrf_fstorage_sd.o
    0x0005f890   0x0005f890   0x00000008   Data   RO         8248    sdh_stack_observers0  nrf_sdh_ble.o
    0x0005f898   0x0005f898   0x00000008   Data   RO         8336    sdh_stack_observers0  nrf_sdh_soc.o
    0x0005f8a0   0x0005f8a0   0x00000008   Data   RO         4463    sdh_state_observers0  nrf_drv_clock.o
    0x0005f8a8   0x0005f8a8   0x00000008   Data   RO         7340    sdh_state_observers0  nrf_fstorage_sd.o


    Execution Region RW_IRAM1 (Exec base: 0x20005978, Load base: 0x0005f8b0, Size: 0x00012b10, Max: 0x0003a688, ABSOLUTE, COMPRESSED[0x0000003c])

    Exec Addr    Load Addr    Size         Type   Attr      Idx    E Section Name        Object

    0x20005978   COMPRESSED   0x00000048   Data   RW           33    .data               main.o
    0x200059c0   COMPRESSED   0x00000010   Data   RW          704    .data               bsp.o
    0x200059d0   COMPRESSED   0x00000008   Data   RW          805    .data               bsp_btn_ble.o
    0x200059d8   COMPRESSED   0x00000008   Data   RW          993    .data               heap_1.o
    0x200059e0   COMPRESSED   0x00000004   Data   RW         1113    .data               port_cmsis.o
    0x200059e4   COMPRESSED   0x0000003c   Data   RW         1624    .data               tasks.o
    0x20005a20   COMPRESSED   0x00000014   Data   RW         1938    .data               timers.o
    0x20005a34   COMPRESSED   0x00000008   Data   RW         2336    .data               ble_conn_params.o
    0x20005a3c   COMPRESSED   0x00000010   Data   RW         2652    .data               gatt_cache_manager.o
    0x20005a4c   COMPRESSED   0x0000000c   Data   RW         2805    .data               gatts_cache_manager.o
    0x20005a58   COMPRESSED   0x0000000c   Data   RW         3193    .data               peer_data_storage.o
    0x20005a64   COMPRESSED   0x00000008   Data   RW         3326    .data               peer_database.o
    0x20005a6c   COMPRESSED   0x00000010   Data   RW         3564    .data               peer_manager.o
    0x20005a7c   COMPRESSED   0x00000018   Data   RW         3843    .data               peer_manager_handler.o
    0x20005a94   COMPRESSED   0x00000005   Data   RW         3983    .data               security_dispatcher.o
    0x20005a99   COMPRESSED   0x00000003   PAD
    0x20005a9c   COMPRESSED   0x00000015   Data   RW         4119    .data               security_manager.o
    0x20005ab1   COMPRESSED   0x00000001   PAD
    0x20005ab2   COMPRESSED   0x0000004a   Data   RW         4325    .data               ble_dis.o
    0x20005afc   COMPRESSED   0x00000008   Data   RW         4798    .data               nrfx_clock.o
    0x20005b04   COMPRESSED   0x00000008   Data   RW         5244    .data               nrfx_prs.o
    0x20005b0c   COMPRESSED   0x00000004   PAD
    0x20005b10   COMPRESSED   0x00000018   Data   RW         6101    .data               app_button.o
    0x20005b28   COMPRESSED   0x00000030   Data   RW         6480    .data               fds.o
    0x20005b58   COMPRESSED   0x00000008   Data   RW         7337    .data               nrf_fstorage_sd.o
    0x20005b60   COMPRESSED   0x00000003   Data   RW         8145    .data               nrf_sdh.o
    0x20005b63   COMPRESSED   0x00000001   Data   RW         8247    .data               nrf_sdh_ble.o
    0x20005b64   COMPRESSED   0x00000008   Data   RW         8295    .data               nrf_sdh_freertos.o
    0x20005b6c   COMPRESSED   0x00000020   Data   RW         8414    .data               calendarlib.o
    0x20005b8c   COMPRESSED   0x0000000c   Data   RW         9303    .data               st7789lib.o
    0x20005b98   COMPRESSED   0x00000004   Data   RW         9467    .data               system_nrf52840.o
    0x20005b9c   COMPRESSED   0x00000004   Data   RW        10008    .data               mc_w.l(mvars.o)
    0x20005ba0   COMPRESSED   0x00000004   Data   RW        10009    .data               mc_w.l(mvars.o)
    0x20005ba4   COMPRESSED   0x00000014   Data   RW         6481    fs_data             fds.o
    0x20005bb8        -       0x000104e6   Zero   RW           30    .bss                main.o
    0x2001609e   COMPRESSED   0x00000002   PAD
    0x200160a0        -       0x00000020   Zero   RW          699    .bss                bsp.o
    0x200160c0        -       0x00000020   Zero   RW          700    .bss                bsp.o
    0x200160e0        -       0x0000000c   Zero   RW          701    .bss                bsp.o
    0x200160ec        -       0x00000020   Zero   RW          702    .bss                bsp.o
    0x2001610c        -       0x00001000   Zero   RW          992    .bss                heap_1.o
    0x2001710c        -       0x00000010   Zero   RW         1256    .bss                queue.o
    0x2001711c        -       0x000000a0   Zero   RW         1623    .bss                tasks.o
    0x200171bc        -       0x00000028   Zero   RW         1937    .bss                timers.o
    0x200171e4        -       0x00000050   Zero   RW         2335    .bss                ble_conn_params.o
    0x20017234        -       0x0000007c   Zero   RW         2422    .bss                ble_conn_state.o
    0x200172b0        -       0x000000d8   Zero   RW         2906    .bss                id_manager.o
    0x20017388        -       0x00000180   Zero   RW         3324    .bss                peer_database.o
    0x20017508        -       0x00000040   Zero   RW         3436    .bss                peer_id.o
    0x20017548        -       0x0000000c   Zero   RW         3559    .bss                peer_manager.o
    0x20017554        -       0x00000040   Zero   RW         3980    .bss                security_dispatcher.o
    0x20017594        -       0x00000014   Zero   RW         4457    .bss                nrf_drv_clock.o
    0x200175a8        -       0x0000006c   Zero   RW         4967    .bss                nrfx_gpiote.o
    0x20017614        -       0x0000003c   Zero   RW         5758    .bss                nrfx_twi.o
    0x20017650        -       0x00000048   Zero   RW         5969    .bss                nrfx_spim.o
    0x20017698        -       0x00000020   Zero   RW         6098    .bss                app_button.o
    0x200176b8        -       0x00000020   Zero   RW         6099    .bss                app_button.o
    0x200176d8        -       0x0000000c   Zero   RW         6335    .bss                app_util_platform.o
    0x200176e4        -       0x00000010   Zero   RW         6477    .bss                fds.o
    0x200176f4        -       0x000000e0   Zero   RW         6478    .bss                fds.o
    0x200177d4        -       0x00000010   Zero   RW         7333    .bss                nrf_fstorage_sd.o
    0x200177e4        -       0x000000a0   Zero   RW         7334    .bss                nrf_fstorage_sd.o
    0x20017884   COMPRESSED   0x00000004   PAD
    0x20017888        -       0x00000400   Zero   RW         9456    HEAP                arm_startup_nrf52840.o
    0x20017c88        -       0x00000800   Zero   RW         9455    STACK               arm_startup_nrf52840.o


==============================================================================

Image component sizes


      Code (inc. data)   RO Data    RW Data    ZI Data      Debug   Object Name

       664         66          8         24         64      17443   app_button.o
        22          0          0          0          0       2485   app_error.o
        48          8          0          0          0       4014   app_error_weak.o
       386         20          0          0          0      10979   app_timer_freertos.o
       124         14          0          0         12      10602   app_util_platform.o
        36          8        512          0       3072        916   arm_startup_nrf52840.o
      1338          0          0          0          0      53180   ble_advdata.o
      1064          6          0          0          0      10883   ble_advertising.o
       502          0          0          0          0       6011   ble_bas.o
       636         44          8          8         80       9155   ble_conn_params.o
       784         66          8          0        124      16011   ble_conn_state.o
       530         12          0         74          0       5479   ble_dis.o
       596          0          0          0          0       7241   ble_hrs.o
       656          6          0          0          0       5756   ble_srv_common.o
       440         46          8          0          0      14719   boards.o
       984         94         44         16        108      15743   bsp.o
       252         10          8          8          0       9440   bsp_btn_ble.o
        48          8          0         32          0       3092   calendarlib.o
       614          0          0          0          0      19486   dispcolor.o
         0          0          0          0          0      15012   event_groups.o
        16          4       8704          0          0       1199   f16f.o
        36          4        500          0          0       1241   f24f.o
        32          4        660          0          0       1241   f32f.o
        16          4       2560          0          0       1199   f6x8m.o
      3872        348         24         68        240      88992   fds.o
        24          6         16          0          0       2389   font.o
      1456        122        108         16          0      32698   gatt_cache_manager.o
       530         36         24         12          0      16213   gatts_cache_manager.o
        52         14          0          0          0        604   hardfault_handler_keil.o
        64         16          0          0          0       3118   hardfault_implementation.o
        78          8          0          8       4096       2419   heap_1.o
       946         34          8          0        216      14640   id_manager.o
       138          0          0          0          0       3862   list.o
      2318        246     172928         72      66790     260199   main.o
       342          0          0          0          0       6574   nrf_atfifo.o
       170          0          0          0          0       4716   nrf_atflags.o
       310          0          0          0          0       7954   nrf_atomic.o
       456          6         22          0          0      35210   nrf_ble_gatt.o
       276          0          0          0          0       4613   nrf_ble_qwr.o
       418         42         16          0         20      44964   nrf_drv_clock.o
         0          0          0          0          0        564   nrf_fprintf.o
       232          0          0          0          0       5545   nrf_fstorage.o
       798         82         72          8        176      15699   nrf_fstorage_sd.o
       556         60         88          3          0      44343   nrf_sdh.o
       264         20         56          1          0       5331   nrf_sdh_ble.o
       136         28          0          8          0       2403   nrf_sdh_freertos.o
        60          4         36          0          0       2300   nrf_sdh_soc.o
        78          0          0          0          0       2708   nrf_section_iter.o
       274         38          0          8          0      46207   nrfx_clock.o
      1386        108          8          0        108      66174   nrfx_gpiote.o
        94         16          0          8          0       3585   nrfx_prs.o
      1036         34          8          0         72      23948   nrfx_spim.o
      1010         16          0          0         60      17272   nrfx_twi.o
         0          0          0          0          0       3444   nrfx_uart.o
         0          0          0          0          0       2144   nrfx_uarte.o
       992         44         24         12          0      15621   peer_data_storage.o
      1052         62         16          8        384      18965   peer_database.o
       314         38          0          0         64       8931   peer_id.o
      1118         78         16         16         12      18232   peer_manager.o
       498         30         20         24          0       6861   peer_manager_handler.o
       234          0          0          0          0       5347   pm_buffer.o
       160         14          0          0          0        676   port.o
       168         34          4          4          0      40702   port_cmsis.o
       452         36          0          0          0      46318   port_cmsis_systick.o
      1170         22          0          0         16      14146   queue.o
      1502         80        104          5         64      25774   security_dispatcher.o
      1232         80          8         21          0      54018   security_manager.o
       104          0          0          0          0       3339   sensorsim.o
      1086         58         72         12          0      21275   st7789lib.o
       468         62          0          4          0      12767   system_nrf52840.o
      2044        198          0         60        160      26548   tasks.o
       842         82          0         20         40      11362   timers.o

    ----------------------------------------------------------------------
     40738       2634     186736        568      75984    1344241   Object Totals
         0          0         32          0          0          0   (incl. Generated)
       104          8          6          8          6          0   (incl. Padding)

    ----------------------------------------------------------------------

      Code (inc. data)   RO Data    RW Data    ZI Data      Debug   Library Member Name

        86          0          0          0          0          0   __dczerorl2.o
         0          0          0          0          0          0   entry.o
         0          0          0          0          0          0   entry10a.o
         0          0          0          0          0          0   entry11a.o
         8          4          0          0          0          0   entry2.o
         4          0          0          0          0          0   entry5.o
         0          0          0          0          0          0   entry7b.o
         0          0          0          0          0          0   entry8b.o
         8          4          0          0          0          0   entry9a.o
        30          0          0          0          0          0   handlers.o
        36          8          0          0          0         68   init.o
         0          0          0          0          0          0   iusefp.o
        30          0          0          0          0         68   llshl.o
        36          0          0          0          0         68   llsshr.o
        32          0          0          0          0         68   llushr.o
       160         20          0          0          0        172   mallocr.o
        26          0          0          0          0         80   memcmp.o
        64          0          0          0          0         76   memmovea.o
        36          0          0          0          0        108   memseta.o
         0          0          0          8          0          0   mvars.o
      2342         90          0          0          0        668   printfa.o
        14          0          0          0          0         68   strlen.o
        44          0          0          0          0         80   uidiv.o
        98          0          0          0          0         92   uldiv.o
        48          0          0          0          0         68   cdrcmple.o
       334          0          0          0          0        148   dadd.o
       222          0          0          0          0        100   ddiv.o
       186          0          0          0          0        176   depilogue.o
        48          0          0          0          0         68   dfixul.o
       228          0          0          0          0         96   dmul.o

    ----------------------------------------------------------------------
      4126        126          0          8          0       2272   Library Totals
         6          0          0          0          0          0   (incl. Padding)

    ----------------------------------------------------------------------

      Code (inc. data)   RO Data    RW Data    ZI Data      Debug   Library Name

      3054        126          0          8          0       1616   mc_w.l
      1066          0          0          0          0        656   mf_w.l

    ----------------------------------------------------------------------
      4126        126          0          8          0       2272   Library Totals

    ----------------------------------------------------------------------

==============================================================================


      Code (inc. data)   RO Data    RW Data    ZI Data      Debug   

     44864       2760     186736        576      75984    1288101   Grand Totals
     44864       2760     186736         60      75984    1288101   ELF Image Totals (compressed)
     44864       2760     186736         60          0          0   ROM Totals

==============================================================================

    Total RO  Size (Code + RO Data)               231600 ( 226.17kB)
    Total RW  Size (RW Data + ZI Data)             76560 (  74.77kB)
    Total ROM Size (Code + RO Data + RW Data)     231660 ( 226.23kB)

==============================================================================

