Component: ARM Compiler 5.06 update 6 (build 750) Tool: armlink [4d35ed]

==============================================================================

Section Cross References

    main.o(i.advertising_start) refers to nrf_log_frontend.o(i.nrf_log_frontend_std_0) for nrf_log_frontend_std_0
    main.o(i.advertising_start) refers to peer_manager.o(i.pm_peers_delete) for pm_peers_delete
    main.o(i.advertising_start) refers to ble_advertising.o(i.ble_advertising_start) for ble_advertising_start
    main.o(i.advertising_start) refers to app_error.o(i.app_error_handler_bare) for app_error_handler_bare
    main.o(i.advertising_start) refers to nrf_log_frontend.o(log_const_data) for m_nrf_log_app_logs_data_const
    main.o(i.advertising_start) refers to main.o(.bss) for .bss
    main.o(i.application_timers_start) refers to tasks.o(i.xTaskGetTickCount) for xTaskGetTickCount
    main.o(i.application_timers_start) refers to timers.o(i.xTimerGenericCommand) for xTimerGenericCommand
    main.o(i.application_timers_start) refers to app_error.o(i.app_error_handler_bare) for app_error_handler_bare
    main.o(i.application_timers_start) refers to main.o(.data) for .data
    main.o(i.assert_nrf_callback) refers to app_error_handler_keil.o(.emb_text) for app_error_handler
    main.o(i.battery_level_meas_timeout_handler) refers to sensorsim.o(i.sensorsim_measure) for sensorsim_measure
    main.o(i.battery_level_meas_timeout_handler) refers to ble_bas.o(i.ble_bas_battery_level_update) for ble_bas_battery_level_update
    main.o(i.battery_level_meas_timeout_handler) refers to app_error.o(i.app_error_handler_bare) for app_error_handler_bare
    main.o(i.battery_level_meas_timeout_handler) refers to main.o(.bss) for .bss
    main.o(i.battery_level_meas_timeout_handler) refers to main.o(.data) for .data
    main.o(i.ble_evt_handler) refers to nrf_log_frontend.o(i.nrf_log_frontend_std_0) for nrf_log_frontend_std_0
    main.o(i.ble_evt_handler) refers to bsp.o(i.bsp_indication_set) for bsp_indication_set
    main.o(i.ble_evt_handler) refers to app_error.o(i.app_error_handler_bare) for app_error_handler_bare
    main.o(i.ble_evt_handler) refers to nrf_ble_qwr.o(i.nrf_ble_qwr_conn_handle_assign) for nrf_ble_qwr_conn_handle_assign
    main.o(i.ble_evt_handler) refers to nrf_log_frontend.o(log_const_data) for m_nrf_log_app_logs_data_const
    main.o(i.ble_evt_handler) refers to main.o(.data) for .data
    main.o(i.ble_evt_handler) refers to main.o(.bss) for .bss
    main.o(i.bsp_event_handler) refers to main.o(i.sleep_mode_enter) for sleep_mode_enter
    main.o(i.bsp_event_handler) refers to app_error.o(i.app_error_handler_bare) for app_error_handler_bare
    main.o(i.bsp_event_handler) refers to ble_advertising.o(i.ble_advertising_restart_without_whitelist) for ble_advertising_restart_without_whitelist
    main.o(i.bsp_event_handler) refers to main.o(.data) for .data
    main.o(i.bsp_event_handler) refers to main.o(.bss) for .bss
    main.o(i.conn_params_error_handler) refers to app_error.o(i.app_error_handler_bare) for app_error_handler_bare
    main.o(i.gap_params_init) refers to app_error.o(i.app_error_handler_bare) for app_error_handler_bare
    main.o(i.heart_rate_meas_timeout_handler) refers to sensorsim.o(i.sensorsim_measure) for sensorsim_measure
    main.o(i.heart_rate_meas_timeout_handler) refers to ble_hrs.o(i.ble_hrs_heart_rate_measurement_send) for ble_hrs_heart_rate_measurement_send
    main.o(i.heart_rate_meas_timeout_handler) refers to app_error.o(i.app_error_handler_bare) for app_error_handler_bare
    main.o(i.heart_rate_meas_timeout_handler) refers to main.o(.bss) for .bss
    main.o(i.heart_rate_meas_timeout_handler) refers to main.o(.data) for .data
    main.o(i.logger_thread) refers to nrf_log_frontend.o(i.nrf_log_frontend_dequeue) for nrf_log_frontend_dequeue
    main.o(i.logger_thread) refers to tasks.o(i.vTaskSuspend) for vTaskSuspend
    main.o(i.main) refers to nrf_log_frontend.o(i.nrf_log_init) for nrf_log_init
    main.o(i.main) refers to app_error.o(i.app_error_handler_bare) for app_error_handler_bare
    main.o(i.main) refers to nrf_log_default_backends.o(i.nrf_log_default_backends_init) for nrf_log_default_backends_init
    main.o(i.main) refers to nrf_drv_clock.o(i.nrf_drv_clock_init) for nrf_drv_clock_init
    main.o(i.main) refers to main.o(i.spi_init) for spi_init
    main.o(i.main) refers to tasks.o(i.xTaskCreate) for xTaskCreate
    main.o(i.main) refers to nrf_sdh.o(i.nrf_sdh_enable_request) for nrf_sdh_enable_request
    main.o(i.main) refers to nrf_sdh_ble.o(i.nrf_sdh_ble_default_cfg_set) for nrf_sdh_ble_default_cfg_set
    main.o(i.main) refers to nrf_sdh_ble.o(i.nrf_sdh_ble_enable) for nrf_sdh_ble_enable
    main.o(i.main) refers to main.o(i.timers_init) for timers_init
    main.o(i.main) refers to bsp.o(i.bsp_init) for bsp_init
    main.o(i.main) refers to bsp_btn_ble.o(i.bsp_btn_ble_init) for bsp_btn_ble_init
    main.o(i.main) refers to main.o(i.gap_params_init) for gap_params_init
[...]
    0x0002b05c   0x0002b05c   0x0000003e   Code   RO         2407    i.conn_handle_list_get  ble_conn_state.o
    0x0002b09a   0x0002b09a   0x00000088   Code   RO         2124    i.conn_int_encode   ble_advdata.o
    0x0002b122   0x0002b122   0x00000004   Code   RO           10    i.conn_params_error_handler  main.o
    0x0002b126   0x0002b126   0x00000002   PAD
    0x0002b128   0x0002b128   0x00000048   Code   RO         2319    i.conn_params_negotiation  ble_conn_params.o
    0x0002b170   0x0002b170   0x00000044   Code   RO         3992    i.conn_sec_failure  security_dispatcher.o
    0x0002b1b4   0x0002b1b4   0x00000004   Code   RO         3847    i.conn_secure       peer_manager_handler.o
    0x0002b1b8   0x0002b1b8   0x000000c0   Code   RO         3048    i.data_length_update  nrf_ble_gatt.o
    0x0002b278   0x0002b278   0x00000030   Code   RO         2624    i.db_update_pending_handle  gatt_cache_manager.o
    0x0002b2a8   0x0002b2a8   0x0000008c   Code   RO         6503    i.delete_execute    fds.o
    0x0002b334   0x0002b334   0x000000aa   Code   RO         2564    i.descriptor_add    ble_srv_common.o
    0x0002b3de   0x0002b3de   0x00000002   PAD
    0x0002b3e0   0x0002b3e0   0x00000048   Code   RO         6161    i.detection_delay_timeout_handler  app_button.o
    0x0002b428   0x0002b428   0x00000012   Code   RO         8863    i.dispcolor_DrawChar  dispcolor.o
    0x0002b43a   0x0002b43a   0x00000012   Code   RO         8864    i.dispcolor_DrawChar_Bg  dispcolor.o
    0x0002b44c   0x0002b44c   0x000000e6   Code   RO         8865    i.dispcolor_DrawChar_General  dispcolor.o
    0x0002b532   0x0002b532   0x00000002   PAD
    0x0002b534   0x0002b534   0x0000009e   Code   RO         8866    i.dispcolor_DrawCircle  dispcolor.o
    0x0002b5d2   0x0002b5d2   0x00000004   Code   RO         8872    i.dispcolor_DrawPixel  dispcolor.o
    0x0002b5d6   0x0002b5d6   0x00000078   Code   RO         8877    i.dispcolor_DrawString_General  dispcolor.o
    0x0002b64e   0x0002b64e   0x00000004   Code   RO         8879    i.dispcolor_FillScreen  dispcolor.o
    0x0002b652   0x0002b652   0x00000032   Code   RO         8881    i.dispcolor_printf  dispcolor.o
    0x0002b684   0x0002b684   0x00000014   Code   RO         7905    i.dropped_sat16_get  nrf_log_frontend.o
    0x0002b698   0x0002b698   0x00000030   Code   RO         1556    i.eTaskConfirmSleepModeStatus  tasks.o
    0x0002b6c8   0x0002b6c8   0x0000000a   Code   RO         3993    i.encryption_failure  security_dispatcher.o
    0x0002b6d2   0x0002b6d2   0x00000002   PAD
    0x0002b6d4   0x0002b6d4   0x0000004c   Code   RO         7399    i.erase             nrf_fstorage_sd.o
    0x0002b720   0x0002b720   0x00000074   Code   RO         6504    i.event_prepare     fds.o
    0x0002b794   0x0002b794   0x00000020   Code   RO         6505    i.event_send        fds.o
    0x0002b7b4   0x0002b7b4   0x00000054   Code   RO         7400    i.event_send        nrf_fstorage_sd.o
    0x0002b808   0x0002b808   0x00000098   Code   RO         4131    i.events_send_from_err_code  security_manager.o
    0x0002b8a0   0x0002b8a0   0x000000e0   Code   RO         6162    i.evt_handle        app_button.o
    0x0002b980   0x0002b980   0x0000001c   Code   RO         2625    i.evt_send          gatt_cache_manager.o
    0x0002b99c   0x0002b99c   0x0000001c   Code   RO         2787    i.evt_send          gatts_cache_manager.o
    0x0002b9b8   0x0002b9b8   0x0000002c   Code   RO         3541    i.evt_send          peer_manager.o
    0x0002b9e4   0x0002b9e4   0x0000001c   Code   RO         3994    i.evt_send          security_dispatcher.o
    0x0002ba00   0x0002ba00   0x0000000c   Code   RO         4132    i.evt_send          security_manager.o
    0x0002ba0c   0x0002ba0c   0x00000010   Code   RO         9044    i.f10x16f_GetCharTable  f16f.o
    0x0002ba1c   0x0002ba1c   0x00000024   Code   RO         9062    i.f24f_GetCharTable  f24f.o
    0x0002ba40   0x0002ba40   0x00000020   Code   RO         9080    i.f32f_GetCharTable  f32f.o
    0x0002ba60   0x0002ba60   0x00000010   Code   RO         9026    i.f6x8m_GetCharTable  f6x8m.o
    0x0002ba70   0x0002ba70   0x000000e0   Code   RO         3191    i.fds_evt_handler   peer_data_storage.o
    0x0002bb50   0x0002bb50   0x00000048   Code   RO         6507    i.fds_file_delete   fds.o
    0x0002bb98   0x0002bb98   0x00000040   Code   RO         6508    i.fds_gc            fds.o
    0x0002bbd8   0x0002bbd8   0x000000e4   Code   RO         6509    i.fds_init          fds.o
    0x0002bcbc   0x0002bcbc   0x00000048   Code   RO         6510    i.fds_record_close  fds.o
    0x0002bd04   0x0002bd04   0x0000000e   Code   RO         6512    i.fds_record_find   fds.o
    0x0002bd12   0x0002bd12   0x00000010   Code   RO         6513    i.fds_record_find_by_key  fds.o
    0x0002bd22   0x0002bd22   0x00000010   Code   RO         6514    i.fds_record_find_in_file  fds.o
    0x0002bd32   0x0002bd32   0x00000012   Code   RO         6515    i.fds_record_id_from_desc  fds.o
    0x0002bd44   0x0002bd44   0x0000004c   Code   RO         6517    i.fds_record_open   fds.o
    0x0002bd90   0x0002bd90   0x00000010   Code   RO         6518    i.fds_record_update  fds.o
    0x0002bda0   0x0002bda0   0x00000008   Code   RO         6519    i.fds_record_write  fds.o
    0x0002bda8   0x0002bda8   0x00000030   Code   RO         6521    i.fds_register      fds.o
    0x0002bdd8   0x0002bdd8   0x000000a0   Code   RO         6524    i.fds_stat          fds.o
    0x0002be78   0x0002be78   0x00000014   Code   RO         3192    i.file_id_within_pm_range  peer_data_storage.o
    0x0002be8c   0x0002be8c   0x00000012   Code   RO         3995    i.flag_id_init      security_dispatcher.o
    0x0002be9e   0x0002be9e   0x00000012   Code   RO         4133    i.flag_id_init      security_manager.o
    0x0002beb0   0x0002beb0   0x0000000a   Code   RO         2408    i.flag_toggle       ble_conn_state.o
    0x0002beba   0x0002beba   0x00000028   Code   RO         2233    i.flags_set         ble_advertising.o
    0x0002bee2   0x0002bee2   0x00000002   PAD
    0x0002bee4   0x0002bee4   0x00000030   Code   RO         4134    i.flags_set_from_err_code  security_manager.o
    0x0002bf14   0x0002bf14   0x00000004   Code   RO         9098    i.font_GetCharHeight  font.o
    0x0002bf18   0x0002bf18   0x00000004   Code   RO         9099    i.font_GetCharWidth  font.o
    0x0002bf1c   0x0002bf1c   0x00000010   Code   RO         9100    i.font_GetFontStruct  font.o
    0x0002bf2c   0x0002bf2c   0x00000030   Code   RO         2409    i.for_each_set_flag  ble_conn_state.o
    0x0002bf5c   0x0002bf5c   0x00000006   Code   RO         6525    i.fs_event_handler  fds.o
    0x0002bf62   0x0002bf62   0x00000002   PAD
    0x0002bf64   0x0002bf64   0x00000070   Code   RO           11    i.gap_params_init   main.o
    0x0002bfd4   0x0002bfd4   0x00000080   Code   RO         6526    i.gc_execute        fds.o
    0x0002c054   0x0002c054   0x0000004c   Code   RO         6527    i.gc_next_page      fds.o
    0x0002c0a0   0x0002c0a0   0x00000040   Code   RO         6528    i.gc_page_erase     fds.o
    0x0002c0e0   0x0002c0e0   0x00000034   Code   RO         6529    i.gc_record_copy    fds.o
    0x0002c114   0x0002c114   0x00000024   Code   RO         6530    i.gc_record_find_next  fds.o
    0x0002c138   0x0002c138   0x00000070   Code   RO         6531    i.gc_state_advance  fds.o
    0x0002c1a8   0x0002c1a8   0x00000030   Code   RO         6532    i.gc_swap_pages     fds.o
    0x0002c1d8   0x0002c1d8   0x00000230   Code   RO         2626    i.gcm_ble_evt_handler  gatt_cache_manager.o
    0x0002c408   0x0002c408   0x0000003c   Code   RO         2627    i.gcm_im_evt_handler  gatt_cache_manager.o
    0x0002c444   0x0002c444   0x00000094   Code   RO         2628    i.gcm_init          gatt_cache_manager.o
    0x0002c4d8   0x0002c4d8   0x00000088   Code   RO         2631    i.gcm_pdb_evt_handler  gatt_cache_manager.o
    0x0002c560   0x0002c560   0x0000003c   Code   RO         6163    i.gpiote_event_handler  app_button.o
    0x0002c59c   0x0002c59c   0x0000001c   Code   RO         2788    i.gscm_db_change_notification_done  gatts_cache_manager.o
    0x0002c5b8   0x0002c5b8   0x00000014   Code   RO         2789    i.gscm_init         gatts_cache_manager.o
    0x0002c5cc   0x0002c5cc   0x00000090   Code   RO         2791    i.gscm_local_db_cache_apply  gatts_cache_manager.o
    0x0002c65c   0x0002c65c   0x000000ac   Code   RO         2792    i.gscm_local_db_cache_update  gatts_cache_manager.o
    0x0002c708   0x0002c708   0x00000018   Code   RO         2793    i.gscm_pdb_evt_handler  gatts_cache_manager.o
    0x0002c720   0x0002c720   0x0000001e   Code   RO         2794    i.gscm_service_changed_ind_needed  gatts_cache_manager.o
    0x0002c73e   0x0002c73e   0x00000002   PAD
    0x0002c740   0x0002c740   0x0000005c   Code   RO         2795    i.gscm_service_changed_ind_send  gatts_cache_manager.o
    0x0002c79c   0x0002c79c   0x0000002c   Code   RO         6533    i.header_check      fds.o
    0x0002c7c8   0x0002c7c8   0x00000012   Code   RO         6534    i.header_has_next   fds.o
    0x0002c7da   0x0002c7da   0x00000002   PAD
    0x0002c7dc   0x0002c7dc   0x00000058   Code   RO           12    i.heart_rate_meas_timeout_handler  main.o
    0x0002c834   0x0002c834   0x00000098   Code   RO         4416    i.hrm_encode        ble_hrs.o
    0x0002c8cc   0x0002c8cc   0x00000046   Code   RO         2884    i.im_address_resolve  id_manager.o
    0x0002c912   0x0002c912   0x00000002   PAD
    0x0002c914   0x0002c914   0x00000038   Code   RO         2885    i.im_ble_addr_get   id_manager.o
    0x0002c94c   0x0002c94c   0x000000dc   Code   RO         2886    i.im_ble_evt_handler  id_manager.o
    0x0002ca28   0x0002ca28   0x00000040   Code   RO         2887    i.im_conn_handle_get  id_manager.o
    0x0002ca68   0x0002ca68   0x00000038   Code   RO         2889    i.im_find_duplicate_bonding_data  id_manager.o
    0x0002caa0   0x0002caa0   0x00000072   Code   RO         2892    i.im_is_duplicate_bonding_data  id_manager.o
    0x0002cb12   0x0002cb12   0x00000018   Code   RO         2893    i.im_master_id_is_valid  id_manager.o
    0x0002cb2a   0x0002cb2a   0x0000002a   Code   RO         2894    i.im_master_ids_compare  id_manager.o
    0x0002cb54   0x0002cb54   0x00000014   Code   RO         2895    i.im_new_peer_id    id_manager.o
    0x0002cb68   0x0002cb68   0x0000002c   Code   RO         2896    i.im_peer_free      id_manager.o
    0x0002cb94   0x0002cb94   0x00000024   Code   RO         2897    i.im_peer_id_get_by_conn_handle  id_manager.o
    0x0002cbb8   0x0002cbb8   0x0000003c   Code   RO         2898    i.im_peer_id_get_by_master_id  id_manager.o
    0x0002cbf4   0x0002cbf4   0x00000034   Code   RO         7401    i.init              nrf_fstorage_sd.o
    0x0002cc28   0x0002cc28   0x000000c8   Code   RO         6535    i.init_execute      fds.o
    0x0002ccf0   0x0002ccf0   0x00000014   Code   RO         2320    i.instance_get      ble_conn_params.o
    0x0002cd04   0x0002cd04   0x000000a6   Code   RO         7273    i.int_print         nrf_fprintf_format.o
    0x0002cdaa   0x0002cdaa   0x00000002   PAD
    0x0002cdac   0x0002cdac   0x00000088   Code   RO         5546    i.interrupts_enable  nrfx_uarte.o
    0x0002ce34   0x0002ce34   0x00000034   Code   RO         7906    i.invalid_packets_omit  nrf_log_frontend.o
    0x0002ce68   0x0002ce68   0x00000050   Code   RO         6019    i.irq_handler       nrfx_spim.o
    0x0002ceb8   0x0002ceb8   0x00000010   Code   RO         7402    i.is_busy           nrf_fstorage_sd.o
    0x0002cec8   0x0002cec8   0x00000044   Code   RO         2321    i.is_conn_params_ok  ble_conn_params.o
    0x0002cf0c   0x0002cf0c   0x00000014   Code   RO         2903    i.is_valid_irk      id_manager.o
    0x0002cf20   0x0002cf20   0x0000000c   Code   RO         6536    i.is_word_aligned   fds.o
    0x0002cf2c   0x0002cf2c   0x00000016   Code   RO         4486    i.item_enqueue      nrf_drv_clock.o
    0x0002cf42   0x0002cf42   0x00000002   PAD
    0x0002cf44   0x0002cf44   0x00000030   Code   RO          691    i.leds_off          bsp.o
    0x0002cf74   0x0002cf74   0x00000014   Code   RO          692    i.leds_timer_handler  bsp.o
    0x0002cf88   0x0002cf88   0x00000014   Code   RO         3049    i.link_init         nrf_ble_gatt.o
    0x0002cf9c   0x0002cf9c   0x000000d0   Code   RO         4135    i.link_secure       security_manager.o
    0x0002d06c   0x0002d06c   0x0000003c   Code   RO         3996    i.link_secure_failure  security_dispatcher.o
    0x0002d0a8   0x0002d0a8   0x0000002c   Code   RO         4136    i.link_secure_pending_handle  security_manager.o
    0x0002d0d4   0x0002d0d4   0x000000a8   Code   RO         2632    i.local_db_apply_in_evt  gatt_cache_manager.o
    0x0002d17c   0x0002d17c   0x00000010   Code   RO         2633    i.local_db_update   gatt_cache_manager.o
    0x0002d18c   0x0002d18c   0x0000010c   Code   RO         2634    i.local_db_update_in_evt  gatt_cache_manager.o
    0x0002d298   0x0002d298   0x000000a4   Code   RO         7907    i.log_skip          nrf_log_frontend.o
    0x0002d33c   0x0002d33c   0x0000000e   Code   RO           13    i.logger_thread     main.o
    0x0002d34a   0x0002d34a   0x00000002   PAD
    0x0002d34c   0x0002d34c   0x00000278   Code   RO           14    i.main              main.o
    0x0002d5c4   0x0002d5c4   0x00000064   Code   RO         2125    i.manuf_specific_data_encode  ble_advdata.o
    0x0002d628   0x0002d628   0x0000007e   Code   RO         7511    i.memobj_op         nrf_memobj.o
    0x0002d6a6   0x0002d6a6   0x00000002   PAD
    0x0002d6a8   0x0002d6a8   0x00000030   Code   RO         7908    i.module_idx_get    nrf_log_frontend.o
    0x0002d6d8   0x0002d6d8   0x00000008   Code   RO         3943    i.mutex_lock_status_get  pm_buffer.o
    0x0002d6e0   0x0002d6e0   0x000000a6   Code   RO         2126    i.name_encode       ble_advdata.o
    0x0002d786   0x0002d786   0x00000002   PAD
    0x0002d788   0x0002d788   0x00000014   Code   RO         4137    i.new_context_get   security_manager.o
    0x0002d79c   0x0002d79c   0x00000032   Code   RO         4138    i.new_evt           security_manager.o
    0x0002d7ce   0x0002d7ce   0x00000030   Code   RO         3451    i.next_id_get       peer_id.o
    0x0002d7fe   0x0002d7fe   0x00000010   Code   RO         6926    i.nrf_atfifo_clear  nrf_atfifo.o
    0x0002d80e   0x0002d80e   0x00000026   Code   RO         6928    i.nrf_atfifo_init   nrf_atfifo.o
    0x0002d834   0x0002d834   0x00000016   Code   RO         6929    i.nrf_atfifo_item_alloc  nrf_atfifo.o
    0x0002d84a   0x0002d84a   0x00000016   Code   RO         6930    i.nrf_atfifo_item_free  nrf_atfifo.o
    0x0002d860   0x0002d860   0x00000016   Code   RO         6931    i.nrf_atfifo_item_get  nrf_atfifo.o
    0x0002d876   0x0002d876   0x00000016   Code   RO         6932    i.nrf_atfifo_item_put  nrf_atfifo.o
    0x0002d88c   0x0002d88c   0x00000016   Code   RO         6994    i.nrf_atflags_clear  nrf_atflags.o
    0x0002d8a2   0x0002d8a2   0x00000020   Code   RO         6996    i.nrf_atflags_fetch_set  nrf_atflags.o
    0x0002d8c2   0x0002d8c2   0x0000004a   Code   RO         6998    i.nrf_atflags_find_and_set_flag  nrf_atflags.o
    0x0002d90c   0x0002d90c   0x00000016   Code   RO         6999    i.nrf_atflags_get   nrf_atflags.o
    0x0002d922   0x0002d922   0x00000014   Code   RO         7001    i.nrf_atflags_set   nrf_atflags.o
    0x0002d936   0x0002d936   0x00000006   Code   RO         7062    i.nrf_atomic_flag_clear_fetch  nrf_atomic.o
    0x0002d93c   0x0002d93c   0x00000006   Code   RO         7063    i.nrf_atomic_flag_set  nrf_atomic.o
    0x0002d942   0x0002d942   0x00000006   Code   RO         7064    i.nrf_atomic_flag_set_fetch  nrf_atomic.o
    0x0002d948   0x0002d948   0x0000000c   Code   RO         7065    i.nrf_atomic_u32_add  nrf_atomic.o
    0x0002d954   0x0002d954   0x0000000c   Code   RO         7066    i.nrf_atomic_u32_and  nrf_atomic.o
    0x0002d960   0x0002d960   0x0000000a   Code   RO         7068    i.nrf_atomic_u32_fetch_add  nrf_atomic.o
    0x0002d96a   0x0002d96a   0x0000000a   Code   RO         7069    i.nrf_atomic_u32_fetch_and  nrf_atomic.o
    0x0002d974   0x0002d974   0x0000000a   Code   RO         7070    i.nrf_atomic_u32_fetch_or  nrf_atomic.o
    0x0002d97e   0x0002d97e   0x0000000a   Code   RO         7071    i.nrf_atomic_u32_fetch_store  nrf_atomic.o
    0x0002d988   0x0002d988   0x0000000c   Code   RO         7075    i.nrf_atomic_u32_or  nrf_atomic.o
    0x0002d994   0x0002d994   0x0000000c   Code   RO         7077    i.nrf_atomic_u32_sub  nrf_atomic.o
    0x0002d9a0   0x0002d9a0   0x00000044   Code   RO         7196    i.nrf_balloc_alloc  nrf_balloc.o
    0x0002d9e4   0x0002d9e4   0x00000030   Code   RO         7197    i.nrf_balloc_free   nrf_balloc.o
    0x0002da14   0x0002da14   0x00000030   Code   RO         7198    i.nrf_balloc_init   nrf_balloc.o
    0x0002da44   0x0002da44   0x00000010   Code   RO         4972    i.nrf_bitmask_bit_is_set  nrfx_gpiote.o
    0x0002da54   0x0002da54   0x00000022   Code   RO         3055    i.nrf_ble_gatt_init  nrf_ble_gatt.o
    0x0002da76   0x0002da76   0x00000002   PAD
    0x0002da78   0x0002da78   0x00000150   Code   RO         3056    i.nrf_ble_gatt_on_ble_evt  nrf_ble_gatt.o
    0x0002dbc8   0x0002dbc8   0x00000016   Code   RO         3150    i.nrf_ble_qwr_conn_handle_assign  nrf_ble_qwr.o
    0x0002dbde   0x0002dbde   0x00000024   Code   RO         3151    i.nrf_ble_qwr_init  nrf_ble_qwr.o
    0x0002dc02   0x0002dc02   0x000000b6   Code   RO         3152    i.nrf_ble_qwr_on_ble_evt  nrf_ble_qwr.o
    0x0002dcb8   0x0002dcb8   0x0000000e   Code   RO         4830    i.nrf_clock_event_check  nrfx_clock.o
    0x0002dcc6   0x0002dcc6   0x00000010   Code   RO         4831    i.nrf_clock_event_clear  nrfx_clock.o
    0x0002dcd6   0x0002dcd6   0x00000002   PAD
    0x0002dcd8   0x0002dcd8   0x00000020   Code   RO           15    i.nrf_delay_ms      main.o
    0x0002dcf8   0x0002dcf8   0x00000020   Code   RO         9281    i.nrf_delay_ms      st7789lib.o
    0x0002dd18   0x0002dd18   0x00000040   Code   RO         4492    i.nrf_drv_clock_init  nrf_drv_clock.o
    0x0002dd58   0x0002dd58   0x00000034   Code   RO         4496    i.nrf_drv_clock_lfclk_release  nrf_drv_clock.o
    0x0002dd8c   0x0002dd8c   0x00000054   Code   RO         4497    i.nrf_drv_clock_lfclk_request  nrf_drv_clock.o
    0x0002dde0   0x0002dde0   0x00000068   Code   RO         4638    i.nrf_drv_uart_init  nrf_drv_uart.o
    0x0002de48   0x0002de48   0x0000001a   Code   RO         7233    i.nrf_fprintf       nrf_fprintf.o
    0x0002de62   0x0002de62   0x00000018   Code   RO         7234    i.nrf_fprintf_buffer_flush  nrf_fprintf.o
    0x0002de7a   0x0002de7a   0x000001da   Code   RO         7274    i.nrf_fprintf_fmt   nrf_fprintf_format.o
    0x0002e054   0x0002e054   0x00000138   Code   RO         7314    i.nrf_fstorage_erase  nrf_fstorage.o
    0x0002e18c   0x0002e18c   0x00000094   Code   RO         7315    i.nrf_fstorage_init  nrf_fstorage.o
    0x0002e220   0x0002e220   0x00000018   Code   RO         7403    i.nrf_fstorage_sdh_req_handler  nrf_fstorage_sd.o
    0x0002e238   0x0002e238   0x00000020   Code   RO         7404    i.nrf_fstorage_sdh_state_handler  nrf_fstorage_sd.o
    0x0002e258   0x0002e258   0x000000a4   Code   RO         7405    i.nrf_fstorage_sys_evt_handler  nrf_fstorage_sd.o
    0x0002e2fc   0x0002e2fc   0x000001dc   Code   RO         7321    i.nrf_fstorage_write  nrf_fstorage.o
    0x0002e4d8   0x0002e4d8   0x00000032   Code   RO          570    i.nrf_gpio_cfg      boards.o
    0x0002e50a   0x0002e50a   0x00000032   Code   RO         4973    i.nrf_gpio_cfg      nrfx_gpiote.o
    0x0002e53c   0x0002e53c   0x00000032   Code   RO         5348    i.nrf_gpio_cfg      nrfx_uart.o
    0x0002e56e   0x0002e56e   0x00000032   Code   RO         5547    i.nrf_gpio_cfg      nrfx_uarte.o
    0x0002e5a0   0x0002e5a0   0x00000032   Code   RO         6020    i.nrf_gpio_cfg      nrfx_spim.o
    0x0002e5d2   0x0002e5d2   0x00000012   Code   RO         5349    i.nrf_gpio_cfg_default  nrfx_uart.o
    0x0002e5e4   0x0002e5e4   0x00000012   Code   RO         5548    i.nrf_gpio_cfg_default  nrfx_uarte.o
    0x0002e5f6   0x0002e5f6   0x00000012   Code   RO         5350    i.nrf_gpio_cfg_input  nrfx_uart.o
    0x0002e608   0x0002e608   0x00000012   Code   RO         5549    i.nrf_gpio_cfg_input  nrfx_uarte.o
    0x0002e61a   0x0002e61a   0x00000014   Code   RO         5351    i.nrf_gpio_cfg_output  nrfx_uart.o
    0x0002e62e   0x0002e62e   0x00000014   Code   RO         5550    i.nrf_gpio_cfg_output  nrfx_uarte.o
    0x0002e642   0x0002e642   0x00000014   Code   RO         6021    i.nrf_gpio_cfg_output  nrfx_spim.o
    0x0002e656   0x0002e656   0x00000018   Code   RO         9282    i.nrf_gpio_cfg_output  st7789lib.o
    0x0002e66e   0x0002e66e   0x00000030   Code   RO         4975    i.nrf_gpio_cfg_sense_set  nrfx_gpiote.o
    0x0002e69e   0x0002e69e   0x00000002   PAD
    0x0002e6a0   0x0002e6a0   0x00000030   Code   RO         4976    i.nrf_gpio_latches_read_and_clear  nrfx_gpiote.o
    0x0002e6d0   0x0002e6d0   0x00000014   Code   RO         6022    i.nrf_gpio_pin_clear  nrfx_spim.o
    0x0002e6e4   0x0002e6e4   0x00000014   Code   RO         9283    i.nrf_gpio_pin_clear  st7789lib.o
    0x0002e6f8   0x0002e6f8   0x0000001c   Code   RO          571    i.nrf_gpio_pin_port_decode  boards.o
    0x0002e714   0x0002e714   0x0000001c   Code   RO         4978    i.nrf_gpio_pin_port_decode  nrfx_gpiote.o
    0x0002e730   0x0002e730   0x0000001c   Code   RO         5352    i.nrf_gpio_pin_port_decode  nrfx_uart.o
    0x0002e74c   0x0002e74c   0x0000001c   Code   RO         5551    i.nrf_gpio_pin_port_decode  nrfx_uarte.o
    0x0002e768   0x0002e768   0x0000001c   Code   RO         6023    i.nrf_gpio_pin_port_decode  nrfx_spim.o
    0x0002e784   0x0002e784   0x0000001c   Code   RO         9284    i.nrf_gpio_pin_port_decode  st7789lib.o
    0x0002e7a0   0x0002e7a0   0x0000002c   Code   RO         4979    i.nrf_gpio_pin_present_check  nrfx_gpiote.o
    0x0002e7cc   0x0002e7cc   0x00000016   Code   RO         4980    i.nrf_gpio_pin_read  nrfx_gpiote.o
    0x0002e7e2   0x0002e7e2   0x00000014   Code   RO         5353    i.nrf_gpio_pin_set  nrfx_uart.o
    0x0002e7f6   0x0002e7f6   0x00000014   Code   RO         5552    i.nrf_gpio_pin_set  nrfx_uarte.o
    0x0002e80a   0x0002e80a   0x00000014   Code   RO         6024    i.nrf_gpio_pin_set  nrfx_spim.o
    0x0002e81e   0x0002e81e   0x00000014   Code   RO         9285    i.nrf_gpio_pin_set  st7789lib.o
    0x0002e832   0x0002e832   0x00000026   Code   RO          572    i.nrf_gpio_pin_write  boards.o
    0x0002e858   0x0002e858   0x00000014   Code   RO         4982    i.nrf_gpiote_event_clear  nrfx_gpiote.o
    0x0002e86c   0x0002e86c   0x00000010   Code   RO         4983    i.nrf_gpiote_event_is_set  nrfx_gpiote.o
    0x0002e87c   0x0002e87c   0x0000005c   Code   RO         7909    i.nrf_log_backend_add  nrf_log_frontend.o
    0x0002e8d8   0x0002e8d8   0x000000c8   Code   RO         7754    i.nrf_log_backend_serial_put  nrf_log_backend_serial.o
    0x0002e9a0   0x0002e9a0   0x00000002   Code   RO         7794    i.nrf_log_backend_uart_flush  nrf_log_backend_uart.o
    0x0002e9a2   0x0002e9a2   0x00000006   Code   RO         7795    i.nrf_log_backend_uart_init  nrf_log_backend_uart.o
    0x0002e9a8   0x0002e9a8   0x0000002c   Code   RO         7796    i.nrf_log_backend_uart_panic_set  nrf_log_backend_uart.o
    0x0002e9d4   0x0002e9d4   0x00000018   Code   RO         7797    i.nrf_log_backend_uart_put  nrf_log_backend_uart.o
    0x0002e9ec   0x0002e9ec   0x00000030   Code   RO         7911    i.nrf_log_color_id_get  nrf_log_frontend.o
    0x0002ea1c   0x0002ea1c   0x0000001c   Code   RO         7867    i.nrf_log_default_backends_init  nrf_log_default_backends.o
    0x0002ea38   0x0002ea38   0x00000238   Code   RO         7912    i.nrf_log_frontend_dequeue  nrf_log_frontend.o
    0x0002ec70   0x0002ec70   0x00000008   Code   RO         7914    i.nrf_log_frontend_std_0  nrf_log_frontend.o
    0x0002ec78   0x0002ec78   0x0000000e   Code   RO         7915    i.nrf_log_frontend_std_1  nrf_log_frontend.o
    0x0002ec86   0x0002ec86   0x00000010   Code   RO         7916    i.nrf_log_frontend_std_2  nrf_log_frontend.o
    0x0002ec96   0x0002ec96   0x00000012   Code   RO         7917    i.nrf_log_frontend_std_3  nrf_log_frontend.o
    0x0002eca8   0x0002eca8   0x00000014   Code   RO         7918    i.nrf_log_frontend_std_4  nrf_log_frontend.o
    0x0002ecbc   0x0002ecbc   0x000000b0   Code   RO         8090    i.nrf_log_hexdump_entry_process  nrf_log_str_formatter.o
    0x0002ed6c   0x0002ed6c   0x00000028   Code   RO         7921    i.nrf_log_init      nrf_log_frontend.o
    0x0002ed94   0x0002ed94   0x00000014   Code   RO         7922    i.nrf_log_module_cnt_get  nrf_log_frontend.o
    0x0002eda8   0x0002eda8   0x0000001c   Code   RO         7925    i.nrf_log_module_name_get  nrf_log_frontend.o
    0x0002edc4   0x0002edc4   0x00000028   Code   RO         7926    i.nrf_log_panic     nrf_log_frontend.o
    0x0002edec   0x0002edec   0x000000b6   Code   RO         8091    i.nrf_log_std_entry_process  nrf_log_str_formatter.o
    0x0002eea2   0x0002eea2   0x00000060   Code   RO         7512    i.nrf_memobj_alloc  nrf_memobj.o
    0x0002ef02   0x0002ef02   0x00000032   Code   RO         7513    i.nrf_memobj_free   nrf_memobj.o
    0x0002ef34   0x0002ef34   0x00000008   Code   RO         7514    i.nrf_memobj_get    nrf_memobj.o
    0x0002ef3c   0x0002ef3c   0x00000004   Code   RO         7515    i.nrf_memobj_pool_init  nrf_memobj.o
    0x0002ef40   0x0002ef40   0x0000001e   Code   RO         7516    i.nrf_memobj_put    nrf_memobj.o
    0x0002ef5e   0x0002ef5e   0x00000010   Code   RO         7517    i.nrf_memobj_read   nrf_memobj.o
    0x0002ef6e   0x0002ef6e   0x00000010   Code   RO         7518    i.nrf_memobj_write  nrf_memobj.o
    0x0002ef7e   0x0002ef7e   0x00000004   Code   RO           16    i.nrf_qwr_error_handler  main.o
    0x0002ef82   0x0002ef82   0x0000001c   Code   RO         7581    i.nrf_ringbuf_init  nrf_ringbuf.o
    0x0002ef9e   0x0002ef9e   0x0000000c   Code   RO         1159    i.nrf_rtc_event_clear  port_cmsis_systick.o
    0x0002efaa   0x0002efaa   0x00000002   PAD
    0x0002efac   0x0002efac   0x00000014   Code   RO         8620    i.nrf_sdh_ble_app_ram_start_get  nrf_sdh_ble.o
    0x0002efc0   0x0002efc0   0x00000084   Code   RO         8621    i.nrf_sdh_ble_default_cfg_set  nrf_sdh_ble.o
    0x0002f044   0x0002f044   0x00000014   Code   RO         8622    i.nrf_sdh_ble_enable  nrf_sdh_ble.o
    0x0002f058   0x0002f058   0x0000005c   Code   RO         8623    i.nrf_sdh_ble_evts_poll  nrf_sdh_ble.o
    0x0002f0b4   0x0002f0b4   0x00000054   Code   RO         8505    i.nrf_sdh_disable_request  nrf_sdh.o
    0x0002f108   0x0002f108   0x00000074   Code   RO         8506    i.nrf_sdh_enable_request  nrf_sdh.o
    0x0002f17c   0x0002f17c   0x00000024   Code   RO         8507    i.nrf_sdh_evts_poll  nrf_sdh.o
    0x0002f1a0   0x0002f1a0   0x00000070   Code   RO         8674    i.nrf_sdh_freertos_init  nrf_sdh_freertos.o
    0x0002f210   0x0002f210   0x0000000c   Code   RO         8508    i.nrf_sdh_is_enabled  nrf_sdh.o
    0x0002f21c   0x0002f21c   0x0000001c   Code   RO         8510    i.nrf_sdh_request_continue  nrf_sdh.o
    0x0002f238   0x0002f238   0x0000003c   Code   RO         8717    i.nrf_sdh_soc_evts_poll  nrf_sdh_soc.o
    0x0002f274   0x0002f274   0x0000000a   Code   RO         7639    i.nrf_section_iter_init  nrf_section_iter.o
    0x0002f27e   0x0002f27e   0x00000024   Code   RO         7640    i.nrf_section_iter_item_set  nrf_section_iter.o
    0x0002f2a2   0x0002f2a2   0x00000020   Code   RO         7641    i.nrf_section_iter_next  nrf_section_iter.o
    0x0002f2c2   0x0002f2c2   0x0000000a   Code   RO         6025    i.nrf_spim_event_check  nrfx_spim.o
    0x0002f2cc   0x0002f2cc   0x00000038   Code   RO         7674    i.nrf_strerror_find  nrf_strerror.o
    0x0002f304   0x0002f304   0x00000014   Code   RO         7675    i.nrf_strerror_get  nrf_strerror.o
    0x0002f318   0x0002f318   0x0000000a   Code   RO         5802    i.nrf_twi_event_check  nrfx_twi.o
    0x0002f322   0x0002f322   0x0000000c   Code   RO         5803    i.nrf_twi_event_clear  nrfx_twi.o
    0x0002f32e   0x0002f32e   0x0000000a   Code   RO         5354    i.nrf_uart_event_check  nrfx_uart.o
    0x0002f338   0x0002f338   0x0000000c   Code   RO         5355    i.nrf_uart_event_clear  nrfx_uart.o
    0x0002f344   0x0002f344   0x0000000c   Code   RO         5356    i.nrf_uart_int_enable_check  nrfx_uart.o
    0x0002f350   0x0002f350   0x0000000a   Code   RO         5553    i.nrf_uarte_event_check  nrfx_uarte.o
    0x0002f35a   0x0002f35a   0x0000000c   Code   RO         5554    i.nrf_uarte_event_clear  nrfx_uarte.o
    0x0002f366   0x0002f366   0x00000002   PAD
    0x0002f368   0x0002f368   0x00000010   Code   RO         4499    i.nrf_wdt_started   nrf_drv_clock.o
    0x0002f378   0x0002f378   0x0000002c   Code   RO         4836    i.nrfx_clock_enable  nrfx_clock.o
    0x0002f3a4   0x0002f3a4   0x00000020   Code   RO         4839    i.nrfx_clock_init   nrfx_clock.o
    0x0002f3c4   0x0002f3c4   0x00000020   Code   RO         4841    i.nrfx_clock_lfclk_start  nrfx_clock.o
    0x0002f3e4   0x0002f3e4   0x00000030   Code   RO         4842    i.nrfx_clock_lfclk_stop  nrfx_clock.o
    0x0002f414   0x0002f414   0x00000098   Code   RO         4989    i.nrfx_gpiote_in_event_enable  nrfx_gpiote.o
    0x0002f4ac   0x0002f4ac   0x000000d0   Code   RO         4991    i.nrfx_gpiote_in_init  nrfx_gpiote.o
    0x0002f57c   0x0002f57c   0x0000000e   Code   RO         4992    i.nrfx_gpiote_in_is_set  nrfx_gpiote.o
    0x0002f58a   0x0002f58a   0x00000002   PAD
    0x0002f58c   0x0002f58c   0x00000078   Code   RO         4994    i.nrfx_gpiote_init  nrfx_gpiote.o
    0x0002f604   0x0002f604   0x00000014   Code   RO         4995    i.nrfx_gpiote_is_init  nrfx_gpiote.o
    0x0002f618   0x0002f618   0x00000010   Code   RO         5555    i.nrfx_is_in_ram    nrfx_uarte.o
    0x0002f628   0x0002f628   0x00000010   Code   RO         6026    i.nrfx_is_in_ram    nrfx_spim.o
    0x0002f638   0x0002f638   0x0000003a   Code   RO         5294    i.nrfx_prs_acquire  nrfx_prs.o
    0x0002f672   0x0002f672   0x00000012   Code   RO         5295    i.nrfx_prs_release  nrfx_prs.o
    0x0002f684   0x0002f684   0x000001cc   Code   RO         6029    i.nrfx_spim_init    nrfx_spim.o
    0x0002f850   0x0002f850   0x00000068   Code   RO         6032    i.nrfx_spim_xfer    nrfx_spim.o
    0x0002f8b8   0x0002f8b8   0x0000000c   Code   RO         6033    i.nrfx_spim_xfer_dcx  nrfx_spim.o
    0x0002f8c4   0x0002f8c4   0x00000010   Code   RO         5357    i.nrfx_uart_0_irq_handler  nrfx_uart.o
    0x0002f8d4   0x0002f8d4   0x000000d4   Code   RO         5359    i.nrfx_uart_init    nrfx_uart.o
    0x0002f9a8   0x0002f9a8   0x000000a8   Code   RO         5365    i.nrfx_uart_tx      nrfx_uart.o
    0x0002fa50   0x0002fa50   0x00000020   Code   RO         5367    i.nrfx_uart_tx_in_progress  nrfx_uart.o
    0x0002fa70   0x0002fa70   0x000000c0   Code   RO         5368    i.nrfx_uart_uninit  nrfx_uart.o
    0x0002fb30   0x0002fb30   0x00000010   Code   RO         5556    i.nrfx_uarte_0_irq_handler  nrfx_uarte.o
    0x0002fb40   0x0002fb40   0x0000006c   Code   RO         5558    i.nrfx_uarte_init   nrfx_uarte.o
    0x0002fbac   0x0002fbac   0x000000ac   Code   RO         5562    i.nrfx_uarte_tx     nrfx_uarte.o
    0x0002fc58   0x0002fc58   0x0000001c   Code   RO         5564    i.nrfx_uarte_tx_in_progress  nrfx_uarte.o
    0x0002fc74   0x0002fc74   0x00000108   Code   RO         5565    i.nrfx_uarte_uninit  nrfx_uarte.o
    0x0002fd7c   0x0002fd7c   0x00000054   Code   RO           17    i.on_adv_evt        main.o
    0x0002fdd0   0x0002fdd0   0x0000001c   Code   RO           18    i.on_conn_params_evt  main.o
    0x0002fdec   0x0002fdec   0x000000a8   Code   RO         3057    i.on_connected_evt  nrf_ble_gatt.o
    0x0002fe94   0x0002fe94   0x000000ac   Code   RO         3058    i.on_exchange_mtu_request_evt  nrf_ble_gatt.o
    0x0002ff40   0x0002ff40   0x00000024   Code   RO         6537    i.page_identify     fds.o
    0x0002ff64   0x0002ff64   0x0000001c   Code   RO         6538    i.page_offsets_update  fds.o
    0x0002ff80   0x0002ff80   0x0000006c   Code   RO         6539    i.page_scan         fds.o
    0x0002ffec   0x0002ffec   0x0000001c   Code   RO         6540    i.page_tag_write_data  fds.o
    0x00030008   0x00030008   0x00000024   Code   RO         6541    i.page_tag_write_swap  fds.o
    0x0003002c   0x0003002c   0x00000130   Code   RO         6542    i.pages_init        fds.o
    0x0003015c   0x0003015c   0x0000000c   Code   RO         3997    i.pairing           security_dispatcher.o
    0x00030168   0x00030168   0x00000074   Code   RO         3998    i.pairing_failure   security_dispatcher.o
    0x000301dc   0x000301dc   0x0000002e   Code   RO         3999    i.pairing_success_evt_send  security_dispatcher.o
    0x0003020a   0x0003020a   0x00000006   Code   RO         4139    i.params_reply_pending_handle  security_manager.o
    0x00030210   0x00030210   0x00000020   Code   RO         4140    i.params_req_send   security_manager.o
    0x00030230   0x00030230   0x0000001c   Code   RO         3331    i.pdb_evt_send      peer_database.o
    0x0003024c   0x0003024c   0x00000090   Code   RO         3332    i.pdb_init          peer_database.o
    0x000302dc   0x000302dc   0x0000007c   Code   RO         3333    i.pdb_pds_evt_handler  peer_database.o
    0x00030358   0x00030358   0x00000006   Code   RO         3334    i.pdb_peer_data_ptr_get  peer_database.o
    0x0003035e   0x0003035e   0x00000002   PAD
    0x00030360   0x00030360   0x0000008c   Code   RO         3335    i.pdb_peer_free     peer_database.o
    0x000303ec   0x000303ec   0x000000dc   Code   RO         3336    i.pdb_write_buf_get  peer_database.o
    0x000304c8   0x000304c8   0x00000014   Code   RO         3337    i.pdb_write_buf_release  peer_database.o
    0x000304dc   0x000304dc   0x00000036   Code   RO         3338    i.pdb_write_buf_store  peer_database.o
    0x00030512   0x00030512   0x00000002   PAD
    0x00030514   0x00030514   0x00000010   Code   RO         3193    i.pds_evt_send      peer_data_storage.o
    0x00030524   0x00030524   0x000000dc   Code   RO         3194    i.pds_init          peer_data_storage.o
    0x00030600   0x00030600   0x00000004   Code   RO         3195    i.pds_next_deleted_peer_id_get  peer_data_storage.o
    0x00030604   0x00030604   0x00000004   Code   RO         3196    i.pds_next_peer_id_get  peer_data_storage.o
    0x00030608   0x00030608   0x00000058   Code   RO         3199    i.pds_peer_data_iterate  peer_data_storage.o
    0x00030660   0x00030660   0x00000010   Code   RO         3200    i.pds_peer_data_iterate_prepare  peer_data_storage.o
    0x00030670   0x00030670   0x00000072   Code   RO         3201    i.pds_peer_data_read  peer_data_storage.o
    0x000306e2   0x000306e2   0x00000002   PAD
    0x000306e4   0x000306e4   0x000000b4   Code   RO         3202    i.pds_peer_data_store  peer_data_storage.o
    0x00030798   0x00030798   0x00000008   Code   RO         3203    i.pds_peer_id_allocate  peer_data_storage.o
    0x000307a0   0x000307a0   0x00000016   Code   RO         3204    i.pds_peer_id_free  peer_data_storage.o
    0x000307b6   0x000307b6   0x00000004   Code   RO         3205    i.pds_peer_id_is_allocated  peer_data_storage.o
    0x000307ba   0x000307ba   0x00000002   PAD
    0x000307bc   0x000307bc   0x000000a8   Code   RO         3207    i.peer_data_delete_process  peer_data_storage.o
    0x00030864   0x00030864   0x00000030   Code   RO         3208    i.peer_data_find    peer_data_storage.o
    0x00030894   0x00030894   0x00000024   Code   RO         3209    i.peer_data_id_is_valid  peer_data_storage.o
    0x000308b8   0x000308b8   0x0000001a   Code   RO         3339    i.peer_data_point_to_buffer  peer_database.o
    0x000308d2   0x000308d2   0x00000002   PAD
    0x000308d4   0x000308d4   0x0000000c   Code   RO         3452    i.peer_id_allocate  peer_id.o
    0x000308e0   0x000308e0   0x00000024   Code   RO         3453    i.peer_id_delete    peer_id.o
    0x00030904   0x00030904   0x0000001c   Code   RO         3454    i.peer_id_free      peer_id.o
    0x00030920   0x00030920   0x0000000c   Code   RO         3455    i.peer_id_get_next_deleted  peer_id.o
    0x0003092c   0x0003092c   0x00000030   Code   RO         3456    i.peer_id_get_next_used  peer_id.o
    0x0003095c   0x0003095c   0x0000000c   Code   RO         3457    i.peer_id_init      peer_id.o
    0x00030968   0x00030968   0x00000014   Code   RO         3458    i.peer_id_is_allocated  peer_id.o
    0x0003097c   0x0003097c   0x00000014   Code   RO         3459    i.peer_id_is_deleted  peer_id.o
    0x00030990   0x00030990   0x0000006c   Code   RO           19    i.peer_manager_init  main.o
    0x000309fc   0x000309fc   0x00000016   Code   RO         2234    i.phy_is_valid      ble_advertising.o
    0x00030a12   0x00030a12   0x00000002   PAD
    0x00030a14   0x00030a14   0x0000001c   Code   RO         5013    i.pin_configured_set  nrfx_gpiote.o
    0x00030a30   0x00030a30   0x00000018   Code   RO         5014    i.pin_in_use_by_port  nrfx_gpiote.o
    0x00030a48   0x00030a48   0x00000018   Code   RO         5015    i.pin_in_use_by_te  nrfx_gpiote.o
    0x00030a60   0x00030a60   0x00000064   Code   RO         3944    i.pm_buffer_block_acquire  pm_buffer.o
    0x00030ac4   0x00030ac4   0x00000024   Code   RO         3945    i.pm_buffer_init    pm_buffer.o
    0x00030ae8   0x00030ae8   0x00000028   Code   RO         3946    i.pm_buffer_ptr_get  pm_buffer.o
    0x00030b10   0x00030b10   0x00000032   Code   RO         3947    i.pm_buffer_release  pm_buffer.o
    0x00030b42   0x00030b42   0x00000002   PAD
    0x00030b44   0x00030b44   0x00000014   Code   RO         3546    i.pm_conn_sec_status_get  peer_manager.o
    0x00030b58   0x00030b58   0x0000001c   Code   RO         3547    i.pm_conn_secure    peer_manager.o
    0x00030b74   0x00030b74   0x00000024   Code   RO           20    i.pm_evt_handler    main.o
    0x00030b98   0x00030b98   0x00000004   Code   RO         3549    i.pm_gcm_evt_handler  peer_manager.o
    0x00030b9c   0x00030b9c   0x00000004   Code   RO         3550    i.pm_gscm_evt_handler  peer_manager.o
    0x00030ba0   0x00030ba0   0x00000244   Code   RO         3850    i.pm_handler_flash_clean  peer_manager_handler.o
    0x00030de4   0x00030de4   0x0000001c   Code   RO         3851    i.pm_handler_flash_clean_on_return  peer_manager_handler.o
    0x00030e00   0x00030e00   0x00000054   Code   RO         3852    i.pm_handler_on_pm_evt  peer_manager_handler.o
    0x00030e54   0x00030e54   0x00000310   Code   RO         3853    i.pm_handler_pm_evt_log  peer_manager_handler.o
    0x00031164   0x00031164   0x00000004   Code   RO         3553    i.pm_im_evt_handler  peer_manager.o
    0x00031168   0x00031168   0x000001bc   Code   RO         3554    i.pm_init           peer_manager.o
    0x00031324   0x00031324   0x00000118   Code   RO         3558    i.pm_pdb_evt_handler  peer_manager.o
    0x0003143c   0x0003143c   0x00000014   Code   RO         3569    i.pm_peer_delete    peer_manager.o
    0x00031450   0x00031450   0x0000011c   Code   RO         3573    i.pm_peer_rank_highest  peer_manager.o
    0x0003156c   0x0003156c   0x000000e8   Code   RO         3574    i.pm_peer_ranks_get  peer_manager.o
    0x00031654   0x00031654   0x00000094   Code   RO         3575    i.pm_peers_delete   peer_manager.o
    0x000316e8   0x000316e8   0x0000002c   Code   RO         3578    i.pm_register       peer_manager.o
    0x00031714   0x00031714   0x00000014   Code   RO         3580    i.pm_sec_params_set  peer_manager.o
    0x00031728   0x00031728   0x0000000a   Code   RO         3581    i.pm_sm_evt_handler  peer_manager.o
    0x00031732   0x00031732   0x00000034   Code   RO         4368    i.pnp_id_encode     ble_dis.o
    0x00031766   0x00031766   0x00000002   PAD
    0x00031768   0x00031768   0x000000d0   Code   RO         5016    i.port_event_handle  nrfx_gpiote.o
    0x00031838   0x00031838   0x00000010   Code   RO         5017    i.port_handler_polarity_get  nrfx_gpiote.o
    0x00031848   0x00031848   0x0000003c   Code   RO         8093    i.postfix_process   nrf_log_str_formatter.o
    0x00031884   0x00031884   0x00000098   Code   RO         8094    i.prefix_process    nrf_log_str_formatter.o
    0x0003191c   0x0003191c   0x00000018   Code   RO         5296    i.prs_box_get       nrfx_prs.o
    0x00031934   0x00031934   0x00000070   Code   RO         1559    i.prvAddCurrentTaskToDelayedList  tasks.o
    0x000319a4   0x000319a4   0x000000d0   Code   RO         1560    i.prvAddNewTaskToReadyList  tasks.o
    0x00031a74   0x00031a74   0x00000050   Code   RO         1908    i.prvCheckForValidListAndQueue  timers.o
    0x00031ac4   0x00031ac4   0x00000026   Code   RO         1217    i.prvCopyDataFromQueue  queue.o
    0x00031aea   0x00031aea   0x0000006c   Code   RO         1218    i.prvCopyDataToQueue  queue.o
    0x00031b56   0x00031b56   0x00000014   Code   RO         1561    i.prvDeleteTCB      tasks.o
    0x00031b6a   0x00031b6a   0x00000002   PAD
    0x00031b6c   0x00031b6c   0x00000034   Code   RO         1562    i.prvGetExpectedIdleTime  tasks.o
    0x00031ba0   0x00031ba0   0x0000007c   Code   RO         1563    i.prvIdleTask       tasks.o
    0x00031c1c   0x00031c1c   0x0000008a   Code   RO         1564    i.prvInitialiseNewTask  tasks.o
    0x00031ca6   0x00031ca6   0x00000002   PAD
    0x00031ca8   0x00031ca8   0x00000038   Code   RO         1909    i.prvInsertTimerInActiveList  timers.o
    0x00031ce0   0x00031ce0   0x0000001c   Code   RO         1219    i.prvIsQueueEmpty   queue.o
    0x00031cfc   0x00031cfc   0x000000a4   Code   RO         1910    i.prvProcessReceivedCommands  timers.o
    0x00031da0   0x00031da0   0x000000a4   Code   RO         1911    i.prvProcessTimerOrBlockTask  timers.o
    0x00031e44   0x00031e44   0x00000020   Code   RO         1565    i.prvResetNextTaskUnblockTime  tasks.o
    0x00031e64   0x00031e64   0x00000028   Code   RO         1912    i.prvSampleTimeNow  timers.o
    0x00031e8c   0x00031e8c   0x00000058   Code   RO         1913    i.prvSwitchTimerLists  timers.o
    0x00031ee4   0x00031ee4   0x00000008   Code   RO         1095    i.prvTaskExitError  port_cmsis.o
    0x00031eec   0x00031eec   0x00000020   Code   RO         1566    i.prvTaskIsTaskSuspended  tasks.o
    0x00031f0c   0x00031f0c   0x00000024   Code   RO         1914    i.prvTimerTask      timers.o
    0x00031f30   0x00031f30   0x0000006a   Code   RO         1220    i.prvUnlockQueue    queue.o
    0x00031f9a   0x00031f9a   0x00000002   PAD
    0x00031f9c   0x00031f9c   0x0000004c   Code   RO          977    i.pvPortMalloc      heap_1.o
    0x00031fe8   0x00031fe8   0x00000012   Code   RO         1915    i.pvTimerGetTimerID  timers.o
    0x00031ffa   0x00031ffa   0x00000002   PAD
    0x00031ffc   0x00031ffc   0x0000002c   Code   RO         1096    i.pxPortInitialiseStack  port_cmsis.o
    0x00032028   0x00032028   0x0000001c   Code   RO         6543    i.queue_buf_get     fds.o
    0x00032044   0x00032044   0x00000010   Code   RO         6544    i.queue_buf_store   fds.o
    0x00032054   0x00032054   0x00000014   Code   RO         7406    i.queue_free        nrf_fstorage_sd.o
    0x00032068   0x00032068   0x000000a4   Code   RO         6545    i.queue_process     fds.o
    0x0003210c   0x0003210c   0x000000a0   Code   RO         7407    i.queue_process     nrf_fstorage_sd.o
    0x000321ac   0x000321ac   0x0000001c   Code   RO         6546    i.queue_start       fds.o
    0x000321c8   0x000321c8   0x00000024   Code   RO         7408    i.queue_start       nrf_fstorage_sd.o
    0x000321ec   0x000321ec   0x0000001c   Code   RO         3856    i.rank_highest      peer_manager_handler.o
    0x00032208   0x00032208   0x00000034   Code   RO         3584    i.rank_vars_update  peer_manager.o
    0x0003223c   0x0003223c   0x0000000e   Code   RO         7409    i.read              nrf_fstorage_sd.o
    0x0003224a   0x0003224a   0x00000002   PAD
    0x0003224c   0x0003224c   0x000000a8   Code   RO         3340    i.reattempt_previous_operations  peer_database.o
    0x000322f4   0x000322f4   0x00000090   Code   RO         6547    i.record_find       fds.o
    0x00032384   0x00032384   0x000000a0   Code   RO         6548    i.record_find_by_desc  fds.o
    0x00032424   0x00032424   0x0000005c   Code   RO         6549    i.record_find_next  fds.o
    0x00032480   0x00032480   0x0000003c   Code   RO         6550    i.record_header_flag_dirty  fds.o
    0x000324bc   0x000324bc   0x00000088   Code   RO         6551    i.records_stat      fds.o
    0x00032544   0x00032544   0x00000010   Code   RO         3461    i.release           peer_id.o
    0x00032554   0x00032554   0x00000004   Code   RO         7410    i.rmap              nrf_fstorage_sd.o
    0x00032558   0x00032558   0x00000030   Code   RO           21    i.rr_interval_timeout_handler  main.o
    0x00032588   0x00032588   0x00000032   Code   RO         5369    i.rx_byte           nrfx_uart.o
    0x000325ba   0x000325ba   0x00000016   Code   RO         5370    i.rx_done_event     nrfx_uart.o
    0x000325d0   0x000325d0   0x00000016   Code   RO         5566    i.rx_done_event     nrfx_uarte.o
    0x000325e6   0x000325e6   0x00000002   PAD
    0x000325e8   0x000325e8   0x00000024   Code   RO         2635    i.sc_send_pending_handle  gatt_cache_manager.o
    0x0003260c   0x0003260c   0x00000058   Code   RO         4500    i.sd_state_evt_handler  nrf_drv_clock.o
    0x00032664   0x00032664   0x00000030   Code   RO         8513    i.sdh_request_observer_notify  nrf_sdh.o
    0x00032694   0x00032694   0x0000002c   Code   RO         8514    i.sdh_state_observer_notify  nrf_sdh.o
    0x000326c0   0x000326c0   0x000000d8   Code   RO         4000    i.sec_info_request_process  security_dispatcher.o
    0x00032798   0x00032798   0x000000f4   Code   RO         4001    i.sec_keyset_fill   security_dispatcher.o
    0x0003288c   0x0003288c   0x00000076   Code   RO         4141    i.sec_params_verify  security_manager.o
    0x00032902   0x00032902   0x00000002   PAD
    0x00032904   0x00032904   0x00000060   Code   RO         4002    i.sec_proc_start    security_dispatcher.o
    0x00032964   0x00032964   0x0000005c   Code   RO         4142    i.sec_req_process   security_manager.o
    0x000329c0   0x000329c0   0x00000022   Code   RO         4003    i.send_config_req   security_dispatcher.o
    0x000329e2   0x000329e2   0x00000002   PAD
    0x000329e4   0x000329e4   0x00000010   Code   RO         2322    i.send_error_evt    ble_conn_params.o
    0x000329f4   0x000329f4   0x00000028   Code   RO         2636    i.send_unexpected_error  gatt_cache_manager.o
    0x00032a1c   0x00032a1c   0x00000028   Code   RO         4004    i.send_unexpected_error  security_dispatcher.o
    0x00032a44   0x00032a44   0x00000018   Code   RO           22    i.sensor_contact_detected_timeout_handler  main.o
    0x00032a5c   0x00032a5c   0x00000060   Code   RO           23    i.sensor_simulator_init  main.o
    0x00032abc   0x00032abc   0x0000001c   Code   RO         7704    i.sensorsim_decrement  sensorsim.o
    0x00032ad8   0x00032ad8   0x0000001c   Code   RO         7705    i.sensorsim_increment  sensorsim.o
    0x00032af4   0x00032af4   0x00000016   Code   RO         7706    i.sensorsim_init    sensorsim.o
    0x00032b0a   0x00032b0a   0x0000001a   Code   RO         7707    i.sensorsim_measure  sensorsim.o
    0x00032b24   0x00032b24   0x00000040   Code   RO         7798    i.serial_tx         nrf_log_backend_uart.o
    0x00032b64   0x00032b64   0x00000014   Code   RO         2637    i.service_changed_pending_flags_check  gatt_cache_manager.o
    0x00032b78   0x00032b78   0x00000094   Code   RO         2796    i.service_changed_pending_set  gatts_cache_manager.o
    0x00032c0c   0x00032c0c   0x00000168   Code   RO         2638    i.service_changed_send_in_evt  gatt_cache_manager.o
    0x00032d74   0x00032d74   0x00000088   Code   RO         2127    i.service_data_encode  ble_advdata.o
    0x00032dfc   0x00032dfc   0x000000a8   Code   RO           24    i.services_init     main.o
    0x00032ea4   0x00032ea4   0x00000030   Code   RO         2565    i.set_security_req  ble_srv_common.o
    0x00032ed4   0x00032ed4   0x00000028   Code   RO           25    i.sleep_mode_enter  main.o
    0x00032efc   0x00032efc   0x0000002c   Code   RO         4143    i.sm_ble_evt_handler  security_manager.o
    0x00032f28   0x00032f28   0x000000a2   Code   RO         4145    i.sm_conn_sec_status_get  security_manager.o
    0x00032fca   0x00032fca   0x00000002   PAD
    0x00032fcc   0x00032fcc   0x00000058   Code   RO         4146    i.sm_init           security_manager.o
    0x00033024   0x00033024   0x0000000a   Code   RO         4148    i.sm_link_secure    security_manager.o
    0x0003302e   0x0003302e   0x00000002   PAD
    0x00033030   0x00033030   0x00000044   Code   RO         4149    i.sm_pdb_evt_handler  security_manager.o
    0x00033074   0x00033074   0x00000028   Code   RO         4150    i.sm_sec_is_sufficient  security_manager.o
    0x0003309c   0x0003309c   0x00000034   Code   RO         4152    i.sm_sec_params_set  security_manager.o
    0x000330d0   0x000330d0   0x0000002c   Code   RO         4153    i.sm_smd_evt_handler  security_manager.o
    0x000330fc   0x000330fc   0x000000f4   Code   RO         4005    i.smd_ble_evt_handler  security_dispatcher.o
    0x000331f0   0x000331f0   0x00000068   Code   RO         4007    i.smd_init          security_dispatcher.o
    0x00033258   0x00033258   0x00000028   Code   RO         4008    i.smd_link_secure   security_dispatcher.o
    0x00033280   0x00033280   0x000000ac   Code   RO         4009    i.smd_params_reply  security_dispatcher.o
    0x0003332c   0x0003332c   0x00000040   Code   RO         4154    i.smd_params_reply_perform  security_manager.o
    0x0003336c   0x0003336c   0x00000018   Code   RO         4501    i.soc_evt_handler   nrf_drv_clock.o
    0x00033384   0x00033384   0x00000040   Code   RO         8515    i.softdevice_evt_irq_disable  nrf_sdh.o
    0x000333c4   0x000333c4   0x00000020   Code   RO         8675    i.softdevice_task   nrf_sdh_freertos.o
    0x000333e4   0x000333e4   0x00000058   Code   RO         8516    i.softdevices_evt_irq_enable  nrf_sdh.o
    0x0003343c   0x0003343c   0x00000054   Code   RO           26    i.spi_init          main.o
    0x00033490   0x00033490   0x000000c4   Code   RO         6034    i.spim_xfer         nrfx_spim.o
    0x00033554   0x00033554   0x00000030   Code   RO         6164    i.state_set         app_button.o
    0x00033584   0x00033584   0x00000094   Code   RO         7928    i.std_n             nrf_log_frontend.o
    0x00033618   0x00033618   0x0000006c   Code   RO         2639    i.store_car_value   gatt_cache_manager.o
    0x00033684   0x00033684   0x00000042   Code   RO         4369    i.sys_id_encode     ble_dis.o
    0x000336c6   0x000336c6   0x00000002   PAD
    0x000336c8   0x000336c8   0x00000018   Code   RO         6165    i.timer_start       app_button.o
    0x000336e0   0x000336e0   0x000000a4   Code   RO           27    i.timers_init       main.o
    0x00033784   0x00033784   0x000000bc   Code   RO         5814    i.twi_irq_handler   nrfx_twi.o
    0x00033840   0x00033840   0x0000001e   Code   RO         5815    i.twi_process_error  nrfx_twi.o
    0x0003385e   0x0003385e   0x00000002   PAD
    0x00033860   0x00033860   0x000000c4   Code   RO         5816    i.twi_rx_start_transfer  nrfx_twi.o
    0x00033924   0x00033924   0x00000036   Code   RO         5817    i.twi_send_byte     nrfx_twi.o
    0x0003395a   0x0003395a   0x00000140   Code   RO         5818    i.twi_transfer      nrfx_twi.o
    0x00033a9a   0x00033a9a   0x00000002   PAD
    0x00033a9c   0x00033a9c   0x000000b8   Code   RO         5819    i.twi_tx_start_transfer  nrfx_twi.o
    0x00033b54   0x00033b54   0x00000020   Code   RO         5372    i.tx_byte           nrfx_uart.o
    0x00033b74   0x00033b74   0x0000001a   Code   RO         5373    i.tx_done_event     nrfx_uart.o
    0x00033b8e   0x00033b8e   0x0000001a   Code   RO         5567    i.tx_done_event     nrfx_uarte.o
    0x00033ba8   0x00033ba8   0x00000030   Code   RO         4639    i.uart_evt_handler  nrf_drv_uart.o
    0x00033bd8   0x00033bd8   0x0000000c   Code   RO         7799    i.uart_evt_handler  nrf_log_backend_uart.o
    0x00033be4   0x00033be4   0x00000050   Code   RO         7800    i.uart_init         nrf_log_backend_uart.o
    0x00033c34   0x00033c34   0x0000012a   Code   RO         5374    i.uart_irq_handler  nrfx_uart.o
    0x00033d5e   0x00033d5e   0x00000002   PAD
    0x00033d60   0x00033d60   0x00000030   Code   RO         4640    i.uarte_evt_handler  nrf_drv_uart.o
    0x00033d90   0x00033d90   0x00000112   Code   RO         5568    i.uarte_irq_handler  nrfx_uarte.o
    0x00033ea2   0x00033ea2   0x0000000a   Code   RO         2128    i.uint16_encode     ble_advdata.o
    0x00033eac   0x00033eac   0x0000000c   Code   RO         1221    i.ulPortRaiseBASEPRI  queue.o
    0x00033eb8   0x00033eb8   0x0000000c   Code   RO         1568    i.ulPortRaiseBASEPRI  tasks.o
    0x00033ec4   0x00033ec4   0x0000006c   Code   RO         1569    i.ulTaskNotifyTake  tasks.o
    0x00033f30   0x00033f30   0x00000020   Code   RO         7411    i.uninit            nrf_fstorage_sd.o
    0x00033f50   0x00033f50   0x000000b4   Code   RO         7275    i.unsigned_print    nrf_fprintf_format.o
    0x00034004   0x00034004   0x00000030   Code   RO         2640    i.update_pending_flags_check  gatt_cache_manager.o
    0x00034034   0x00034034   0x00000068   Code   RO         2323    i.update_timeout_handler  ble_conn_params.o
    0x0003409c   0x0003409c   0x00000018   Code   RO         2235    i.use_whitelist     ble_advertising.o
    0x000340b4   0x000340b4   0x0000000c   Code   RO         2410    i.user_flag_is_acquired  ble_conn_state.o
    0x000340c0   0x000340c0   0x00000024   Code   RO         3153    i.user_mem_reply    nrf_ble_qwr.o
    0x000340e4   0x000340e4   0x00000020   Code   RO         6166    i.usr_event         app_button.o
    0x00034104   0x00034104   0x00000030   Code   RO         2129    i.uuid_list_encode  ble_advdata.o
    0x00034134   0x00034134   0x0000009e   Code   RO         2130    i.uuid_list_sized_encode  ble_advdata.o
    0x000341d2   0x000341d2   0x00000026   Code   RO         1025    i.uxListRemove      list.o
    0x000341f8   0x000341f8   0x0000000c   Code   RO           28    i.vApplicationIdleHook  main.o
    0x00034204   0x00034204   0x00000016   Code   RO         1026    i.vListInitialise   list.o
    0x0003421a   0x0003421a   0x00000006   Code   RO         1027    i.vListInitialiseItem  list.o
    0x00034220   0x00034220   0x00000030   Code   RO         1028    i.vListInsert       list.o
    0x00034250   0x00034250   0x00000018   Code   RO         1029    i.vListInsertEnd    list.o
    0x00034268   0x00034268   0x00000014   Code   RO         1098    i.vPortEnterCritical  port_cmsis.o
    0x0003427c   0x0003427c   0x00000014   Code   RO         1099    i.vPortExitCritical  port_cmsis.o
    0x00034290   0x00034290   0x00000002   Code   RO          978    i.vPortFree         heap_1.o
    0x00034292   0x00034292   0x00000002   PAD
    0x00034294   0x00034294   0x00000040   Code   RO         1160    i.vPortSetupTimerInterrupt  port_cmsis_systick.o
    0x000342d4   0x000342d4   0x00000110   Code   RO         1161    i.vPortSuppressTicksAndSleep  port_cmsis_systick.o
    0x000343e4   0x000343e4   0x00000028   Code   RO         1225    i.vQueueAddToRegistry  queue.o
    0x0003440c   0x0003440c   0x00000044   Code   RO         1228    i.vQueueWaitForMessageRestricted  queue.o
    0x00034450   0x00034450   0x00000010   Code   RO         1579    i.vTaskInternalSetTimeOutState  tasks.o
    0x00034460   0x00034460   0x0000000c   Code   RO         1580    i.vTaskMissedYield  tasks.o
    0x0003446c   0x0003446c   0x00000084   Code   RO         1581    i.vTaskNotifyGiveFromISR  tasks.o
    0x000344f0   0x000344f0   0x00000020   Code   RO         1582    i.vTaskPlaceOnEventList  tasks.o
    0x00034510   0x00034510   0x00000028   Code   RO         1583    i.vTaskPlaceOnEventListRestricted  tasks.o
    0x00034538   0x00034538   0x00000070   Code   RO         1588    i.vTaskResume       tasks.o
    0x000345a8   0x000345a8   0x00000050   Code   RO         1590    i.vTaskStartScheduler  tasks.o
    0x000345f8   0x000345f8   0x00000010   Code   RO         1591    i.vTaskStepTick     tasks.o
    0x00034608   0x00034608   0x000000a8   Code   RO         1592    i.vTaskSuspend      tasks.o
    0x000346b0   0x000346b0   0x00000010   Code   RO         1593    i.vTaskSuspendAll   tasks.o
    0x000346c0   0x000346c0   0x00000044   Code   RO         1594    i.vTaskSwitchContext  tasks.o
    0x00034704   0x00034704   0x0000004c   Code   RO          693    i.wakeup_button_cfg  bsp.o
    0x00034750   0x00034750   0x00000004   Code   RO         7412    i.wmap              nrf_fstorage_sd.o
    0x00034754   0x00034754   0x00000050   Code   RO         7413    i.write             nrf_fstorage_sd.o
    0x000347a4   0x000347a4   0x0000014c   Code   RO         3341    i.write_buf_store   peer_database.o
    0x000348f0   0x000348f0   0x00000034   Code   RO         3342    i.write_buffer_record_find  peer_database.o
    0x00034924   0x00034924   0x00000030   Code   RO         3343    i.write_buffer_record_find_next  peer_database.o
    0x00034954   0x00034954   0x0000001c   Code   RO         3344    i.write_buffer_record_invalidate  peer_database.o
    0x00034970   0x00034970   0x0000002c   Code   RO         3345    i.write_buffer_record_release  peer_database.o
    0x0003499c   0x0003499c   0x000000f4   Code   RO         6552    i.write_enqueue     fds.o
    0x00034a90   0x00034a90   0x000000f8   Code   RO         6553    i.write_execute     fds.o
    0x00034b88   0x00034b88   0x00000018   Code   RO         6554    i.write_space_free  fds.o
    0x00034ba0   0x00034ba0   0x00000060   Code   RO         6555    i.write_space_reserve  fds.o
    0x00034c00   0x00034c00   0x0000004c   Code   RO         1100    i.xPortStartScheduler  port_cmsis.o
    0x00034c4c   0x00034c4c   0x00000036   Code   RO         1231    i.xQueueGenericCreate  queue.o
    0x00034c82   0x00034c82   0x00000002   PAD
    0x00034c84   0x00034c84   0x00000078   Code   RO         1232    i.xQueueGenericReset  queue.o
    0x00034cfc   0x00034cfc   0x000000fc   Code   RO         1233    i.xQueueGenericSend  queue.o
    0x00034df8   0x00034df8   0x00000064   Code   RO         1234    i.xQueueGenericSendFromISR  queue.o
    0x00034e5c   0x00034e5c   0x000000f4   Code   RO         1241    i.xQueueReceive     queue.o
    0x00034f50   0x00034f50   0x00000050   Code   RO         1595    i.xTaskCheckForTimeOut  tasks.o
    0x00034fa0   0x00034fa0   0x00000056   Code   RO         1596    i.xTaskCreate       tasks.o
    0x00034ff6   0x00034ff6   0x00000002   PAD
    0x00034ff8   0x00034ff8   0x0000001c   Code   RO         1601    i.xTaskGetSchedulerState  tasks.o
    0x00035014   0x00035014   0x0000000c   Code   RO         1602    i.xTaskGetTickCount  tasks.o
    0x00035020   0x00035020   0x0000000c   Code   RO         1603    i.xTaskGetTickCountFromISR  tasks.o
    0x0003502c   0x0003502c   0x000000a0   Code   RO         1604    i.xTaskIncrementTick  tasks.o
    0x000350cc   0x000350cc   0x00000070   Code   RO         1607    i.xTaskPriorityDisinherit  tasks.o
    0x0003513c   0x0003513c   0x0000006c   Code   RO         1609    i.xTaskRemoveFromEventList  tasks.o
    0x000351a8   0x000351a8   0x000000b4   Code   RO         1610    i.xTaskResumeAll    tasks.o
    0x0003525c   0x0003525c   0x00000038   Code   RO         1917    i.xTimerCreate      timers.o
    0x00035294   0x00035294   0x0000003c   Code   RO         1918    i.xTimerCreateTimerTask  timers.o
    0x000352d0   0x000352d0   0x00000050   Code   RO         1919    i.xTimerGenericCommand  timers.o
    0x00035320   0x00035320   0x0000001c   Data   RO           30    .constdata          main.o
    0x0003533c   0x0003533c   0x00000008   Data   RO          573    .constdata          boards.o
    0x00035344   0x00035344   0x0000002c   Data   RO          698    .constdata          bsp.o
    0x00035370   0x00035370   0x00000004   Data   RO         1101    .constdata          port_cmsis.o
    0x00035374   0x00035374   0x0000006c   Data   RO         2641    .constdata          gatt_cache_manager.o
    0x000353e0   0x000353e0   0x00000004   Data   RO         2797    .constdata          gatts_cache_manager.o
    0x000353e4   0x000353e4   0x00000010   Data   RO         2798    .constdata          gatts_cache_manager.o
    0x000353f4   0x000353f4   0x00000004   Data   RO         2799    .constdata          gatts_cache_manager.o
    0x000353f8   0x000353f8   0x00000008   Data   RO         2906    .constdata          id_manager.o
    0x00035400   0x00035400   0x00000016   Data   RO         3059    .constdata          nrf_ble_gatt.o
    0x00035416   0x00035416   0x00000002   PAD
    0x00035418   0x00035418   0x00000018   Data   RO         3210    .constdata          peer_data_storage.o
    0x00035430   0x00035430   0x00000010   Data   RO         3347    .constdata          peer_database.o
    0x00035440   0x00035440   0x0000002c   Data   RO         3586    .constdata          peer_manager.o
    0x0003546c   0x0003546c   0x00000014   Data   RO         3859    .constdata          peer_manager_handler.o
    0x00035480   0x00035480   0x00000078   Data   RO         4011    .constdata          security_dispatcher.o
    0x000354f8   0x000354f8   0x00000008   Data   RO         4155    .constdata          security_manager.o
    0x00035500   0x00035500   0x00000008   Data   RO         5019    .constdata          nrfx_gpiote.o
    0x00035508   0x00035508   0x00000004   Data   RO         5377    .constdata          nrfx_uart.o
    0x0003550c   0x0003550c   0x00000004   Data   RO         5571    .constdata          nrfx_uarte.o
    0x00035510   0x00035510   0x00000008   Data   RO         6037    .constdata          nrfx_spim.o
    0x00035518   0x00035518   0x00000008   Data   RO         6169    .constdata          app_button.o
    0x00035520   0x00035520   0x00000018   Data   RO         6558    .constdata          fds.o
    0x00035538   0x00035538   0x00000010   Data   RO         7276    .constdata          nrf_fprintf_format.o
    0x00035548   0x00035548   0x0000005e   Data   RO         7322    .constdata          nrf_fstorage.o
    0x000355a6   0x000355a6   0x00000002   PAD
    0x000355a8   0x000355a8   0x00000010   Data   RO         7416    .constdata          nrf_fstorage_sd.o
    0x000355b8   0x000355b8   0x00000020   Data   RO         7417    .constdata          nrf_fstorage_sd.o
    0x000355d8   0x000355d8   0x0000013c   Data   RO         7676    .constdata          nrf_strerror.o
    0x00035714   0x00035714   0x0000000c   Data   RO         7802    .constdata          nrf_log_backend_uart.o
    0x00035720   0x00035720   0x00000020   Data   RO         7803    .constdata          nrf_log_backend_uart.o
    0x00035740   0x00035740   0x0000000c   Data   RO         7933    .constdata          nrf_log_frontend.o
    0x0003574c   0x0003574c   0x00000010   Data   RO         8517    .constdata          nrf_sdh.o
    0x0003575c   0x0003575c   0x00000028   Data   RO         8518    .constdata          nrf_sdh.o
    0x00035784   0x00035784   0x00000010   Data   RO         8519    .constdata          nrf_sdh.o
    0x00035794   0x00035794   0x00000010   Data   RO         8520    .constdata          nrf_sdh.o
    0x000357a4   0x000357a4   0x00000020   Data   RO         8624    .constdata          nrf_sdh_ble.o
    0x000357c4   0x000357c4   0x00000010   Data   RO         8625    .constdata          nrf_sdh_ble.o
    0x000357d4   0x000357d4   0x00000010   Data   RO         8718    .constdata          nrf_sdh_soc.o
    0x000357e4   0x000357e4   0x0000000c   Data   RO         8719    .constdata          nrf_sdh_soc.o
    0x000357f0   0x000357f0   0x00000a00   Data   RO         9027    .constdata          f6x8m.o
    0x000361f0   0x000361f0   0x00002200   Data   RO         9045    .constdata          f16f.o
    0x000383f0   0x000383f0   0x000001f4   Data   RO         9063    .constdata          f24f.o
    0x000385e4   0x000385e4   0x00000294   Data   RO         9081    .constdata          f32f.o
    0x00038878   0x00038878   0x00000010   Data   RO         9101    .constdata          font.o
    0x00038888   0x00038888   0x00000008   PAD
    0x00038890   0x00038890   0x00000048   Data   RO         9286    .constdata          st7789lib.o
    0x000388d8   0x000388d8   0x00000081   Data   RO         9528    .constdata          mc_w.l(ctype_o.o)
    0x00038959   0x00038959   0x00000003   PAD
    0x0003895c   0x0003895c   0x00000004   Data   RO         9529    .constdata          mc_w.l(ctype_o.o)
    0x00038960   0x00038960   0x000001a4   Data   RO         2642    .conststring        gatt_cache_manager.o
    0x00038b04   0x00038b04   0x0000019c   Data   RO         2800    .conststring        gatts_cache_manager.o
    0x00038ca0   0x00038ca0   0x000000a2   Data   RO         3060    .conststring        nrf_ble_gatt.o
    0x00038d42   0x00038d42   0x00000002   PAD
    0x00038d44   0x00038d44   0x000000e8   Data   RO         3211    .conststring        peer_data_storage.o
    0x00038e2c   0x00038e2c   0x00000180   Data   RO         3348    .conststring        peer_database.o
    0x00038fac   0x00038fac   0x00000090   Data   RO         3587    .conststring        peer_manager.o
    0x0003903c   0x0003903c   0x0000030f   Data   RO         3860    .conststring        peer_manager_handler.o
    0x0003934b   0x0003934b   0x00000001   PAD
    0x0003934c   0x0003934c   0x000002b2   Data   RO         4012    .conststring        security_dispatcher.o
    0x000395fe   0x000395fe   0x00000002   PAD
    0x00039600   0x00039600   0x0000017b   Data   RO         4156    .conststring        security_manager.o
    0x0003977b   0x0003977b   0x00000001   PAD
    0x0003977c   0x0003977c   0x00000515   Data   RO         6856    .conststring        hardfault_implementation.o
    0x00039c91   0x00039c91   0x00000003   PAD
    0x00039c94   0x00039c94   0x0000004f   Data   RO         7323    .conststring        nrf_fstorage.o
    0x00039ce3   0x00039ce3   0x00000001   PAD
    0x00039ce4   0x00039ce4   0x000003eb   Data   RO         7677    .conststring        nrf_strerror.o
    0x0003a0cf   0x0003a0cf   0x00000001   PAD
    0x0003a0d0   0x0003a0d0   0x0000005d   Data   RO         8095    .conststring        nrf_log_str_formatter.o
    0x0003a12d   0x0003a12d   0x00000003   PAD
    0x0003a130   0x0003a130   0x00000011   Data   RO         2643    .conststrlit        gatt_cache_manager.o
    0x0003a141   0x0003a141   0x00000003   PAD
    0x0003a144   0x0003a144   0x00000012   Data   RO         2801    .conststrlit        gatts_cache_manager.o
    0x0003a156   0x0003a156   0x00000002   PAD
    0x0003a158   0x0003a158   0x00000010   Data   RO         2908    .conststrlit        id_manager.o
    0x0003a168   0x0003a168   0x0000000d   Data   RO         3061    .conststrlit        nrf_ble_gatt.o
    0x0003a175   0x0003a175   0x00000003   PAD
    0x0003a178   0x0003a178   0x00000011   Data   RO         3212    .conststrlit        peer_data_storage.o
    0x0003a189   0x0003a189   0x00000003   PAD
    0x0003a18c   0x0003a18c   0x00000011   Data   RO         3349    .conststrlit        peer_database.o
    0x0003a19d   0x0003a19d   0x00000003   PAD
    0x0003a1a0   0x0003a1a0   0x0000000d   Data   RO         3588    .conststrlit        peer_manager.o
    0x0003a1ad   0x0003a1ad   0x00000003   PAD
    0x0003a1b0   0x0003a1b0   0x00000015   Data   RO         3863    .conststrlit        peer_manager_handler.o
    0x0003a1c5   0x0003a1c5   0x00000003   PAD
    0x0003a1c8   0x0003a1c8   0x00000011   Data   RO         4013    .conststrlit        security_dispatcher.o
    0x0003a1d9   0x0003a1d9   0x00000003   PAD
    0x0003a1dc   0x0003a1dc   0x00000010   Data   RO         4157    .conststrlit        security_manager.o
    0x0003a1ec   0x0003a1ec   0x00000008   Data   RO         4312    .conststrlit        ble_bas.o
    0x0003a1f4   0x0003a1f4   0x00000006   Data   RO         4507    .conststrlit        nrf_drv_clock.o
    0x0003a1fa   0x0003a1fa   0x00000002   PAD
    0x0003a1fc   0x0003a1fc   0x00000006   Data   RO         4846    .conststrlit        nrfx_clock.o
    0x0003a202   0x0003a202   0x00000002   PAD
    0x0003a204   0x0003a204   0x00000007   Data   RO         5023    .conststrlit        nrfx_gpiote.o
    0x0003a20b   0x0003a20b   0x00000001   PAD
    0x0003a20c   0x0003a20c   0x00000004   Data   RO         5298    .conststrlit        nrfx_prs.o
    0x0003a210   0x0003a210   0x00000005   Data   RO         5380    .conststrlit        nrfx_uart.o
    0x0003a215   0x0003a215   0x00000003   PAD
    0x0003a218   0x0003a218   0x00000006   Data   RO         5574    .conststrlit        nrfx_uarte.o
    0x0003a21e   0x0003a21e   0x00000002   PAD
    0x0003a220   0x0003a220   0x00000004   Data   RO         5826    .conststrlit        nrfx_twi.o
    0x0003a224   0x0003a224   0x00000005   Data   RO         6040    .conststrlit        nrfx_spim.o
    0x0003a229   0x0003a229   0x00000003   PAD
    0x0003a22c   0x0003a22c   0x0000000b   Data   RO         6170    .conststrlit        app_button.o
    0x0003a237   0x0003a237   0x00000001   PAD
    0x0003a238   0x0003a238   0x0000000a   Data   RO         6857    .conststrlit        hardfault_implementation.o
    0x0003a242   0x0003a242   0x00000002   PAD
    0x0003a244   0x0003a244   0x0000000d   Data   RO         7324    .conststrlit        nrf_fstorage.o
    0x0003a251   0x0003a251   0x00000003   PAD
    0x0003a254   0x0003a254   0x00000011   Data   RO         7868    .conststrlit        nrf_log_default_backends.o
    0x0003a265   0x0003a265   0x00000003   PAD
    0x0003a268   0x0003a268   0x00000004   Data   RO         7934    .conststrlit        nrf_log_frontend.o
    0x0003a26c   0x0003a26c   0x00000008   Data   RO         8521    .conststrlit        nrf_sdh.o
    0x0003a274   0x0003a274   0x0000000c   Data   RO         8626    .conststrlit        nrf_sdh_ble.o
    0x0003a280   0x0003a280   0x00000011   Data   RO         8676    .conststrlit        nrf_sdh_freertos.o
    0x0003a291   0x0003a291   0x00000003   PAD
    0x0003a294   0x0003a294   0x0000000c   Data   RO         8720    .conststrlit        nrf_sdh_soc.o
    0x0003a2a0   0x0003a2a0   0x00000020   Data   RO         9742    Region$$Table       anon$$obj.o
    0x0003a2c0   0x0003a2c0   0x00000010   Data   RO         7870    log_backends        nrf_log_default_backends.o
    0x0003a2d0   0x0003a2d0   0x00000008   Data   RO         2645    log_const_data      gatt_cache_manager.o
    0x0003a2d8   0x0003a2d8   0x00000008   Data   RO         2803    log_const_data      gatts_cache_manager.o
    0x0003a2e0   0x0003a2e0   0x00000008   Data   RO         2910    log_const_data      id_manager.o
    0x0003a2e8   0x0003a2e8   0x00000008   Data   RO         3062    log_const_data      nrf_ble_gatt.o
    0x0003a2f0   0x0003a2f0   0x00000008   Data   RO         3214    log_const_data      peer_data_storage.o
    0x0003a2f8   0x0003a2f8   0x00000008   Data   RO         3351    log_const_data      peer_database.o
    0x0003a300   0x0003a300   0x00000008   Data   RO         3590    log_const_data      peer_manager.o
    0x0003a308   0x0003a308   0x00000008   Data   RO         3866    log_const_data      peer_manager_handler.o
    0x0003a310   0x0003a310   0x00000008   Data   RO         4015    log_const_data      security_dispatcher.o
    0x0003a318   0x0003a318   0x00000008   Data   RO         4159    log_const_data      security_manager.o
    0x0003a320   0x0003a320   0x00000008   Data   RO         4313    log_const_data      ble_bas.o
    0x0003a328   0x0003a328   0x00000008   Data   RO         4508    log_const_data      nrf_drv_clock.o
    0x0003a330   0x0003a330   0x00000008   Data   RO         4848    log_const_data      nrfx_clock.o
    0x0003a338   0x0003a338   0x00000008   Data   RO         5024    log_const_data      nrfx_gpiote.o
    0x0003a340   0x0003a340   0x00000008   Data   RO         5300    log_const_data      nrfx_prs.o
    0x0003a348   0x0003a348   0x00000008   Data   RO         5381    log_const_data      nrfx_uart.o
    0x0003a350   0x0003a350   0x00000008   Data   RO         5575    log_const_data      nrfx_uarte.o
    0x0003a358   0x0003a358   0x00000008   Data   RO         5827    log_const_data      nrfx_twi.o
    0x0003a360   0x0003a360   0x00000008   Data   RO         6041    log_const_data      nrfx_spim.o
    0x0003a368   0x0003a368   0x00000008   Data   RO         6172    log_const_data      app_button.o
    0x0003a370   0x0003a370   0x00000008   Data   RO         6859    log_const_data      hardfault_implementation.o
    0x0003a378   0x0003a378   0x00000008   Data   RO         7325    log_const_data      nrf_fstorage.o
    0x0003a380   0x0003a380   0x00000008   Data   RO         7938    log_const_data      nrf_log_frontend.o
    0x0003a388   0x0003a388   0x00000008   Data   RO         8523    log_const_data      nrf_sdh.o
    0x0003a390   0x0003a390   0x00000008   Data   RO         8628    log_const_data      nrf_sdh_ble.o
    0x0003a398   0x0003a398   0x00000008   Data   RO         8678    log_const_data      nrf_sdh_freertos.o
    0x0003a3a0   0x0003a3a0   0x00000008   Data   RO         8721    log_const_data      nrf_sdh_soc.o
    0x0003a3a8   0x0003a3a8   0x00000014   Data   RO         7939    nrf_balloc          nrf_log_frontend.o
    0x0003a3bc   0x0003a3bc   0x00000008   Data   RO         2412    sdh_ble_observers0  ble_conn_state.o
    0x0003a3c4   0x0003a3c4   0x00000010   Data   RO           32    sdh_ble_observers1  main.o
    0x0003a3d4   0x0003a3d4   0x00000008   Data   RO          801    sdh_ble_observers1  bsp_btn_ble.o
    0x0003a3dc   0x0003a3dc   0x00000008   Data   RO         2326    sdh_ble_observers1  ble_conn_params.o
    0x0003a3e4   0x0003a3e4   0x00000008   Data   RO         3591    sdh_ble_observers1  peer_manager.o
    0x0003a3ec   0x0003a3ec   0x00000018   Data   RO           33    sdh_ble_observers2  main.o
    0x0003a404   0x0003a404   0x00000008   Data   RO           34    sdh_ble_observers3  main.o
    0x0003a40c   0x0003a40c   0x00000008   Data   RO         7419    sdh_req_observers0  nrf_fstorage_sd.o
    0x0003a414   0x0003a414   0x00000008   Data   RO         4509    sdh_soc_observers0  nrf_drv_clock.o
    0x0003a41c   0x0003a41c   0x00000008   Data   RO         7420    sdh_soc_observers0  nrf_fstorage_sd.o
    0x0003a424   0x0003a424   0x00000008   Data   RO         8629    sdh_stack_observers0  nrf_sdh_ble.o
    0x0003a42c   0x0003a42c   0x00000008   Data   RO         8722    sdh_stack_observers0  nrf_sdh_soc.o
    0x0003a434   0x0003a434   0x00000008   Data   RO         4510    sdh_state_observers0  nrf_drv_clock.o
    0x0003a43c   0x0003a43c   0x00000008   Data   RO         7421    sdh_state_observers0  nrf_fstorage_sd.o


    Execution Region RW_IRAM1 (Exec base: 0x20005978, Load base: 0x0003a444, Size: 0x0002f048, Max: 0x0003a688, ABSOLUTE, COMPRESSED[0x000000e4])

    Exec Addr    Load Addr    Size         Type   Attr      Idx    E Section Name        Object

    0x20005978   COMPRESSED   0x0000004c   Data   RW           31    .data               main.o
    0x200059c4   COMPRESSED   0x00000010   Data   RW          699    .data               bsp.o
    0x200059d4   COMPRESSED   0x00000008   Data   RW          800    .data               bsp_btn_ble.o
    0x200059dc   COMPRESSED   0x00000008   Data   RW          982    .data               heap_1.o
    0x200059e4   COMPRESSED   0x00000004   Data   RW         1102    .data               port_cmsis.o
    0x200059e8   COMPRESSED   0x0000003c   Data   RW         1613    .data               tasks.o
    0x20005a24   COMPRESSED   0x00000014   Data   RW         1927    .data               timers.o
    0x20005a38   COMPRESSED   0x00000008   Data   RW         2325    .data               ble_conn_params.o
    0x20005a40   COMPRESSED   0x00000010   Data   RW         2644    .data               gatt_cache_manager.o
    0x20005a50   COMPRESSED   0x0000000c   Data   RW         2802    .data               gatts_cache_manager.o
    0x20005a5c   COMPRESSED   0x0000000c   Data   RW         3213    .data               peer_data_storage.o
    0x20005a68   COMPRESSED   0x00000008   Data   RW         3350    .data               peer_database.o
    0x20005a70   COMPRESSED   0x00000010   Data   RW         3589    .data               peer_manager.o
    0x20005a80   COMPRESSED   0x00000060   Data   RW         3864    .data               peer_manager_handler.o
    0x20005ae0   COMPRESSED   0x00000005   Data   RW         4014    .data               security_dispatcher.o
    0x20005ae5   COMPRESSED   0x00000003   PAD
    0x20005ae8   COMPRESSED   0x00000015   Data   RW         4158    .data               security_manager.o
    0x20005afd   COMPRESSED   0x00000001   PAD
    0x20005afe   COMPRESSED   0x0000004a   Data   RW         4370    .data               ble_dis.o
    0x20005b48   COMPRESSED   0x00000014   Data   RW         4641    .data               nrf_drv_uart.o
    0x20005b5c   COMPRESSED   0x00000008   Data   RW         4847    .data               nrfx_clock.o
    0x20005b64   COMPRESSED   0x00000008   Data   RW         5299    .data               nrfx_prs.o
    0x20005b6c   COMPRESSED   0x00000004   PAD
    0x20005b70   COMPRESSED   0x00000018   Data   RW         6171    .data               app_button.o
    0x20005b88   COMPRESSED   0x00000030   Data   RW         6559    .data               fds.o
    0x20005bb8   COMPRESSED   0x00000068   Data   RW         6858    .data               hardfault_implementation.o
    0x20005c20   COMPRESSED   0x00000008   Data   RW         7418    .data               nrf_fstorage_sd.o
    0x20005c28   COMPRESSED   0x00000018   Data   RW         7804    .data               nrf_log_backend_uart.o
    0x20005c40   COMPRESSED   0x00000008   Data   RW         7869    .data               nrf_log_default_backends.o
    0x20005c48   COMPRESSED   0x00000004   Data   RW         7935    .data               nrf_log_frontend.o
    0x20005c4c   COMPRESSED   0x00000008   Data   RW         7936    .data               nrf_log_frontend.o
    0x20005c54   COMPRESSED   0x00000008   Data   RW         7937    .data               nrf_log_frontend.o
    0x20005c5c   COMPRESSED   0x00000040   Data   RW         8096    .data               nrf_log_str_formatter.o
    0x20005c9c   COMPRESSED   0x00000003   Data   RW         8522    .data               nrf_sdh.o
    0x20005c9f   COMPRESSED   0x00000001   Data   RW         8627    .data               nrf_sdh_ble.o
    0x20005ca0   COMPRESSED   0x00000008   Data   RW         8677    .data               nrf_sdh_freertos.o
    0x20005ca8   COMPRESSED   0x00000020   Data   RW         8801    .data               calendarlib.o
    0x20005cc8   COMPRESSED   0x0000000c   Data   RW         9287    .data               st7789lib.o
    0x20005cd4   COMPRESSED   0x00000004   Data   RW         9447    .data               system_nrf52840.o
    0x20005cd8   COMPRESSED   0x00000014   Data   RW         6560    fs_data             fds.o
    0x20005cec        -       0x0002c6e6   Zero   RW           29    .bss                main.o
    0x200323d2   COMPRESSED   0x00000002   PAD
    0x200323d4        -       0x00000020   Zero   RW          694    .bss                bsp.o
    0x200323f4        -       0x00000020   Zero   RW          695    .bss                bsp.o
    0x20032414        -       0x0000000c   Zero   RW          696    .bss                bsp.o
    0x20032420        -       0x00000020   Zero   RW          697    .bss                bsp.o
    0x20032440        -       0x00001000   Zero   RW          981    .bss                heap_1.o
    0x20033440        -       0x00000010   Zero   RW         1245    .bss                queue.o
    0x20033450        -       0x000000a0   Zero   RW         1612    .bss                tasks.o
    0x200334f0        -       0x00000028   Zero   RW         1926    .bss                timers.o
    0x20033518        -       0x00000050   Zero   RW         2324    .bss                ble_conn_params.o
    0x20033568        -       0x0000007c   Zero   RW         2411    .bss                ble_conn_state.o
    0x200335e4        -       0x000000d8   Zero   RW         2905    .bss                id_manager.o
    0x200336bc        -       0x00000180   Zero   RW         3346    .bss                peer_database.o
    0x2003383c        -       0x00000040   Zero   RW         3462    .bss                peer_id.o
    0x2003387c        -       0x0000000c   Zero   RW         3585    .bss                peer_manager.o
    0x20033888        -       0x00000040   Zero   RW         4010    .bss                security_dispatcher.o
    0x200338c8        -       0x00000014   Zero   RW         4502    .bss                nrf_drv_clock.o
    0x200338dc        -       0x0000006c   Zero   RW         5018    .bss                nrfx_gpiote.o
    0x20033948        -       0x0000002c   Zero   RW         5375    .bss                nrfx_uart.o
    0x20033974        -       0x00000024   Zero   RW         5569    .bss                nrfx_uarte.o
    0x20033998        -       0x0000003c   Zero   RW         5821    .bss                nrfx_twi.o
    0x200339d4        -       0x00000048   Zero   RW         6035    .bss                nrfx_spim.o
    0x20033a1c        -       0x00000020   Zero   RW         6167    .bss                app_button.o
    0x20033a3c        -       0x00000020   Zero   RW         6168    .bss                app_button.o
    0x20033a5c        -       0x0000000c   Zero   RW         6414    .bss                app_util_platform.o
    0x20033a68        -       0x00000010   Zero   RW         6556    .bss                fds.o
    0x20033a78        -       0x000000e0   Zero   RW         6557    .bss                fds.o
    0x20033b58        -       0x00000010   Zero   RW         7414    .bss                nrf_fstorage_sd.o
    0x20033b68        -       0x000000a0   Zero   RW         7415    .bss                nrf_fstorage_sd.o
    0x20033c08        -       0x00000040   Zero   RW         7801    .bss                nrf_log_backend_uart.o
    0x20033c48        -       0x000000c0   Zero   RW         7929    .bss                nrf_log_frontend.o
    0x20033d08        -       0x00000080   Zero   RW         7930    .bss                nrf_log_frontend.o
    0x20033d88        -       0x00000018   Zero   RW         7931    .bss                nrf_log_frontend.o
    0x20033da0        -       0x00000420   Zero   RW         7932    .bss                nrf_log_frontend.o
    0x200341c0        -       0x00000800   Zero   RW         9435    STACK               arm_startup_nrf52840.o


==============================================================================

Image component sizes


      Code (inc. data)   RO Data    RW Data    ZI Data      Debug   Object Name

       664         66         27         24         64      17558   app_button.o
        22          0          0          0          0       2485   app_error.o
       132         46          0          0          0      34093   app_error_weak.o
       386         20          0          0          0      10979   app_timer_freertos.o
       124         14          0          0         12      10602   app_util_platform.o
        36          8        512          0       2048        916   arm_startup_nrf52840.o
      1338          0          0          0          0      53180   ble_advdata.o
      1064          6          0          0          0      10883   ble_advertising.o
       502          0         16          0          0       6367   ble_bas.o
       636         44          8          8         80       9155   ble_conn_params.o
       784         66          8          0        124      16011   ble_conn_state.o
       530         12          0         74          0       5479   ble_dis.o
       596          0          0          0          0       7241   ble_hrs.o
       656          6          0          0          0       5756   ble_srv_common.o
       440         46          8          0          0      14719   boards.o
       984         94         44         16        108      15743   bsp.o
       252         10          8          8          0       4704   bsp_btn_ble.o
        48          8          0         32          0       3092   calendarlib.o
       602          0          0          0          0      18791   dispcolor.o
         0          0          0          0          0      15012   event_groups.o
        16          4       8704          0          0       1199   f16f.o
        36          4        500          0          0       1241   f24f.o
        32          4        660          0          0       1241   f32f.o
        16          4       2560          0          0       1199   f6x8m.o
      3872        348         24         68        240      88992   fds.o
        24          6         16          0          0       2389   font.o
      2152        552        553         16          0      33447   gatt_cache_manager.o
       686         84        462         12          0      16387   gatts_cache_manager.o
        52         14          0          0          0        604   hardfault_handler_keil.o
       500        276       1319        104          0       3732   hardfault_implementation.o
        78          8          0          8       4096       2419   heap_1.o
       946         34         32          0        216      14768   id_manager.o
       138          0          0          0          0       3862   list.o
      2318        382         76         76     181990     238981   main.o
       342          0          0          0          0       6574   nrf_atfifo.o
       170          0          0          0          0       4716   nrf_atflags.o
       332          0          0          0          0       9918   nrf_atomic.o
       164          0          0          0          0       3560   nrf_balloc.o
       922        272        205          0          0      37071   nrf_ble_gatt.o
       276          0          0          0          0       4613   nrf_ble_qwr.o
       418         42         30          0         20      45070   nrf_drv_clock.o
       200         26          0         20          0      17652   nrf_drv_uart.o
        50          0          0          0          0       3461   nrf_fprintf.o
       866          4         16          0          0       6470   nrf_fprintf_format.o
       972        432        194          0          0       7872   nrf_fstorage.o
       798         82         72          8        176      15699   nrf_fstorage_sd.o
       200          0          0          0          0      11529   nrf_log_backend_serial.o
       232         44         44         24         64      15706   nrf_log_backend_uart.o
        28          4         33          8          0       3293   nrf_log_default_backends.o
      1516        128         44         20       1400      31104   nrf_log_frontend.o
       570        108         93         64          0       5556   nrf_log_str_formatter.o
       346          0          0          0          0       7947   nrf_memobj.o
        28          0          0          0          0       2315   nrf_ringbuf.o
       556         60        104          3          0      44455   nrf_sdh.o
       264         20         76          1          0       5429   nrf_sdh_ble.o
       196         68         25          8          0       3256   nrf_sdh_freertos.o
        60          4         56          0          0       2420   nrf_sdh_soc.o
        78          0          0          0          0       2708   nrf_section_iter.o
        76         10       1319          0          0       2675   nrf_strerror.o
       274         38         14          8          0      47553   nrfx_clock.o
      1386        108         23          0        108      66277   nrfx_gpiote.o
       112         16         12          8          0       4392   nrfx_prs.o
      1048         34         21          0         72      24878   nrfx_spim.o
      1010         16         12          0         60      17368   nrfx_twi.o
      1354         48         17          0         44      31173   nrfx_uart.o
      1356         48         18          0         36      26639   nrfx_uarte.o
      1172        144        281         12          0      15782   peer_data_storage.o
      1434        260        425          8        384      19182   peer_database.o
       314         38          0          0         64       8931   peer_id.o
      1678        454        217         16         12      19543   peer_manager.o
      1824        842        832         96          0       9212   peer_manager_handler.o
       234          0          0          0          0       5347   pm_buffer.o
       160         14          0          0          0        676   port.o
       168         34          4          4          0      40702   port_cmsis.o
       452         36          0          0          0      46318   port_cmsis_systick.o
      1170         22          0          0         16      14146   queue.o
      1944        268        835          5         64      26551   security_dispatcher.o
      1372        122        411         21          0      54154   security_manager.o
       104          0          0          0          0       3339   sensorsim.o
      1050         62         72         12          0      20668   st7789lib.o
       468         62          0          4          0      12767   system_nrf52840.o
      2356        228          0         60        160      28793   tasks.o
       842         82          0         20         40      11362   timers.o

    ----------------------------------------------------------------------
     53708       6446      21148        884     191700    1530049   Object Totals
         0          0         32          0          0          0   (incl. Generated)
       104          0         74          8          2          0   (incl. Padding)

    ----------------------------------------------------------------------

      Code (inc. data)   RO Data    RW Data    ZI Data      Debug   Library Member Name

        86          0          0          0          0          0   __dczerorl2.o
         8          4        133          0          0         68   ctype_o.o
         0          0          0          0          0          0   entry.o
         0          0          0          0          0          0   entry10a.o
         0          0          0          0          0          0   entry11a.o
         8          4          0          0          0          0   entry2.o
         4          0          0          0          0          0   entry5.o
         0          0          0          0          0          0   entry7b.o
         0          0          0          0          0          0   entry8b.o
         8          4          0          0          0          0   entry9a.o
        30          0          0          0          0          0   handlers.o
        36          8          0          0          0         68   init.o
         0          0          0          0          0          0   iusefp.o
        30          0          0          0          0         68   llshl.o
        36          0          0          0          0         68   llsshr.o
        32          0          0          0          0         68   llushr.o
        26          0          0          0          0         80   memcmp.o
        64          0          0          0          0         76   memmovea.o
        36          0          0          0          0        108   memseta.o
      2292         84          0          0          0        516   printfa.o
        14          0          0          0          0         68   strlen.o
        44          0          0          0          0         80   uidiv.o
        98          0          0          0          0         92   uldiv.o
        48          0          0          0          0         68   cdrcmple.o
       334          0          0          0          0        148   dadd.o
       222          0          0          0          0        100   ddiv.o
       186          0          0          0          0        176   depilogue.o
        48          0          0          0          0         68   dfixul.o
       228          0          0          0          0         96   dmul.o

    ----------------------------------------------------------------------
      3924        104        136          0          0       2016   Library Totals
         6          0          3          0          0          0   (incl. Padding)

    ----------------------------------------------------------------------

      Code (inc. data)   RO Data    RW Data    ZI Data      Debug   Library Name

      2852        104        133          0          0       1360   mc_w.l
      1066          0          0          0          0        656   mf_w.l

    ----------------------------------------------------------------------
      3924        104        136          0          0       2016   Library Totals

    ----------------------------------------------------------------------

==============================================================================


      Code (inc. data)   RO Data    RW Data    ZI Data      Debug   

     57632       6550      21284        884     191700    1463161   Grand Totals
     57632       6550      21284        228     191700    1463161   ELF Image Totals (compressed)
     57632       6550      21284        228          0          0   ROM Totals

==============================================================================

    Total RO  Size (Code + RO Data)                78916 (  77.07kB)
    Total RW  Size (RW Data + ZI Data)            192584 ( 188.07kB)
    Total ROM Size (Code + RO Data + RW Data)      79144 (  77.29kB)

==============================================================================

